Archive member included to satisfy reference by file (symbol)

c:/st/stm32cubeide_1.5.1/stm32cubeide/plugins/com.st.stm32cube.ide.mcu.externaltools.gnu-tools-for-stm32.7-2018-q2-update.win32_1.5.0.202011040924/tools/bin/../lib/gcc/arm-none-eabi/7.3.1/../../../../arm-none-eabi/lib/thumb/v6-m\libstdc++_nano.a(del_ops.o)
                              Watec_Apps/power/power.o (operator delete(void*, unsigned int))
c:/st/stm32cubeide_1.5.1/stm32cubeide/plugins/com.st.stm32cube.ide.mcu.externaltools.gnu-tools-for-stm32.7-2018-q2-update.win32_1.5.0.202011040924/tools/bin/../lib/gcc/arm-none-eabi/7.3.1/../../../../arm-none-eabi/lib/thumb/v6-m\libstdc++_nano.a(del_op.o)
                              c:/st/stm32cubeide_1.5.1/stm32cubeide/plugins/com.st.stm32cube.ide.mcu.externaltools.gnu-tools-for-stm32.7-2018-q2-update.win32_1.5.0.202011040924/tools/bin/../lib/gcc/arm-none-eabi/7.3.1/../../../../arm-none-eabi/lib/thumb/v6-m\libstdc++_nano.a(del_ops.o) (operator delete(void*))
c:/st/stm32cubeide_1.5.1/stm32cubeide/plugins/com.st.stm32cube.ide.mcu.externaltools.gnu-tools-for-stm32.7-2018-q2-update.win32_1.5.0.202011040924/tools/bin/../lib/gcc/arm-none-eabi/7.3.1/../../../../arm-none-eabi/lib/thumb/v6-m\libc_nano.a(lib_a-atoi.o)
                              Core/Src/main.o (atoi)
c:/st/stm32cubeide_1.5.1/stm32cubeide/plugins/com.st.stm32cube.ide.mcu.externaltools.gnu-tools-for-stm32.7-2018-q2-update.win32_1.5.0.202011040924/tools/bin/../lib/gcc/arm-none-eabi/7.3.1/../../../../arm-none-eabi/lib/thumb/v6-m\libc_nano.a(lib_a-errno.o)
                              Core/Src/syscalls.o (__errno)
c:/st/stm32cubeide_1.5.1/stm32cubeide/plugins/com.st.stm32cube.ide.mcu.externaltools.gnu-tools-for-stm32.7-2018-q2-update.win32_1.5.0.202011040924/tools/bin/../lib/gcc/arm-none-eabi/7.3.1/../../../../arm-none-eabi/lib/thumb/v6-m\libc_nano.a(lib_a-exit.o)
                              c:/st/stm32cubeide_1.5.1/stm32cubeide/plugins/com.st.stm32cube.ide.mcu.externaltools.gnu-tools-for-stm32.7-2018-q2-update.win32_1.5.0.202011040924/tools/bin/../lib/gcc/arm-none-eabi/7.3.1/../../../../arm-none-eabi/lib/thumb/v6-m/crt0.o (exit)
c:/st/stm32cubeide_1.5.1/stm32cubeide/plugins/com.st.stm32cube.ide.mcu.externaltools.gnu-tools-for-stm32.7-2018-q2-update.win32_1.5.0.202011040924/tools/bin/../lib/gcc/arm-none-eabi/7.3.1/../../../../arm-none-eabi/lib/thumb/v6-m\libc_nano.a(lib_a-impure.o)
                              c:/st/stm32cubeide_1.5.1/stm32cubeide/plugins/com.st.stm32cube.ide.mcu.externaltools.gnu-tools-for-stm32.7-2018-q2-update.win32_1.5.0.202011040924/tools/bin/../lib/gcc/arm-none-eabi/7.3.1/../../../../arm-none-eabi/lib/thumb/v6-m\libc_nano.a(lib_a-exit.o) (_global_impure_ptr)
c:/st/stm32cubeide_1.5.1/stm32cubeide/plugins/com.st.stm32cube.ide.mcu.externaltools.gnu-tools-for-stm32.7-2018-q2-update.win32_1.5.0.202011040924/tools/bin/../lib/gcc/arm-none-eabi/7.3.1/../../../../arm-none-eabi/lib/thumb/v6-m\libc_nano.a(lib_a-init.o)
                              c:/st/stm32cubeide_1.5.1/stm32cubeide/plugins/com.st.stm32cube.ide.mcu.externaltools.gnu-tools-for-stm32.7-2018-q2-update.win32_1.5.0.202011040924/tools/bin/../lib/gcc/arm-none-eabi/7.3.1/../../../../arm-none-eabi/lib/thumb/v6-m/crt0.o (__libc_init_array)
c:/st/stm32cubeide_1.5.1/stm32cubeide/plugins/com.st.stm32cube.ide.mcu.externaltools.gnu-tools-for-stm32.7-2018-q2-update.win32_1.5.0.202011040924/tools/bin/../lib/gcc/arm-none-eabi/7.3.1/../../../../arm-none-eabi/lib/thumb/v6-m\libc_nano.a(lib_a-malloc.o)
                              c:/st/stm32cubeide_1.5.1/stm32cubeide/plugins/com.st.stm32cube.ide.mcu.externaltools.gnu-tools-for-stm32.7-2018-q2-update.win32_1.5.0.202011040924/tools/bin/../lib/gcc/arm-none-eabi/7.3.1/../../../../arm-none-eabi/lib/thumb/v6-m\libstdc++_nano.a(del_op.o) (free)
c:/st/stm32cubeide_1.5.1/stm32cubeide/plugins/com.st.stm32cube.ide.mcu.externaltools.gnu-tools-for-stm32.7-2018-q2-update.win32_1.5.0.202011040924/tools/bin/../lib/gcc/arm-none-eabi/7.3.1/../../../../arm-none-eabi/lib/thumb/v6-m\libc_nano.a(lib_a-memcpy-stub.o)
                              Core/Src/main.o (memcpy)
c:/st/stm32cubeide_1.5.1/stm32cubeide/plugins/com.st.stm32cube.ide.mcu.externaltools.gnu-tools-for-stm32.7-2018-q2-update.win32_1.5.0.202011040924/tools/bin/../lib/gcc/arm-none-eabi/7.3.1/../../../../arm-none-eabi/lib/thumb/v6-m\libc_nano.a(lib_a-memset.o)
                              c:/st/stm32cubeide_1.5.1/stm32cubeide/plugins/com.st.stm32cube.ide.mcu.externaltools.gnu-tools-for-stm32.7-2018-q2-update.win32_1.5.0.202011040924/tools/bin/../lib/gcc/arm-none-eabi/7.3.1/../../../../arm-none-eabi/lib/thumb/v6-m/crt0.o (memset)
c:/st/stm32cubeide_1.5.1/stm32cubeide/plugins/com.st.stm32cube.ide.mcu.externaltools.gnu-tools-for-stm32.7-2018-q2-update.win32_1.5.0.202011040924/tools/bin/../lib/gcc/arm-none-eabi/7.3.1/../../../../arm-none-eabi/lib/thumb/v6-m\libc_nano.a(lib_a-nano-freer.o)
[...]
Memory Configuration

Name             Origin             Length             Attributes
RAM              0x0000000020000000 0x0000000000005000 xrw
FLASH            0x0000000008000000 0x0000000000030000 xr
*default*        0x0000000000000000 0xffffffffffffffff

Linker script and memory map

LOAD c:/st/stm32cubeide_1.5.1/stm32cubeide/plugins/com.st.stm32cube.ide.mcu.externaltools.gnu-tools-for-stm32.7-2018-q2-update.win32_1.5.0.202011040924/tools/bin/../lib/gcc/arm-none-eabi/7.3.1/thumb/v6-m/crti.o
LOAD c:/st/stm32cubeide_1.5.1/stm32cubeide/plugins/com.st.stm32cube.ide.mcu.externaltools.gnu-tools-for-stm32.7-2018-q2-update.win32_1.5.0.202011040924/tools/bin/../lib/gcc/arm-none-eabi/7.3.1/thumb/v6-m/crtbegin.o
LOAD c:/st/stm32cubeide_1.5.1/stm32cubeide/plugins/com.st.stm32cube.ide.mcu.externaltools.gnu-tools-for-stm32.7-2018-q2-update.win32_1.5.0.202011040924/tools/bin/../lib/gcc/arm-none-eabi/7.3.1/../../../../arm-none-eabi/lib/thumb/v6-m/crt0.o
LOAD Core/Src/adc.o
LOAD Core/Src/gpio.o
LOAD Core/Src/i2c.o
LOAD Core/Src/main.o
LOAD Core/Src/rtc.o
LOAD Core/Src/stm32l0xx_hal_msp.o
LOAD Core/Src/stm32l0xx_it.o
LOAD Core/Src/syscalls.o
LOAD Core/Src/sysmem.o
LOAD Core/Src/system_stm32l0xx.o
LOAD Core/Src/tim.o
LOAD Core/Src/usart.o
LOAD Core/Startup/startup_stm32l073rztx.o
LOAD Drivers/STM32L0xx_HAL_Driver/Src/stm32l0xx_hal.o
LOAD Drivers/STM32L0xx_HAL_Driver/Src/stm32l0xx_hal_adc.o
LOAD Drivers/STM32L0xx_HAL_Driver/Src/stm32l0xx_hal_adc_ex.o
LOAD Drivers/STM32L0xx_HAL_Driver/Src/stm32l0xx_hal_cortex.o
LOAD Drivers/STM32L0xx_HAL_Driver/Src/stm32l0xx_hal_dma.o
LOAD Drivers/STM32L0xx_HAL_Driver/Src/stm32l0xx_hal_exti.o
LOAD Drivers/STM32L0xx_HAL_Driver/Src/stm32l0xx_hal_flash.o
LOAD Drivers/STM32L0xx_HAL_Driver/Src/stm32l0xx_hal_flash_ex.o
LOAD Drivers/STM32L0xx_HAL_Driver/Src/stm32l0xx_hal_flash_ramfunc.o
LOAD Drivers/STM32L0xx_HAL_Driver/Src/stm32l0xx_hal_gpio.o
LOAD Drivers/STM32L0xx_HAL_Driver/Src/stm32l0xx_hal_i2c.o
LOAD Drivers/STM32L0xx_HAL_Driver/Src/stm32l0xx_hal_i2c_ex.o
LOAD Drivers/STM32L0xx_HAL_Driver/Src/stm32l0xx_hal_pwr.o
LOAD Drivers/STM32L0xx_HAL_Driver/Src/stm32l0xx_hal_pwr_ex.o
LOAD Drivers/STM32L0xx_HAL_Driver/Src/stm32l0xx_hal_rcc.o
LOAD Drivers/STM32L0xx_HAL_Driver/Src/stm32l0xx_hal_rcc_ex.o
LOAD Drivers/STM32L0xx_HAL_Driver/Src/stm32l0xx_hal_rtc.o
LOAD Drivers/STM32L0xx_HAL_Driver/Src/stm32l0xx_hal_rtc_ex.o
LOAD Drivers/STM32L0xx_HAL_Driver/Src/stm32l0xx_hal_tim.o
LOAD Drivers/STM32L0xx_HAL_Driver/Src/stm32l0xx_hal_tim_ex.o
LOAD Drivers/STM32L0xx_HAL_Driver/Src/stm32l0xx_hal_uart.o
LOAD Drivers/STM32L0xx_HAL_Driver/Src/stm32l0xx_hal_uart_ex.o
LOAD Watec_Apps/debug/debug.o
LOAD Watec_Apps/lrwan/lrwan.o
LOAD Watec_Apps/power/power.o
LOAD Watec_Apps/sim7x00/sim7x00.o
LOAD Watec_Apps/ssd1306_oled/Stm32ssd1306oled.o
LOAD Watec_Apps/ssd1306_oled/fonts.o
LOAD Watec_Apps/ssd1306_oled/test.o
START GROUP
LOAD c:/st/stm32cubeide_1.5.1/stm32cubeide/plugins/com.st.stm32cube.ide.mcu.externaltools.gnu-tools-for-stm32.7-2018-q2-update.win32_1.5.0.202011040924/tools/bin/../lib/gcc/arm-none-eabi/7.3.1/../../../../arm-none-eabi/lib/thumb/v6-m\libstdc++_nano.a
LOAD c:/st/stm32cubeide_1.5.1/stm32cubeide/plugins/com.st.stm32cube.ide.mcu.externaltools.gnu-tools-for-stm32.7-2018-q2-update.win32_1.5.0.202011040924/tools/bin/../lib/gcc/arm-none-eabi/7.3.1/../../../../arm-none-eabi/lib/thumb/v6-m\libsupc++_nano.a
END GROUP
LOAD c:/st/stm32cubeide_1.5.1/stm32cubeide/plugins/com.st.stm32cube.ide.mcu.externaltools.gnu-tools-for-stm32.7-2018-q2-update.win32_1.5.0.202011040924/tools/bin/../lib/gcc/arm-none-eabi/7.3.1/../../../../arm-none-eabi/lib/thumb/v6-m\libstdc++_nano.a
LOAD c:/st/stm32cubeide_1.5.1/stm32cubeide/plugins/com.st.stm32cube.ide.mcu.externaltools.gnu-tools-for-stm32.7-2018-q2-update.win32_1.5.0.202011040924/tools/bin/../lib/gcc/arm-none-eabi/7.3.1/../../../../arm-none-eabi/lib/thumb/v6-m\libm.a
LOAD c:/st/stm32cubeide_1.5.1/stm32cubeide/plugins/com.st.stm32cube.ide.mcu.externaltools.gnu-tools-for-stm32.7-2018-q2-update.win32_1.5.0.202011040924/tools/bin/../lib/gcc/arm-none-eabi/7.3.1/../../../../arm-none-eabi/lib/thumb/v6-m\libc_nano.a
START GROUP
LOAD c:/st/stm32cubeide_1.5.1/stm32cubeide/plugins/com.st.stm32cube.ide.mcu.externaltools.gnu-tools-for-stm32.7-2018-q2-update.win32_1.5.0.202011040924/tools/bin/../lib/gcc/arm-none-eabi/7.3.1/thumb/v6-m\libgcc.a
LOAD c:/st/stm32cubeide_1.5.1/stm32cubeide/plugins/com.st.stm32cube.ide.mcu.externaltools.gnu-tools-for-stm32.7-2018-q2-update.win32_1.5.0.202011040924/tools/bin/../lib/gcc/arm-none-eabi/7.3.1/../../../../arm-none-eabi/lib/thumb/v6-m\libc_nano.a
END GROUP
START GROUP
LOAD c:/st/stm32cubeide_1.5.1/stm32cubeide/plugins/com.st.stm32cube.ide.mcu.externaltools.gnu-tools-for-stm32.7-2018-q2-update.win32_1.5.0.202011040924/tools/bin/../lib/gcc/arm-none-eabi/7.3.1/thumb/v6-m\libgcc.a
LOAD c:/st/stm32cubeide_1.5.1/stm32cubeide/plugins/com.st.stm32cube.ide.mcu.externaltools.gnu-tools-for-stm32.7-2018-q2-update.win32_1.5.0.202011040924/tools/bin/../lib/gcc/arm-none-eabi/7.3.1/../../../../arm-none-eabi/lib/thumb/v6-m\libc_nano.a
LOAD c:/st/stm32cubeide_1.5.1/stm32cubeide/plugins/com.st.stm32cube.ide.mcu.externaltools.gnu-tools-for-stm32.7-2018-q2-update.win32_1.5.0.202011040924/tools/bin/../lib/gcc/arm-none-eabi/7.3.1/../../../../arm-none-eabi/lib/thumb/v6-m\libnosys.a
END GROUP
START GROUP
LOAD c:/st/stm32cubeide_1.5.1/stm32cubeide/plugins/com.st.stm32cube.ide.mcu.externaltools.gnu-tools-for-stm32.7-2018-q2-update.win32_1.5.0.202011040924/tools/bin/../lib/gcc/arm-none-eabi/7.3.1/thumb/v6-m\libgcc.a
LOAD c:/st/stm32cubeide_1.5.1/stm32cubeide/plugins/com.st.stm32cube.ide.mcu.externaltools.gnu-tools-for-stm32.7-2018-q2-update.win32_1.5.0.202011040924/tools/bin/../lib/gcc/arm-none-eabi/7.3.1/../../../../arm-none-eabi/lib/thumb/v6-m\libc_nano.a
LOAD c:/st/stm32cubeide_1.5.1/stm32cubeide/plugins/com.st.stm32cube.ide.mcu.externaltools.gnu-tools-for-stm32.7-2018-q2-update.win32_1.5.0.202011040924/tools/bin/../lib/gcc/arm-none-eabi/7.3.1/../../../../arm-none-eabi/lib/thumb/v6-m\libnosys.a
END GROUP
LOAD c:/st/stm32cubeide_1.5.1/stm32cubeide/plugins/com.st.stm32cube.ide.mcu.externaltools.gnu-tools-for-stm32.7-2018-q2-update.win32_1.5.0.202011040924/tools/bin/../lib/gcc/arm-none-eabi/7.3.1/thumb/v6-m/crtend.o
LOAD c:/st/stm32cubeide_1.5.1/stm32cubeide/plugins/com.st.stm32cube.ide.mcu.externaltools.gnu-tools-for-stm32.7-2018-q2-update.win32_1.5.0.202011040924/tools/bin/../lib/gcc/arm-none-eabi/7.3.1/thumb/v6-m/crtn.o
                0x0000000020005000                _estack = (ORIGIN (RAM) + LENGTH (RAM))
                0x0000000000000200                _Min_Heap_Size = 0x200
                0x0000000000000400                _Min_Stack_Size = 0x400

.isr_vector     0x0000000008000000       0xc0
                0x0000000008000000                . = ALIGN (0x4)
 *(.isr_vector)
 .isr_vector    0x0000000008000000       0xc0 Core/Startup/startup_stm32l073rztx.o
                0x0000000008000000                g_pfnVectors
                0x00000000080000c0                . = ALIGN (0x4)

.text           0x00000000080000c0     0xdd3c
                0x00000000080000c0                . = ALIGN (0x4)
 *(.text)
 .text          0x00000000080000c0       0x48 c:/st/stm32cubeide_1.5.1/stm32cubeide/plugins/com.st.stm32cube.ide.mcu.externaltools.gnu-tools-for-stm32.7-2018-q2-update.win32_1.5.0.202011040924/tools/bin/../lib/gcc/arm-none-eabi/7.3.1/thumb/v6-m/crtbegin.o
 .text          0x0000000008000108        0xe c:/st/stm32cubeide_1.5.1/stm32cubeide/plugins/com.st.stm32cube.ide.mcu.externaltools.gnu-tools-for-stm32.7-2018-q2-update.win32_1.5.0.202011040924/tools/bin/../lib/gcc/arm-none-eabi/7.3.1/../../../../arm-none-eabi/lib/thumb/v6-m\libc_nano.a(lib_a-strlen.o)
                0x0000000008000108                strlen
 *fill*         0x0000000008000116        0x2 
 .text          0x0000000008000118       0x14 c:/st/stm32cubeide_1.5.1/stm32cubeide/plugins/com.st.stm32cube.ide.mcu.externaltools.gnu-tools-for-stm32.7-2018-q2-update.win32_1.5.0.202011040924/tools/bin/../lib/gcc/arm-none-eabi/7.3.1/thumb/v6-m\libgcc.a(_thumb1_case_uqi.o)
                0x0000000008000118                __gnu_thumb1_case_uqi
 .text          0x000000000800012c      0x114 c:/st/stm32cubeide_1.5.1/stm32cubeide/plugins/com.st.stm32cube.ide.mcu.externaltools.gnu-tools-for-stm32.7-2018-q2-update.win32_1.5.0.202011040924/tools/bin/../lib/gcc/arm-none-eabi/7.3.1/thumb/v6-m\libgcc.a(_udivsi3.o)
                0x000000000800012c                __aeabi_uidiv
                0x000000000800012c                __udivsi3
                0x0000000008000238                __aeabi_uidivmod
 .text          0x0000000008000240      0x1d4 c:/st/stm32cubeide_1.5.1/stm32cubeide/plugins/com.st.stm32cube.ide.mcu.externaltools.gnu-tools-for-stm32.7-2018-q2-update.win32_1.5.0.202011040924/tools/bin/../lib/gcc/arm-none-eabi/7.3.1/thumb/v6-m\libgcc.a(_divsi3.o)
                0x0000000008000240                __divsi3
                0x0000000008000240                __aeabi_idiv
                0x000000000800040c                __aeabi_idivmod
 .text          0x0000000008000414        0x4 c:/st/stm32cubeide_1.5.1/stm32cubeide/plugins/com.st.stm32cube.ide.mcu.externaltools.gnu-tools-for-stm32.7-2018-q2-update.win32_1.5.0.202011040924/tools/bin/../lib/gcc/arm-none-eabi/7.3.1/thumb/v6-m\libgcc.a(_dvmd_tls.o)
                0x0000000008000414                __aeabi_idiv0
                0x0000000008000414                __aeabi_ldiv0
 .text          0x0000000008000418       0x7c c:/st/stm32cubeide_1.5.1/stm32cubeide/plugins/com.st.stm32cube.ide.mcu.externaltools.gnu-tools-for-stm32.7-2018-q2-update.win32_1.5.0.202011040924/tools/bin/../lib/gcc/arm-none-eabi/7.3.1/thumb/v6-m\libgcc.a(_arm_cmpdf2.o)
                0x0000000008000418                __aeabi_cdrcmple
                0x0000000008000428                __aeabi_cdcmple
                0x0000000008000428                __aeabi_cdcmpeq
                0x0000000008000438                __aeabi_dcmpeq
                0x0000000008000444                __aeabi_dcmplt
                0x0000000008000458                __aeabi_dcmple
                0x000000000800046c                __aeabi_dcmpgt
                0x0000000008000480                __aeabi_dcmpge
 .text          0x0000000008000494       0x40 c:/st/stm32cubeide_1.5.1/stm32cubeide/plugins/com.st.stm32cube.ide.mcu.externaltools.gnu-tools-for-stm32.7-2018-q2-update.win32_1.5.0.202011040924/tools/bin/../lib/gcc/arm-none-eabi/7.3.1/thumb/v6-m\libgcc.a(_aeabi_uldivmod.o)
                0x0000000008000494                __aeabi_uldivmod
 .text          0x00000000080004d4       0x54 c:/st/stm32cubeide_1.5.1/stm32cubeide/plugins/com.st.stm32cube.ide.mcu.externaltools.gnu-tools-for-stm32.7-2018-q2-update.win32_1.5.0.202011040924/tools/bin/../lib/gcc/arm-none-eabi/7.3.1/thumb/v6-m\libgcc.a(_muldi3.o)
                0x00000000080004d4                __muldi3
                0x00000000080004d4                __aeabi_lmul
 .text          0x0000000008000528       0x3c c:/st/stm32cubeide_1.5.1/stm32cubeide/plugins/com.st.stm32cube.ide.mcu.externaltools.gnu-tools-for-stm32.7-2018-q2-update.win32_1.5.0.202011040924/tools/bin/../lib/gcc/arm-none-eabi/7.3.1/thumb/v6-m\libgcc.a(_fixunsdfsi.o)
                0x0000000008000528                __aeabi_d2uiz
                0x0000000008000528                __fixunsdfsi
 .text          0x0000000008000564      0x184 c:/st/stm32cubeide_1.5.1/stm32cubeide/plugins/com.st.stm32cube.ide.mcu.externaltools.gnu-tools-for-stm32.7-2018-q2-update.win32_1.5.0.202011040924/tools/bin/../lib/gcc/arm-none-eabi/7.3.1/thumb/v6-m\libgcc.a(_udivmoddi4.o)
                0x0000000008000564                __udivmoddi4
 .text          0x00000000080006e8       0x40 c:/st/stm32cubeide_1.5.1/stm32cubeide/plugins/com.st.stm32cube.ide.mcu.externaltools.gnu-tools-for-stm32.7-2018-q2-update.win32_1.5.0.202011040924/tools/bin/../lib/gcc/arm-none-eabi/7.3.1/thumb/v6-m\libgcc.a(fixsfsi.o)
                0x00000000080006e8                __aeabi_f2iz
 .text          0x0000000008000728      0x638 c:/st/stm32cubeide_1.5.1/stm32cubeide/plugins/com.st.stm32cube.ide.mcu.externaltools.gnu-tools-for-stm32.7-2018-q2-update.win32_1.5.0.202011040924/tools/bin/../lib/gcc/arm-none-eabi/7.3.1/thumb/v6-m\libgcc.a(adddf3.o)
                0x0000000008000728                __aeabi_dadd
 .text          0x0000000008000d60      0x604 c:/st/stm32cubeide_1.5.1/stm32cubeide/plugins/com.st.stm32cube.ide.mcu.externaltools.gnu-tools-for-stm32.7-2018-q2-update.win32_1.5.0.202011040924/tools/bin/../lib/gcc/arm-none-eabi/7.3.1/thumb/v6-m\libgcc.a(divdf3.o)
                0x0000000008000d60                __aeabi_ddiv
 .text          0x0000000008001364       0x78 c:/st/stm32cubeide_1.5.1/stm32cubeide/plugins/com.st.stm32cube.ide.mcu.externaltools.gnu-tools-for-stm32.7-2018-q2-update.win32_1.5.0.202011040924/tools/bin/../lib/gcc/arm-none-eabi/7.3.1/thumb/v6-m\libgcc.a(eqdf2.o)
                0x0000000008001364                __nedf2
                0x0000000008001364                __eqdf2
 .text          0x00000000080013dc       0xc8 c:/st/stm32cubeide_1.5.1/stm32cubeide/plugins/com.st.stm32cube.ide.mcu.externaltools.gnu-tools-for-stm32.7-2018-q2-update.win32_1.5.0.202011040924/tools/bin/../lib/gcc/arm-none-eabi/7.3.1/thumb/v6-m\libgcc.a(gedf2.o)
                0x00000000080013dc                __gedf2
                0x00000000080013dc                __gtdf2
 .text          0x00000000080014a4       0xd0 c:/st/stm32cubeide_1.5.1/stm32cubeide/plugins/com.st.stm32cube.ide.mcu.externaltools.gnu-tools-for-stm32.7-2018-q2-update.win32_1.5.0.202011040924/tools/bin/../lib/gcc/arm-none-eabi/7.3.1/thumb/v6-m\libgcc.a(ledf2.o)
                0x00000000080014a4                __ledf2
                0x00000000080014a4                __ltdf2
 .text          0x0000000008001574      0x4e4 c:/st/stm32cubeide_1.5.1/stm32cubeide/plugins/com.st.stm32cube.ide.mcu.externaltools.gnu-tools-for-stm32.7-2018-q2-update.win32_1.5.0.202011040924/tools/bin/../lib/gcc/arm-none-eabi/7.3.1/thumb/v6-m\libgcc.a(muldf3.o)
                0x0000000008001574                __aeabi_dmul
 .text          0x0000000008001a58      0x690 c:/st/stm32cubeide_1.5.1/stm32cubeide/plugins/com.st.stm32cube.ide.mcu.externaltools.gnu-tools-for-stm32.7-2018-q2-update.win32_1.5.0.202011040924/tools/bin/../lib/gcc/arm-none-eabi/7.3.1/thumb/v6-m\libgcc.a(subdf3.o)
                0x0000000008001a58                __aeabi_dsub
 .text          0x00000000080020e8       0x38 c:/st/stm32cubeide_1.5.1/stm32cubeide/plugins/com.st.stm32cube.ide.mcu.externaltools.gnu-tools-for-stm32.7-2018-q2-update.win32_1.5.0.202011040924/tools/bin/../lib/gcc/arm-none-eabi/7.3.1/thumb/v6-m\libgcc.a(unorddf2.o)
                0x00000000080020e8                __aeabi_dcmpun
 .text          0x0000000008002120       0x6c c:/st/stm32cubeide_1.5.1/stm32cubeide/plugins/com.st.stm32cube.ide.mcu.externaltools.gnu-tools-for-stm32.7-2018-q2-update.win32_1.5.0.202011040924/tools/bin/../lib/gcc/arm-none-eabi/7.3.1/thumb/v6-m\libgcc.a(fixdfsi.o)
                0x0000000008002120                __aeabi_d2iz
 .text          0x000000000800218c       0x74 c:/st/stm32cubeide_1.5.1/stm32cubeide/plugins/com.st.stm32cube.ide.mcu.externaltools.gnu-tools-for-stm32.7-2018-q2-update.win32_1.5.0.202011040924/tools/bin/../lib/gcc/arm-none-eabi/7.3.1/thumb/v6-m\libgcc.a(floatsidf.o)
                0x000000000800218c                __aeabi_i2d
 .text          0x0000000008002200       0x64 c:/st/stm32cubeide_1.5.1/stm32cubeide/plugins/com.st.stm32cube.ide.mcu.externaltools.gnu-tools-for-stm32.7-2018-q2-update.win32_1.5.0.202011040924/tools/bin/../lib/gcc/arm-none-eabi/7.3.1/thumb/v6-m\libgcc.a(floatunsidf.o)
                0x0000000008002200                __aeabi_ui2d
 .text          0x0000000008002264      0x108 c:/st/stm32cubeide_1.5.1/stm32cubeide/plugins/com.st.stm32cube.ide.mcu.externaltools.gnu-tools-for-stm32.7-2018-q2-update.win32_1.5.0.202011040924/tools/bin/../lib/gcc/arm-none-eabi/7.3.1/thumb/v6-m\libgcc.a(truncdfsf2.o)
                0x0000000008002264                __aeabi_d2f
 .text          0x000000000800236c       0x3c c:/st/stm32cubeide_1.5.1/stm32cubeide/plugins/com.st.stm32cube.ide.mcu.externaltools.gnu-tools-for-stm32.7-2018-q2-update.win32_1.5.0.202011040924/tools/bin/../lib/gcc/arm-none-eabi/7.3.1/thumb/v6-m\libgcc.a(_clzsi2.o)
                0x000000000800236c                __clzsi2
 .text          0x00000000080023a8       0x18 c:/st/stm32cubeide_1.5.1/stm32cubeide/plugins/com.st.stm32cube.ide.mcu.externaltools.gnu-tools-for-stm32.7-2018-q2-update.win32_1.5.0.202011040924/tools/bin/../lib/gcc/arm-none-eabi/7.3.1/thumb/v6-m\libgcc.a(_clzdi2.o)
                0x00000000080023a8                __clzdi2
 *(.text*)
 .text.MX_ADC_Init
                0x00000000080023c0       0xdc Core/Src/adc.o
                0x00000000080023c0                MX_ADC_Init
 .text.HAL_ADC_MspInit
                0x000000000800249c       0x7c Core/Src/adc.o
                0x000000000800249c                HAL_ADC_MspInit
 .text.MX_GPIO_Init
                0x0000000008002518      0x1c0 Core/Src/gpio.o
                0x0000000008002518                MX_GPIO_Init
 .text.MX_I2C2_Init
                0x00000000080026d8       0x98 Core/Src/i2c.o
                0x00000000080026d8                MX_I2C2_Init
 .text.HAL_I2C_MspInit
                0x0000000008002770       0xf0 Core/Src/i2c.o
                0x0000000008002770                HAL_I2C_MspInit
 .text.HAL_UART_RxCpltCallback
                0x0000000008002860       0x44 Core/Src/main.o
                0x0000000008002860                HAL_UART_RxCpltCallback
 .text.HAL_GPIO_EXTI_Callback
                0x00000000080028a4      0x18c Core/Src/main.o
                0x00000000080028a4                HAL_GPIO_EXTI_Callback
 .text._Z7readPinv
                0x0000000008002a30       0x80 Core/Src/main.o
                0x0000000008002a30                readPin()
 .text._Z9preHeaderv
                0x0000000008002ab0       0xdc Core/Src/main.o
                0x0000000008002ab0                preHeader()
 .text._Z13displayHeaderv
                0x0000000008002b8c      0x188 Core/Src/main.o
                0x0000000008002b8c                displayHeader()
 .text._Z18simCheckingRespondPKc
                0x0000000008002d14       0x68 Core/Src/main.o
                0x0000000008002d14                simCheckingRespond(char const*)
 .text._Z27lrwanSendAndCheckingRespondPKcS0_
                0x0000000008002d7c       0x94 Core/Src/main.o
                0x0000000008002d7c                lrwanSendAndCheckingRespond(char const*, char const*)
 .text._Z17prepareForProcessv
                0x0000000008002e10       0x3c Core/Src/main.o
                0x0000000008002e10                prepareForProcess()
 .text._Z18displayDoneWarningb
                0x0000000008002e4c       0x98 Core/Src/main.o
                0x0000000008002e4c                displayDoneWarning(bool)
 .text._Z4initv
                0x0000000008002ee4       0xe4 Core/Src/main.o
                0x0000000008002ee4                init()
 .text._Z7OS_loopv
                0x0000000008002fc8      0x528 Core/Src/main.o
                0x0000000008002fc8                OS_loop()
 .text.main     0x00000000080034f0       0x60 Core/Src/main.o
                0x00000000080034f0                main
 .text._Z18SystemClock_Configv
                0x0000000008003550      0x10c Core/Src/main.o
                0x0000000008003550                SystemClock_Config()
 .text.Error_Handler
                0x000000000800365c        0x8 Core/Src/main.o
                0x000000000800365c                Error_Handler
 .text._Z41__static_initialization_and_destruction_0ii
                0x0000000008003664       0x60 Core/Src/main.o
 .text._GLOBAL__sub_I_SIM7600E
                0x00000000080036c4       0x18 Core/Src/main.o
 .text.MX_RTC_Init
                0x00000000080036dc       0x5c Core/Src/rtc.o
                0x00000000080036dc                MX_RTC_Init
 .text.HAL_RTC_MspInit
                0x0000000008003738       0x40 Core/Src/rtc.o
                0x0000000008003738                HAL_RTC_MspInit
 .text.HAL_MspInit
                0x0000000008003778       0x28 Core/Src/stm32l0xx_hal_msp.o
                0x0000000008003778                HAL_MspInit
 .text.NMI_Handler
                0x00000000080037a0        0x6 Core/Src/stm32l0xx_it.o
                0x00000000080037a0                NMI_Handler
 .text.HardFault_Handler
                0x00000000080037a6        0x6 Core/Src/stm32l0xx_it.o
                0x00000000080037a6                HardFault_Handler
 .text.SVC_Handler
                0x00000000080037ac        0xa Core/Src/stm32l0xx_it.o
                0x00000000080037ac                SVC_Handler
 .text.PendSV_Handler
                0x00000000080037b6        0xa Core/Src/stm32l0xx_it.o
                0x00000000080037b6                PendSV_Handler
 .text.SysTick_Handler
                0x00000000080037c0        0xe Core/Src/stm32l0xx_it.o
                0x00000000080037c0                SysTick_Handler
 *fill*         0x00000000080037ce        0x2 
 .text.RTC_IRQHandler
                0x00000000080037d0       0x18 Core/Src/stm32l0xx_it.o
                0x00000000080037d0                RTC_IRQHandler
 .text.EXTI0_1_IRQHandler
                0x00000000080037e8       0x16 Core/Src/stm32l0xx_it.o
                0x00000000080037e8                EXTI0_1_IRQHandler
 .text.EXTI4_15_IRQHandler
                0x00000000080037fe       0x14 Core/Src/stm32l0xx_it.o
                0x00000000080037fe                EXTI4_15_IRQHandler
 *fill*         0x0000000008003812        0x2 
 .text.USART4_5_IRQHandler
                0x0000000008003814       0x24 Core/Src/stm32l0xx_it.o
                0x0000000008003814                USART4_5_IRQHandler
 .text.TIM2_IRQHandler
                0x0000000008003838       0x18 Core/Src/stm32l0xx_it.o
                0x0000000008003838                TIM2_IRQHandler
 .text.USART1_IRQHandler
                0x0000000008003850       0x18 Core/Src/stm32l0xx_it.o
                0x0000000008003850                USART1_IRQHandler
 .text._sbrk    0x0000000008003868       0x6c Core/Src/sysmem.o
                0x0000000008003868                _sbrk
 .text.SystemInit
                0x00000000080038d4        0xa Core/Src/system_stm32l0xx.o
                0x00000000080038d4                SystemInit
 *fill*         0x00000000080038de        0x2 
 .text.MX_TIM2_Init
                0x00000000080038e0       0xd4 Core/Src/tim.o
                0x00000000080038e0                MX_TIM2_Init
 .text.HAL_TIM_OC_MspInit
                0x00000000080039b4       0x3c Core/Src/tim.o
                0x00000000080039b4                HAL_TIM_OC_MspInit
 .text.MX_USART1_UART_Init
                0x00000000080039f0       0x68 Core/Src/usart.o
                0x00000000080039f0                MX_USART1_UART_Init
 .text.MX_USART4_UART_Init
                0x0000000008003a58       0x68 Core/Src/usart.o
                0x0000000008003a58                MX_USART4_UART_Init
 .text.MX_USART5_UART_Init
                0x0000000008003ac0       0x68 Core/Src/usart.o
                0x0000000008003ac0                MX_USART5_UART_Init
 .text.HAL_UART_MspInit
                0x0000000008003b28      0x1d0 Core/Src/usart.o
                0x0000000008003b28                HAL_UART_MspInit
 .text.Reset_Handler
                0x0000000008003cf8       0x50 Core/Startup/startup_stm32l073rztx.o
                0x0000000008003cf8                Reset_Handler
 .text.Default_Handler
                0x0000000008003d48        0x2 Core/Startup/startup_stm32l073rztx.o
                0x0000000008003d48                TSC_IRQHandler
                0x0000000008003d48                ADC1_COMP_IRQHandler
                0x0000000008003d48                PVD_IRQHandler
                0x0000000008003d48                I2C1_IRQHandler
                0x0000000008003d48                RCC_CRS_IRQHandler
                0x0000000008003d48                SPI1_IRQHandler
                0x0000000008003d48                TIM6_DAC_IRQHandler
                0x0000000008003d48                EXTI2_3_IRQHandler
                0x0000000008003d48                I2C2_IRQHandler
                0x0000000008003d48                LCD_IRQHandler
                0x0000000008003d48                DMA1_Channel4_5_6_7_IRQHandler
                0x0000000008003d48                TIM3_IRQHandler
                0x0000000008003d48                DMA1_Channel1_IRQHandler
                0x0000000008003d48                Default_Handler
                0x0000000008003d48                TIM22_IRQHandler
                0x0000000008003d48                TIM7_IRQHandler
                0x0000000008003d48                USB_IRQHandler
                0x0000000008003d48                I2C3_IRQHandler
                0x0000000008003d48                SPI2_IRQHandler
                0x0000000008003d48                TIM21_IRQHandler
                0x0000000008003d48                WWDG_IRQHandler
                0x0000000008003d48                DMA1_Channel2_3_IRQHandler
                0x0000000008003d48                USART2_IRQHandler
                0x0000000008003d48                FLASH_IRQHandler
                0x0000000008003d48                RNG_LPUART1_IRQHandler
                0x0000000008003d48                LPTIM1_IRQHandler
 *fill*         0x0000000008003d4a        0x2 
 .text.HAL_Init
                0x0000000008003d4c       0x40 Drivers/STM32L0xx_HAL_Driver/Src/stm32l0xx_hal.o
                0x0000000008003d4c                HAL_Init
 .text.HAL_InitTick
                0x0000000008003d8c       0x68 Drivers/STM32L0xx_HAL_Driver/Src/stm32l0xx_hal.o
                0x0000000008003d8c                HAL_InitTick
 .text.HAL_IncTick
                0x0000000008003df4       0x24 Drivers/STM32L0xx_HAL_Driver/Src/stm32l0xx_hal.o
                0x0000000008003df4                HAL_IncTick
 .text.HAL_GetTick
                0x0000000008003e18       0x14 Drivers/STM32L0xx_HAL_Driver/Src/stm32l0xx_hal.o
                0x0000000008003e18                HAL_GetTick
 .text.HAL_Delay
                0x0000000008003e2c       0x44 Drivers/STM32L0xx_HAL_Driver/Src/stm32l0xx_hal.o
                0x0000000008003e2c                HAL_Delay
 .text.HAL_ResumeTick
                0x0000000008003e70       0x1c Drivers/STM32L0xx_HAL_Driver/Src/stm32l0xx_hal.o
                0x0000000008003e70                HAL_ResumeTick
 .text.HAL_ADC_Init
                0x0000000008003e8c      0x2e8 Drivers/STM32L0xx_HAL_Driver/Src/stm32l0xx_hal_adc.o
                0x0000000008003e8c                HAL_ADC_Init
 .text.HAL_ADC_Start
                0x0000000008004174       0xa8 Drivers/STM32L0xx_HAL_Driver/Src/stm32l0xx_hal_adc.o
                0x0000000008004174                HAL_ADC_Start
 .text.HAL_ADC_GetValue
                0x000000000800421c       0x16 Drivers/STM32L0xx_HAL_Driver/Src/stm32l0xx_hal_adc.o
                0x000000000800421c                HAL_ADC_GetValue
 *fill*         0x0000000008004232        0x2 
 .text.HAL_ADC_ConfigChannel
                0x0000000008004234      0x140 Drivers/STM32L0xx_HAL_Driver/Src/stm32l0xx_hal_adc.o
                0x0000000008004234                HAL_ADC_ConfigChannel
 .text.ADC_Enable
                0x0000000008004374       0xc0 Drivers/STM32L0xx_HAL_Driver/Src/stm32l0xx_hal_adc.o
 .text.ADC_DelayMicroSecond
                0x0000000008004434       0x3c Drivers/STM32L0xx_HAL_Driver/Src/stm32l0xx_hal_adc.o
 .text.__NVIC_EnableIRQ
                0x0000000008004470       0x34 Drivers/STM32L0xx_HAL_Driver/Src/stm32l0xx_hal_cortex.o
 .text.__NVIC_SetPriority
                0x00000000080044a4       0xdc Drivers/STM32L0xx_HAL_Driver/Src/stm32l0xx_hal_cortex.o
 .text.SysTick_Config
                0x0000000008004580       0x48 Drivers/STM32L0xx_HAL_Driver/Src/stm32l0xx_hal_cortex.o
 .text.HAL_NVIC_SetPriority
                0x00000000080045c8       0x2a Drivers/STM32L0xx_HAL_Driver/Src/stm32l0xx_hal_cortex.o
                0x00000000080045c8                HAL_NVIC_SetPriority
 .text.HAL_NVIC_EnableIRQ
                0x00000000080045f2       0x20 Drivers/STM32L0xx_HAL_Driver/Src/stm32l0xx_hal_cortex.o
                0x00000000080045f2                HAL_NVIC_EnableIRQ
 .text.HAL_SYSTICK_Config
                0x0000000008004612       0x1a Drivers/STM32L0xx_HAL_Driver/Src/stm32l0xx_hal_cortex.o
                0x0000000008004612                HAL_SYSTICK_Config
 .text.HAL_DMA_Abort
                0x000000000800462c       0x80 Drivers/STM32L0xx_HAL_Driver/Src/stm32l0xx_hal_dma.o
                0x000000000800462c                HAL_DMA_Abort
 .text.HAL_DMA_Abort_IT
                0x00000000080046ac       0x90 Drivers/STM32L0xx_HAL_Driver/Src/stm32l0xx_hal_dma.o
                0x00000000080046ac                HAL_DMA_Abort_IT
 .text.HAL_GPIO_Init
                0x000000000800473c      0x2fc Drivers/STM32L0xx_HAL_Driver/Src/stm32l0xx_hal_gpio.o
                0x000000000800473c                HAL_GPIO_Init
 .text.HAL_GPIO_ReadPin
                0x0000000008004a38       0x3a Drivers/STM32L0xx_HAL_Driver/Src/stm32l0xx_hal_gpio.o
                0x0000000008004a38                HAL_GPIO_ReadPin
 .text.HAL_GPIO_WritePin
                0x0000000008004a72       0x3a Drivers/STM32L0xx_HAL_Driver/Src/stm32l0xx_hal_gpio.o
                0x0000000008004a72                HAL_GPIO_WritePin
 .text.HAL_GPIO_TogglePin
                0x0000000008004aac       0x36 Drivers/STM32L0xx_HAL_Driver/Src/stm32l0xx_hal_gpio.o
                0x0000000008004aac                HAL_GPIO_TogglePin
 *fill*         0x0000000008004ae2        0x2 
 .text.HAL_GPIO_EXTI_IRQHandler
                0x0000000008004ae4       0x38 Drivers/STM32L0xx_HAL_Driver/Src/stm32l0xx_hal_gpio.o
                0x0000000008004ae4                HAL_GPIO_EXTI_IRQHandler
 .text.HAL_I2C_Init
                0x0000000008004b1c      0x12c Drivers/STM32L0xx_HAL_Driver/Src/stm32l0xx_hal_i2c.o
                0x0000000008004b1c                HAL_I2C_Init
 .text.HAL_I2C_Master_Transmit
                0x0000000008004c48      0x210 Drivers/STM32L0xx_HAL_Driver/Src/stm32l0xx_hal_i2c.o
                0x0000000008004c48                HAL_I2C_Master_Transmit
 .text.HAL_I2C_IsDeviceReady
                0x0000000008004e58      0x234 Drivers/STM32L0xx_HAL_Driver/Src/stm32l0xx_hal_i2c.o
                0x0000000008004e58                HAL_I2C_IsDeviceReady
 .text.I2C_Flush_TXDR
                0x000000000800508c       0x44 Drivers/STM32L0xx_HAL_Driver/Src/stm32l0xx_hal_i2c.o
 .text.I2C_WaitOnFlagUntilTimeout
                0x00000000080050d0       0x7e Drivers/STM32L0xx_HAL_Driver/Src/stm32l0xx_hal_i2c.o
 .text.I2C_WaitOnTXISFlagUntilTimeout
                0x000000000800514e       0x7e Drivers/STM32L0xx_HAL_Driver/Src/stm32l0xx_hal_i2c.o
 .text.I2C_WaitOnSTOPFlagUntilTimeout
                0x00000000080051cc       0x78 Drivers/STM32L0xx_HAL_Driver/Src/stm32l0xx_hal_i2c.o
 .text.I2C_IsAcknowledgeFailed
                0x0000000008005244       0xcc Drivers/STM32L0xx_HAL_Driver/Src/stm32l0xx_hal_i2c.o
 .text.I2C_TransferConfig
                0x0000000008005310       0x6c Drivers/STM32L0xx_HAL_Driver/Src/stm32l0xx_hal_i2c.o
 .text.HAL_I2CEx_ConfigAnalogFilter
                0x000000000800537c       0x98 Drivers/STM32L0xx_HAL_Driver/Src/stm32l0xx_hal_i2c_ex.o
                0x000000000800537c                HAL_I2CEx_ConfigAnalogFilter
 .text.HAL_I2CEx_ConfigDigitalFilter
                0x0000000008005414       0x98 Drivers/STM32L0xx_HAL_Driver/Src/stm32l0xx_hal_i2c_ex.o
                0x0000000008005414                HAL_I2CEx_ConfigDigitalFilter
 .text.HAL_RCC_OscConfig
                0x00000000080054ac      0x7ac Drivers/STM32L0xx_HAL_Driver/Src/stm32l0xx_hal_rcc.o
                0x00000000080054ac                HAL_RCC_OscConfig
 .text.HAL_RCC_ClockConfig
                0x0000000008005c58      0x290 Drivers/STM32L0xx_HAL_Driver/Src/stm32l0xx_hal_rcc.o
                0x0000000008005c58                HAL_RCC_ClockConfig
 .text.HAL_RCC_GetSysClockFreq
                0x0000000008005ee8      0x144 Drivers/STM32L0xx_HAL_Driver/Src/stm32l0xx_hal_rcc.o
                0x0000000008005ee8                HAL_RCC_GetSysClockFreq
 .text.HAL_RCC_GetHCLKFreq
                0x000000000800602c       0x14 Drivers/STM32L0xx_HAL_Driver/Src/stm32l0xx_hal_rcc.o
                0x000000000800602c                HAL_RCC_GetHCLKFreq
 .text.HAL_RCC_GetPCLK1Freq
                0x0000000008006040       0x2c Drivers/STM32L0xx_HAL_Driver/Src/stm32l0xx_hal_rcc.o
                0x0000000008006040                HAL_RCC_GetPCLK1Freq
 .text.HAL_RCC_GetPCLK2Freq
                0x000000000800606c       0x2c Drivers/STM32L0xx_HAL_Driver/Src/stm32l0xx_hal_rcc.o
                0x000000000800606c                HAL_RCC_GetPCLK2Freq
 .text.HAL_RCCEx_PeriphCLKConfig
                0x0000000008006098      0x2e8 Drivers/STM32L0xx_HAL_Driver/Src/stm32l0xx_hal_rcc_ex.o
                0x0000000008006098                HAL_RCCEx_PeriphCLKConfig
 .text.HAL_RTC_Init
                0x0000000008006380      0x13c Drivers/STM32L0xx_HAL_Driver/Src/stm32l0xx_hal_rtc.o
                0x0000000008006380                HAL_RTC_Init
 .text.HAL_RTC_WaitForSynchro
                0x00000000080064bc       0x4e Drivers/STM32L0xx_HAL_Driver/Src/stm32l0xx_hal_rtc.o
                0x00000000080064bc                HAL_RTC_WaitForSynchro
 .text.RTC_EnterInitMode
                0x000000000800650a       0x54 Drivers/STM32L0xx_HAL_Driver/Src/stm32l0xx_hal_rtc.o
                0x000000000800650a                RTC_EnterInitMode
 *fill*         0x000000000800655e        0x2 
 .text.HAL_RTCEx_SetWakeUpTimer_IT
                0x0000000008006560      0x18c Drivers/STM32L0xx_HAL_Driver/Src/stm32l0xx_hal_rtc_ex.o
                0x0000000008006560                HAL_RTCEx_SetWakeUpTimer_IT
 .text.HAL_RTCEx_WakeUpTimerIRQHandler
                0x00000000080066ec       0x54 Drivers/STM32L0xx_HAL_Driver/Src/stm32l0xx_hal_rtc_ex.o
                0x00000000080066ec                HAL_RTCEx_WakeUpTimerIRQHandler
 .text.HAL_RTCEx_WakeUpTimerEventCallback
                0x0000000008006740       0x10 Drivers/STM32L0xx_HAL_Driver/Src/stm32l0xx_hal_rtc_ex.o
                0x0000000008006740                HAL_RTCEx_WakeUpTimerEventCallback
 .text.HAL_TIM_OC_Init
                0x0000000008006750       0x80 Drivers/STM32L0xx_HAL_Driver/Src/stm32l0xx_hal_tim.o
                0x0000000008006750                HAL_TIM_OC_Init
 .text.HAL_TIM_IRQHandler
                0x00000000080067d0      0x1d0 Drivers/STM32L0xx_HAL_Driver/Src/stm32l0xx_hal_tim.o
                0x00000000080067d0                HAL_TIM_IRQHandler
 .text.HAL_TIM_OC_ConfigChannel
                0x00000000080069a0       0x8c Drivers/STM32L0xx_HAL_Driver/Src/stm32l0xx_hal_tim.o
                0x00000000080069a0                HAL_TIM_OC_ConfigChannel
 .text.HAL_TIM_PeriodElapsedCallback
                0x0000000008006a2c       0x10 Drivers/STM32L0xx_HAL_Driver/Src/stm32l0xx_hal_tim.o
                0x0000000008006a2c                HAL_TIM_PeriodElapsedCallback
 .text.HAL_TIM_OC_DelayElapsedCallback
                0x0000000008006a3c       0x10 Drivers/STM32L0xx_HAL_Driver/Src/stm32l0xx_hal_tim.o
                0x0000000008006a3c                HAL_TIM_OC_DelayElapsedCallback
 .text.HAL_TIM_IC_CaptureCallback
                0x0000000008006a4c       0x10 Drivers/STM32L0xx_HAL_Driver/Src/stm32l0xx_hal_tim.o
                0x0000000008006a4c                HAL_TIM_IC_CaptureCallback
 .text.HAL_TIM_PWM_PulseFinishedCallback
                0x0000000008006a5c       0x10 Drivers/STM32L0xx_HAL_Driver/Src/stm32l0xx_hal_tim.o
                0x0000000008006a5c                HAL_TIM_PWM_PulseFinishedCallback
 .text.HAL_TIM_TriggerCallback
                0x0000000008006a6c       0x10 Drivers/STM32L0xx_HAL_Driver/Src/stm32l0xx_hal_tim.o
                0x0000000008006a6c                HAL_TIM_TriggerCallback
 .text.TIM_Base_SetConfig
                0x0000000008006a7c       0xbc Drivers/STM32L0xx_HAL_Driver/Src/stm32l0xx_hal_tim.o
 .text.TIM_OC1_SetConfig
                0x0000000008006b38       0x78 Drivers/STM32L0xx_HAL_Driver/Src/stm32l0xx_hal_tim.o
 .text.TIM_OC2_SetConfig
                0x0000000008006bb0       0x84 Drivers/STM32L0xx_HAL_Driver/Src/stm32l0xx_hal_tim.o
 .text.TIM_OC3_SetConfig
                0x0000000008006c34       0x80 Drivers/STM32L0xx_HAL_Driver/Src/stm32l0xx_hal_tim.o
 .text.TIM_OC4_SetConfig
                0x0000000008006cb4       0x8c Drivers/STM32L0xx_HAL_Driver/Src/stm32l0xx_hal_tim.o
 .text.HAL_TIMEx_MasterConfigSynchronization
                0x0000000008006d40       0xbc Drivers/STM32L0xx_HAL_Driver/Src/stm32l0xx_hal_tim_ex.o
                0x0000000008006d40                HAL_TIMEx_MasterConfigSynchronization
 .text.HAL_UART_Init
                0x0000000008006dfc       0xa8 Drivers/STM32L0xx_HAL_Driver/Src/stm32l0xx_hal_uart.o
                0x0000000008006dfc                HAL_UART_Init
 .text.HAL_UART_Transmit
                0x0000000008006ea4      0x150 Drivers/STM32L0xx_HAL_Driver/Src/stm32l0xx_hal_uart.o
                0x0000000008006ea4                HAL_UART_Transmit
 .text.HAL_UART_Receive_IT
                0x0000000008006ff4       0xb0 Drivers/STM32L0xx_HAL_Driver/Src/stm32l0xx_hal_uart.o
                0x0000000008006ff4                HAL_UART_Receive_IT
 .text.HAL_UART_IRQHandler
                0x00000000080070a4      0x414 Drivers/STM32L0xx_HAL_Driver/Src/stm32l0xx_hal_uart.o
                0x00000000080070a4                HAL_UART_IRQHandler
 .text.HAL_UART_TxCpltCallback
                0x00000000080074b8       0x10 Drivers/STM32L0xx_HAL_Driver/Src/stm32l0xx_hal_uart.o
                0x00000000080074b8                HAL_UART_TxCpltCallback
 .text.HAL_UART_ErrorCallback
                0x00000000080074c8       0x10 Drivers/STM32L0xx_HAL_Driver/Src/stm32l0xx_hal_uart.o
                0x00000000080074c8                HAL_UART_ErrorCallback
 .text.HAL_UARTEx_RxEventCallback
                0x00000000080074d8       0x16 Drivers/STM32L0xx_HAL_Driver/Src/stm32l0xx_hal_uart.o
                0x00000000080074d8                HAL_UARTEx_RxEventCallback
 *fill*         0x00000000080074ee        0x2 
 .text.UART_SetConfig
                0x00000000080074f0      0x578 Drivers/STM32L0xx_HAL_Driver/Src/stm32l0xx_hal_uart.o
                0x00000000080074f0                UART_SetConfig
 .text.UART_AdvFeatureConfig
                0x0000000008007a68      0x168 Drivers/STM32L0xx_HAL_Driver/Src/stm32l0xx_hal_uart.o
                0x0000000008007a68                UART_AdvFeatureConfig
 .text.UART_CheckIdleState
                0x0000000008007bd0       0x94 Drivers/STM32L0xx_HAL_Driver/Src/stm32l0xx_hal_uart.o
                0x0000000008007bd0                UART_CheckIdleState
 .text.UART_WaitOnFlagUntilTimeout
                0x0000000008007c64       0xfc Drivers/STM32L0xx_HAL_Driver/Src/stm32l0xx_hal_uart.o
                0x0000000008007c64                UART_WaitOnFlagUntilTimeout
 .text.UART_Start_Receive_IT
                0x0000000008007d60      0x11c Drivers/STM32L0xx_HAL_Driver/Src/stm32l0xx_hal_uart.o
                0x0000000008007d60                UART_Start_Receive_IT
 .text.UART_EndRxTransfer
                0x0000000008007e7c       0x60 Drivers/STM32L0xx_HAL_Driver/Src/stm32l0xx_hal_uart.o
 .text.UART_DMAAbortOnError
                0x0000000008007edc       0x2e Drivers/STM32L0xx_HAL_Driver/Src/stm32l0xx_hal_uart.o
 .text.UART_EndTransmit_IT
                0x0000000008007f0a       0x34 Drivers/STM32L0xx_HAL_Driver/Src/stm32l0xx_hal_uart.o
 *fill*         0x0000000008007f3e        0x2 
 .text.UART_RxISR_8BIT
                0x0000000008007f40       0xec Drivers/STM32L0xx_HAL_Driver/Src/stm32l0xx_hal_uart.o
 .text.UART_RxISR_16BIT
                0x000000000800802c       0xec Drivers/STM32L0xx_HAL_Driver/Src/stm32l0xx_hal_uart.o
 .text.HAL_UARTEx_WakeupCallback
                0x0000000008008118       0x10 Drivers/STM32L0xx_HAL_Driver/Src/stm32l0xx_hal_uart_ex.o
                0x0000000008008118                HAL_UARTEx_WakeupCallback
 .text._ZN5debugC2EP20__UART_HandleTypeDef
                0x0000000008008128       0x1a Watec_Apps/debug/debug.o
                0x0000000008008128                debug::debug(__UART_HandleTypeDef*)
                0x0000000008008128                debug::debug(__UART_HandleTypeDef*)
 .text._ZN5debug5printEPKc
                0x0000000008008142       0x2e Watec_Apps/debug/debug.o
                0x0000000008008142                debug::print(char const*)
 .text._ZN5debug7printlnEPKc
                0x0000000008008170       0x44 Watec_Apps/debug/debug.o
                0x0000000008008170                debug::println(char const*)
 .text._ZN7unDebugC2Ev
                0x00000000080081b4       0x12 Watec_Apps/debug/debug.o
                0x00000000080081b4                unDebug::unDebug()
                0x00000000080081b4                unDebug::unDebug()
 *fill*         0x00000000080081c6        0x2 
 .text._ZN5lrwanC2EP20__UART_HandleTypeDef
                0x00000000080081c8       0x30 Watec_Apps/lrwan/lrwan.o
                0x00000000080081c8                lrwan::lrwan(__UART_HandleTypeDef*)
                0x00000000080081c8                lrwan::lrwan(__UART_HandleTypeDef*)
 .text._ZN5lrwan10IRQhandlerEv
                0x00000000080081f8      0x108 Watec_Apps/lrwan/lrwan.o
                0x00000000080081f8                lrwan::IRQhandler()
 .text._ZN5lrwan8memresetEv
                0x0000000008008300       0x34 Watec_Apps/lrwan/lrwan.o
                0x0000000008008300                lrwan::memreset()
 .text._ZN5lrwan11sendCommandEPKcS1_i
                0x0000000008008334      0x148 Watec_Apps/lrwan/lrwan.o
                0x0000000008008334                lrwan::sendCommand(char const*, char const*, int)
 .text._ZN5lrwan8responseEPKci
                0x000000000800847c       0x32 Watec_Apps/lrwan/lrwan.o
                0x000000000800847c                lrwan::response(char const*, int)
 *fill*         0x00000000080084ae        0x2 
 .text._ZN5lrwan13identifyEventEv
                0x00000000080084b0      0x1d8 Watec_Apps/lrwan/lrwan.o
                0x00000000080084b0                lrwan::identifyEvent()
 .text._ZN5lrwan4initEv
                0x0000000008008688       0x28 Watec_Apps/lrwan/lrwan.o
                0x0000000008008688                lrwan::init()
 .text._ZN5lrwan8sendDataEPKcS1_ii
                0x00000000080086b0       0xac Watec_Apps/lrwan/lrwan.o
                0x00000000080086b0                lrwan::sendData(char const*, char const*, int, int)
 .text._Z41__static_initialization_and_destruction_0ii
                0x000000000800875c       0x44 Watec_Apps/lrwan/lrwan.o
 .text._GLOBAL__sub_I_lrDebug
                0x00000000080087a0       0x18 Watec_Apps/lrwan/lrwan.o
 .text._ZN7sim7x00C2EP20__UART_HandleTypeDef
                0x00000000080087b8       0x34 Watec_Apps/sim7x00/sim7x00.o
                0x00000000080087b8                sim7x00::sim7x00(__UART_HandleTypeDef*)
                0x00000000080087b8                sim7x00::sim7x00(__UART_HandleTypeDef*)
 .text._ZN7sim7x0010IRQhandlerEv
                0x00000000080087ec       0x78 Watec_Apps/sim7x00/sim7x00.o
                0x00000000080087ec                sim7x00::IRQhandler()
 .text._ZN7sim7x0013sendATcommandEPKcS1_i
                0x0000000008008864      0x14c Watec_Apps/sim7x00/sim7x00.o
                0x0000000008008864                sim7x00::sendATcommand(char const*, char const*, int)
 .text._ZN7sim7x004initEi
                0x00000000080089b0      0x194 Watec_Apps/sim7x00/sim7x00.o
                0x00000000080089b0                sim7x00::init(int)
 .text._ZN7sim7x008memresetEv
                0x0000000008008b44       0x34 Watec_Apps/sim7x00/sim7x00.o
                0x0000000008008b44                sim7x00::memreset()
 .text._ZN7sim7x0013identifyEventEv
                0x0000000008008b78      0x1b8 Watec_Apps/sim7x00/sim7x00.o
                0x0000000008008b78                sim7x00::identifyEvent()
 .text._ZN7sim7x0015checkingRespondEPKcm
                0x0000000008008d30       0x6e Watec_Apps/sim7x00/sim7x00.o
                0x0000000008008d30                sim7x00::checkingRespond(char const*, unsigned long)
 *fill*         0x0000000008008d9e        0x2 
 .text._ZN7sim7x0019checkIncommingEventEv
                0x0000000008008da0       0x7c Watec_Apps/sim7x00/sim7x00.o
                0x0000000008008da0                sim7x00::checkIncommingEvent()
 .text._ZN7sim7x007readSMSEv
                0x0000000008008e1c       0x90 Watec_Apps/sim7x00/sim7x00.o
                0x0000000008008e1c                sim7x00::readSMS()
 .text._ZN7sim7x0022isAuthorizePhoneNumberEPKc
                0x0000000008008eac       0x94 Watec_Apps/sim7x00/sim7x00.o
                0x0000000008008eac                sim7x00::isAuthorizePhoneNumber(char const*)
 .text._ZN7sim7x0018identifySMSRequestEPKc
                0x0000000008008f40      0x104 Watec_Apps/sim7x00/sim7x00.o
                0x0000000008008f40                sim7x00::identifySMSRequest(char const*)
 .text._ZN7sim7x009getIntCSQEv
                0x0000000008009044       0xf0 Watec_Apps/sim7x00/sim7x00.o
                0x0000000008009044                sim7x00::getIntCSQ()
 .text._ZN7sim7x007sendSMSEPKcS1_
                0x0000000008009134      0x1f4 Watec_Apps/sim7x00/sim7x00.o
                0x0000000008009134                sim7x00::sendSMS(char const*, char const*)
 .text._Z41__static_initialization_and_destruction_0ii
                0x0000000008009328       0x58 Watec_Apps/sim7x00/sim7x00.o
 .text._GLOBAL__sub_I_simDebug
                0x0000000008009380       0x18 Watec_Apps/sim7x00/sim7x00.o
 .text.SSD1306_DrawBitmap
                0x0000000008009398      0x13a Watec_Apps/ssd1306_oled/Stm32ssd1306oled.o
                0x0000000008009398                SSD1306_DrawBitmap
 *fill*         0x00000000080094d2        0x2 
 .text.SSD1306_Init
                0x00000000080094d4      0x19c Watec_Apps/ssd1306_oled/Stm32ssd1306oled.o
                0x00000000080094d4                SSD1306_Init
 .text.SSD1306_UpdateScreen
                0x0000000008009670       0x68 Watec_Apps/ssd1306_oled/Stm32ssd1306oled.o
                0x0000000008009670                SSD1306_UpdateScreen
 .text.SSD1306_Fill
                0x00000000080096d8       0x34 Watec_Apps/ssd1306_oled/Stm32ssd1306oled.o
                0x00000000080096d8                SSD1306_Fill
 .text.SSD1306_DrawPixel
                0x000000000800970c       0xdc Watec_Apps/ssd1306_oled/Stm32ssd1306oled.o
                0x000000000800970c                SSD1306_DrawPixel
 .text.SSD1306_GotoXY
                0x00000000080097e8       0x34 Watec_Apps/ssd1306_oled/Stm32ssd1306oled.o
                0x00000000080097e8                SSD1306_GotoXY
 .text.SSD1306_Putc
                0x000000000800981c      0x224 Watec_Apps/ssd1306_oled/Stm32ssd1306oled.o
                0x000000000800981c                SSD1306_Putc
 .text.SSD1306_Puts
                0x0000000008009a40       0x54 Watec_Apps/ssd1306_oled/Stm32ssd1306oled.o
                0x0000000008009a40                SSD1306_Puts
 .text.SSD1306_Putstring
                0x0000000008009a94       0x8e Watec_Apps/ssd1306_oled/Stm32ssd1306oled.o
                0x0000000008009a94                SSD1306_Putstring
 .text.SSD1306_DrawLine
                0x0000000008009b22      0x32e Watec_Apps/ssd1306_oled/Stm32ssd1306oled.o
                0x0000000008009b22                SSD1306_DrawLine
 .text.SSD1306_DrawFilledRectangle
                0x0000000008009e50       0xd6 Watec_Apps/ssd1306_oled/Stm32ssd1306oled.o
                0x0000000008009e50                SSD1306_DrawFilledRectangle
 .text.SSD1306_Clear
                0x0000000008009f26       0x14 Watec_Apps/ssd1306_oled/Stm32ssd1306oled.o
                0x0000000008009f26                SSD1306_Clear
 .text.SSD1306_Clear_Data
                0x0000000008009f3a       0x20 Watec_Apps/ssd1306_oled/Stm32ssd1306oled.o
                0x0000000008009f3a                SSD1306_Clear_Data
 .text.SSD1306_Clear_Header
                0x0000000008009f5a       0x30 Watec_Apps/ssd1306_oled/Stm32ssd1306oled.o
                0x0000000008009f5a                SSD1306_Clear_Header
 .text.SSD1306_Clear_Bottom
                0x0000000008009f8a       0x20 Watec_Apps/ssd1306_oled/Stm32ssd1306oled.o
                0x0000000008009f8a                SSD1306_Clear_Bottom
 .text.SSD1306_Clear_Activity
                0x0000000008009faa       0x20 Watec_Apps/ssd1306_oled/Stm32ssd1306oled.o
                0x0000000008009faa                SSD1306_Clear_Activity
 .text.SSD1306_Clear_Status1
                0x0000000008009fca       0x20 Watec_Apps/ssd1306_oled/Stm32ssd1306oled.o
                0x0000000008009fca                SSD1306_Clear_Status1
 .text.SSD1306_Clear_Status2
                0x0000000008009fea       0x20 Watec_Apps/ssd1306_oled/Stm32ssd1306oled.o
                0x0000000008009fea                SSD1306_Clear_Status2
 *fill*         0x000000000800a00a        0x2 
 .text.SSD1306_I2C_Init
                0x000000000800a00c       0x24 Watec_Apps/ssd1306_oled/Stm32ssd1306oled.o
                0x000000000800a00c                SSD1306_I2C_Init
 .text.SSD1306_I2C_WriteMulti
                0x000000000800a030       0xfc Watec_Apps/ssd1306_oled/Stm32ssd1306oled.o
                0x000000000800a030                SSD1306_I2C_WriteMulti
 .text.SSD1306_I2C_Write
                0x000000000800a12c       0x50 Watec_Apps/ssd1306_oled/Stm32ssd1306oled.o
                0x000000000800a12c                SSD1306_I2C_Write
 .text.atoi     0x000000000800a17c        0xc c:/st/stm32cubeide_1.5.1/stm32cubeide/plugins/com.st.stm32cube.ide.mcu.externaltools.gnu-tools-for-stm32.7-2018-q2-update.win32_1.5.0.202011040924/tools/bin/../lib/gcc/arm-none-eabi/7.3.1/../../../../arm-none-eabi/lib/thumb/v6-m\libc_nano.a(lib_a-atoi.o)
                0x000000000800a17c                atoi
 .text.__errno  0x000000000800a188        0xc c:/st/stm32cubeide_1.5.1/stm32cubeide/plugins/com.st.stm32cube.ide.mcu.externaltools.gnu-tools-for-stm32.7-2018-q2-update.win32_1.5.0.202011040924/tools/bin/../lib/gcc/arm-none-eabi/7.3.1/../../../../arm-none-eabi/lib/thumb/v6-m\libc_nano.a(lib_a-errno.o)
                0x000000000800a188                __errno
 .text.__libc_init_array
                0x000000000800a194       0x48 c:/st/stm32cubeide_1.5.1/stm32cubeide/plugins/com.st.stm32cube.ide.mcu.externaltools.gnu-tools-for-stm32.7-2018-q2-update.win32_1.5.0.202011040924/tools/bin/../lib/gcc/arm-none-eabi/7.3.1/../../../../arm-none-eabi/lib/thumb/v6-m\libc_nano.a(lib_a-init.o)
                0x000000000800a194                __libc_init_array
 .text.malloc   0x000000000800a1dc       0x14 c:/st/stm32cubeide_1.5.1/stm32cubeide/plugins/com.st.stm32cube.ide.mcu.externaltools.gnu-tools-for-stm32.7-2018-q2-update.win32_1.5.0.202011040924/tools/bin/../lib/gcc/arm-none-eabi/7.3.1/../../../../arm-none-eabi/lib/thumb/v6-m\libc_nano.a(lib_a-malloc.o)
                0x000000000800a1dc                malloc
 .text.memcpy   0x000000000800a1f0       0x12 c:/st/stm32cubeide_1.5.1/stm32cubeide/plugins/com.st.stm32cube.ide.mcu.externaltools.gnu-tools-for-stm32.7-2018-q2-update.win32_1.5.0.202011040924/tools/bin/../lib/gcc/arm-none-eabi/7.3.1/../../../../arm-none-eabi/lib/thumb/v6-m\libc_nano.a(lib_a-memcpy-stub.o)
                0x000000000800a1f0                memcpy
 .text.memset   0x000000000800a202       0x10 c:/st/stm32cubeide_1.5.1/stm32cubeide/plugins/com.st.stm32cube.ide.mcu.externaltools.gnu-tools-for-stm32.7-2018-q2-update.win32_1.5.0.202011040924/tools/bin/../lib/gcc/arm-none-eabi/7.3.1/../../../../arm-none-eabi/lib/thumb/v6-m\libc_nano.a(lib_a-memset.o)
                0x000000000800a202                memset
 *fill*         0x000000000800a212        0x2 
 .text._free_r  0x000000000800a214       0x94 c:/st/stm32cubeide_1.5.1/stm32cubeide/plugins/com.st.stm32cube.ide.mcu.externaltools.gnu-tools-for-stm32.7-2018-q2-update.win32_1.5.0.202011040924/tools/bin/../lib/gcc/arm-none-eabi/7.3.1/../../../../arm-none-eabi/lib/thumb/v6-m\libc_nano.a(lib_a-nano-freer.o)
                0x000000000800a214                _free_r
 .text._malloc_r
                0x000000000800a2a8       0xbc c:/st/stm32cubeide_1.5.1/stm32cubeide/plugins/com.st.stm32cube.ide.mcu.externaltools.gnu-tools-for-stm32.7-2018-q2-update.win32_1.5.0.202011040924/tools/bin/../lib/gcc/arm-none-eabi/7.3.1/../../../../arm-none-eabi/lib/thumb/v6-m\libc_nano.a(lib_a-nano-mallocr.o)
                0x000000000800a2a8                _malloc_r
 .text.__cvt    0x000000000800a364       0xc8 c:/st/stm32cubeide_1.5.1/stm32cubeide/plugins/com.st.stm32cube.ide.mcu.externaltools.gnu-tools-for-stm32.7-2018-q2-update.win32_1.5.0.202011040924/tools/bin/../lib/gcc/arm-none-eabi/7.3.1/../../../../arm-none-eabi/lib/thumb/v6-m\libc_nano.a(lib_a-nano-vfprintf_float.o)
                0x000000000800a364                __cvt
 .text.__exponent
                0x000000000800a42c       0x70 c:/st/stm32cubeide_1.5.1/stm32cubeide/plugins/com.st.stm32cube.ide.mcu.externaltools.gnu-tools-for-stm32.7-2018-q2-update.win32_1.5.0.202011040924/tools/bin/../lib/gcc/arm-none-eabi/7.3.1/../../../../arm-none-eabi/lib/thumb/v6-m\libc_nano.a(lib_a-nano-vfprintf_float.o)
                0x000000000800a42c                __exponent
 .text._printf_float
                0x000000000800a49c      0x498 c:/st/stm32cubeide_1.5.1/stm32cubeide/plugins/com.st.stm32cube.ide.mcu.externaltools.gnu-tools-for-stm32.7-2018-q2-update.win32_1.5.0.202011040924/tools/bin/../lib/gcc/arm-none-eabi/7.3.1/../../../../arm-none-eabi/lib/thumb/v6-m\libc_nano.a(lib_a-nano-vfprintf_float.o)
                0x000000000800a49c                _printf_float
 .text._printf_common
                0x000000000800a934       0xda c:/st/stm32cubeide_1.5.1/stm32cubeide/plugins/com.st.stm32cube.ide.mcu.externaltools.gnu-tools-for-stm32.7-2018-q2-update.win32_1.5.0.202011040924/tools/bin/../lib/gcc/arm-none-eabi/7.3.1/../../../../arm-none-eabi/lib/thumb/v6-m\libc_nano.a(lib_a-nano-vfprintf_i.o)
                0x000000000800a934                _printf_common
 *fill*         0x000000000800aa0e        0x2 
 .text._printf_i
                0x000000000800aa10      0x210 c:/st/stm32cubeide_1.5.1/stm32cubeide/plugins/com.st.stm32cube.ide.mcu.externaltools.gnu-tools-for-stm32.7-2018-q2-update.win32_1.5.0.202011040924/tools/bin/../lib/gcc/arm-none-eabi/7.3.1/../../../../arm-none-eabi/lib/thumb/v6-m\libc_nano.a(lib_a-nano-vfprintf_i.o)
                0x000000000800aa10                _printf_i
 .text._scanf_float
                0x000000000800ac20      0x3fc c:/st/stm32cubeide_1.5.1/stm32cubeide/plugins/com.st.stm32cube.ide.mcu.externaltools.gnu-tools-for-stm32.7-2018-q2-update.win32_1.5.0.202011040924/tools/bin/../lib/gcc/arm-none-eabi/7.3.1/../../../../arm-none-eabi/lib/thumb/v6-m\libc_nano.a(lib_a-nano-vfscanf_float.o)
                0x000000000800ac20                _scanf_float
 .text._sbrk_r  0x000000000800b01c       0x24 c:/st/stm32cubeide_1.5.1/stm32cubeide/plugins/com.st.stm32cube.ide.mcu.externaltools.gnu-tools-for-stm32.7-2018-q2-update.win32_1.5.0.202011040924/tools/bin/../lib/gcc/arm-none-eabi/7.3.1/../../../../arm-none-eabi/lib/thumb/v6-m\libc_nano.a(lib_a-sbrkr.o)
                0x000000000800b01c                _sbrk_r
 .text.nanf     0x000000000800b040        0x8 c:/st/stm32cubeide_1.5.1/stm32cubeide/plugins/com.st.stm32cube.ide.mcu.externaltools.gnu-tools-for-stm32.7-2018-q2-update.win32_1.5.0.202011040924/tools/bin/../lib/gcc/arm-none-eabi/7.3.1/../../../../arm-none-eabi/lib/thumb/v6-m\libc_nano.a(lib_a-sf_nan.o)
                0x000000000800b040                nanf
 .text.sprintf  0x000000000800b048       0x40 c:/st/stm32cubeide_1.5.1/stm32cubeide/plugins/com.st.stm32cube.ide.mcu.externaltools.gnu-tools-for-stm32.7-2018-q2-update.win32_1.5.0.202011040924/tools/bin/../lib/gcc/arm-none-eabi/7.3.1/../../../../arm-none-eabi/lib/thumb/v6-m\libc_nano.a(lib_a-sprintf.o)
                0x000000000800b048                siprintf
                0x000000000800b048                sprintf
 .text.strcat   0x000000000800b088       0x1c c:/st/stm32cubeide_1.5.1/stm32cubeide/plugins/com.st.stm32cube.ide.mcu.externaltools.gnu-tools-for-stm32.7-2018-q2-update.win32_1.5.0.202011040924/tools/bin/../lib/gcc/arm-none-eabi/7.3.1/../../../../arm-none-eabi/lib/thumb/v6-m\libc_nano.a(lib_a-strcat.o)
                0x000000000800b088                strcat
 .text.strcpy   0x000000000800b0a4       0x10 c:/st/stm32cubeide_1.5.1/stm32cubeide/plugins/com.st.stm32cube.ide.mcu.externaltools.gnu-tools-for-stm32.7-2018-q2-update.win32_1.5.0.202011040924/tools/bin/../lib/gcc/arm-none-eabi/7.3.1/../../../../arm-none-eabi/lib/thumb/v6-m\libc_nano.a(lib_a-strcpy.o)
                0x000000000800b0a4                strcpy
 .text.strstr   0x000000000800b0b4       0x32 c:/st/stm32cubeide_1.5.1/stm32cubeide/plugins/com.st.stm32cube.ide.mcu.externaltools.gnu-tools-for-stm32.7-2018-q2-update.win32_1.5.0.202011040924/tools/bin/../lib/gcc/arm-none-eabi/7.3.1/../../../../arm-none-eabi/lib/thumb/v6-m\libc_nano.a(lib_a-strstr.o)
                0x000000000800b0b4                strstr
 *fill*         0x000000000800b0e6        0x2 
 .text.unlikely.sulp
                0x000000000800b0e8       0x30 c:/st/stm32cubeide_1.5.1/stm32cubeide/plugins/com.st.stm32cube.ide.mcu.externaltools.gnu-tools-for-stm32.7-2018-q2-update.win32_1.5.0.202011040924/tools/bin/../lib/gcc/arm-none-eabi/7.3.1/../../../../arm-none-eabi/lib/thumb/v6-m\libc_nano.a(lib_a-strtod.o)
 .text._strtod_l
                0x000000000800b118      0xc50 c:/st/stm32cubeide_1.5.1/stm32cubeide/plugins/com.st.stm32cube.ide.mcu.externaltools.gnu-tools-for-stm32.7-2018-q2-update.win32_1.5.0.202011040924/tools/bin/../lib/gcc/arm-none-eabi/7.3.1/../../../../arm-none-eabi/lib/thumb/v6-m\libc_nano.a(lib_a-strtod.o)
                0x000000000800b118                _strtod_l
 .text._strtod_r
                0x000000000800bd68       0x1c c:/st/stm32cubeide_1.5.1/stm32cubeide/plugins/com.st.stm32cube.ide.mcu.externaltools.gnu-tools-for-stm32.7-2018-q2-update.win32_1.5.0.202011040924/tools/bin/../lib/gcc/arm-none-eabi/7.3.1/../../../../arm-none-eabi/lib/thumb/v6-m\libc_nano.a(lib_a-strtod.o)
                0x000000000800bd68                _strtod_r
 .text._strtol_l.isra.0
                0x000000000800bd84      0x104 c:/st/stm32cubeide_1.5.1/stm32cubeide/plugins/com.st.stm32cube.ide.mcu.externaltools.gnu-tools-for-stm32.7-2018-q2-update.win32_1.5.0.202011040924/tools/bin/../lib/gcc/arm-none-eabi/7.3.1/../../../../arm-none-eabi/lib/thumb/v6-m\libc_nano.a(lib_a-strtol.o)
 .text._strtol_r
                0x000000000800be88       0x20 c:/st/stm32cubeide_1.5.1/stm32cubeide/plugins/com.st.stm32cube.ide.mcu.externaltools.gnu-tools-for-stm32.7-2018-q2-update.win32_1.5.0.202011040924/tools/bin/../lib/gcc/arm-none-eabi/7.3.1/../../../../arm-none-eabi/lib/thumb/v6-m\libc_nano.a(lib_a-strtol.o)
                0x000000000800be88                _strtol_r
 .text.strtol   0x000000000800bea8       0x28 c:/st/stm32cubeide_1.5.1/stm32cubeide/plugins/com.st.stm32cube.ide.mcu.externaltools.gnu-tools-for-stm32.7-2018-q2-update.win32_1.5.0.202011040924/tools/bin/../lib/gcc/arm-none-eabi/7.3.1/../../../../arm-none-eabi/lib/thumb/v6-m\libc_nano.a(lib_a-strtol.o)
                0x000000000800bea8                strtol
 .text.quorem   0x000000000800bed0      0x10c c:/st/stm32cubeide_1.5.1/stm32cubeide/plugins/com.st.stm32cube.ide.mcu.externaltools.gnu-tools-for-stm32.7-2018-q2-update.win32_1.5.0.202011040924/tools/bin/../lib/gcc/arm-none-eabi/7.3.1/../../../../arm-none-eabi/lib/thumb/v6-m\libc_nano.a(lib_a-dtoa.o)
 .text._dtoa_r  0x000000000800bfdc      0xbc0 c:/st/stm32cubeide_1.5.1/stm32cubeide/plugins/com.st.stm32cube.ide.mcu.externaltools.gnu-tools-for-stm32.7-2018-q2-update.win32_1.5.0.202011040924/tools/bin/../lib/gcc/arm-none-eabi/7.3.1/../../../../arm-none-eabi/lib/thumb/v6-m\libc_nano.a(lib_a-dtoa.o)
                0x000000000800bfdc                _dtoa_r
 .text.rshift   0x000000000800cb9c       0x68 c:/st/stm32cubeide_1.5.1/stm32cubeide/plugins/com.st.stm32cube.ide.mcu.externaltools.gnu-tools-for-stm32.7-2018-q2-update.win32_1.5.0.202011040924/tools/bin/../lib/gcc/arm-none-eabi/7.3.1/../../../../arm-none-eabi/lib/thumb/v6-m\libc_nano.a(lib_a-gdtoa-gethex.o)
 .text.__hexdig_fun
                0x000000000800cc04       0x2a c:/st/stm32cubeide_1.5.1/stm32cubeide/plugins/com.st.stm32cube.ide.mcu.externaltools.gnu-tools-for-stm32.7-2018-q2-update.win32_1.5.0.202011040924/tools/bin/../lib/gcc/arm-none-eabi/7.3.1/../../../../arm-none-eabi/lib/thumb/v6-m\libc_nano.a(lib_a-gdtoa-gethex.o)
                0x000000000800cc04                __hexdig_fun
 .text.__gethex
                0x000000000800cc2e      0x456 c:/st/stm32cubeide_1.5.1/stm32cubeide/plugins/com.st.stm32cube.ide.mcu.externaltools.gnu-tools-for-stm32.7-2018-q2-update.win32_1.5.0.202011040924/tools/bin/../lib/gcc/arm-none-eabi/7.3.1/../../../../arm-none-eabi/lib/thumb/v6-m\libc_nano.a(lib_a-gdtoa-gethex.o)
                0x000000000800cc2e                __gethex
 .text.L_shift  0x000000000800d084       0x24 c:/st/stm32cubeide_1.5.1/stm32cubeide/plugins/com.st.stm32cube.ide.mcu.externaltools.gnu-tools-for-stm32.7-2018-q2-update.win32_1.5.0.202011040924/tools/bin/../lib/gcc/arm-none-eabi/7.3.1/../../../../arm-none-eabi/lib/thumb/v6-m\libc_nano.a(lib_a-gdtoa-hexnan.o)
 .text.__match  0x000000000800d0a8       0x28 c:/st/stm32cubeide_1.5.1/stm32cubeide/plugins/com.st.stm32cube.ide.mcu.externaltools.gnu-tools-for-stm32.7-2018-q2-update.win32_1.5.0.202011040924/tools/bin/../lib/gcc/arm-none-eabi/7.3.1/../../../../arm-none-eabi/lib/thumb/v6-m\libc_nano.a(lib_a-gdtoa-hexnan.o)
                0x000000000800d0a8                __match
 .text.__hexnan
                0x000000000800d0d0      0x12e c:/st/stm32cubeide_1.5.1/stm32cubeide/plugins/com.st.stm32cube.ide.mcu.externaltools.gnu-tools-for-stm32.7-2018-q2-update.win32_1.5.0.202011040924/tools/bin/../lib/gcc/arm-none-eabi/7.3.1/../../../../arm-none-eabi/lib/thumb/v6-m\libc_nano.a(lib_a-gdtoa-hexnan.o)
                0x000000000800d0d0                __hexnan
 .text.__locale_ctype_ptr_l
                0x000000000800d1fe        0x6 c:/st/stm32cubeide_1.5.1/stm32cubeide/plugins/com.st.stm32cube.ide.mcu.externaltools.gnu-tools-for-stm32.7-2018-q2-update.win32_1.5.0.202011040924/tools/bin/../lib/gcc/arm-none-eabi/7.3.1/../../../../arm-none-eabi/lib/thumb/v6-m\libc_nano.a(lib_a-locale.o)
                0x000000000800d1fe                __locale_ctype_ptr_l
 .text.__localeconv_l
                0x000000000800d204        0x4 c:/st/stm32cubeide_1.5.1/stm32cubeide/plugins/com.st.stm32cube.ide.mcu.externaltools.gnu-tools-for-stm32.7-2018-q2-update.win32_1.5.0.202011040924/tools/bin/../lib/gcc/arm-none-eabi/7.3.1/../../../../arm-none-eabi/lib/thumb/v6-m\libc_nano.a(lib_a-localeconv.o)
                0x000000000800d204                __localeconv_l
 .text._localeconv_r
                0x000000000800d208       0x18 c:/st/stm32cubeide_1.5.1/stm32cubeide/plugins/com.st.stm32cube.ide.mcu.externaltools.gnu-tools-for-stm32.7-2018-q2-update.win32_1.5.0.202011040924/tools/bin/../lib/gcc/arm-none-eabi/7.3.1/../../../../arm-none-eabi/lib/thumb/v6-m\libc_nano.a(lib_a-localeconv.o)
                0x000000000800d208                _localeconv_r
 .text.__ascii_mbtowc
                0x000000000800d220       0x24 c:/st/stm32cubeide_1.5.1/stm32cubeide/plugins/com.st.stm32cube.ide.mcu.externaltools.gnu-tools-for-stm32.7-2018-q2-update.win32_1.5.0.202011040924/tools/bin/../lib/gcc/arm-none-eabi/7.3.1/../../../../arm-none-eabi/lib/thumb/v6-m\libc_nano.a(lib_a-mbtowc_r.o)
                0x000000000800d220                __ascii_mbtowc
 .text.memchr   0x000000000800d244       0x16 c:/st/stm32cubeide_1.5.1/stm32cubeide/plugins/com.st.stm32cube.ide.mcu.externaltools.gnu-tools-for-stm32.7-2018-q2-update.win32_1.5.0.202011040924/tools/bin/../lib/gcc/arm-none-eabi/7.3.1/../../../../arm-none-eabi/lib/thumb/v6-m\libc_nano.a(lib_a-memchr-stub.o)
                0x000000000800d244                memchr
 .text.__malloc_lock
                0x000000000800d25a        0x2 c:/st/stm32cubeide_1.5.1/stm32cubeide/plugins/com.st.stm32cube.ide.mcu.externaltools.gnu-tools-for-stm32.7-2018-q2-update.win32_1.5.0.202011040924/tools/bin/../lib/gcc/arm-none-eabi/7.3.1/../../../../arm-none-eabi/lib/thumb/v6-m\libc_nano.a(lib_a-mlock.o)
                0x000000000800d25a                __malloc_lock
 .text.__malloc_unlock
                0x000000000800d25c        0x2 c:/st/stm32cubeide_1.5.1/stm32cubeide/plugins/com.st.stm32cube.ide.mcu.externaltools.gnu-tools-for-stm32.7-2018-q2-update.win32_1.5.0.202011040924/tools/bin/../lib/gcc/arm-none-eabi/7.3.1/../../../../arm-none-eabi/lib/thumb/v6-m\libc_nano.a(lib_a-mlock.o)
                0x000000000800d25c                __malloc_unlock
 .text._Balloc  0x000000000800d25e       0x70 c:/st/stm32cubeide_1.5.1/stm32cubeide/plugins/com.st.stm32cube.ide.mcu.externaltools.gnu-tools-for-stm32.7-2018-q2-update.win32_1.5.0.202011040924/tools/bin/../lib/gcc/arm-none-eabi/7.3.1/../../../../arm-none-eabi/lib/thumb/v6-m\libc_nano.a(lib_a-mprec.o)
                0x000000000800d25e                _Balloc
 .text._Bfree   0x000000000800d2ce       0x32 c:/st/stm32cubeide_1.5.1/stm32cubeide/plugins/com.st.stm32cube.ide.mcu.externaltools.gnu-tools-for-stm32.7-2018-q2-update.win32_1.5.0.202011040924/tools/bin/../lib/gcc/arm-none-eabi/7.3.1/../../../../arm-none-eabi/lib/thumb/v6-m\libc_nano.a(lib_a-mprec.o)
                0x000000000800d2ce                _Bfree
 .text.__multadd
                0x000000000800d300       0x7c c:/st/stm32cubeide_1.5.1/stm32cubeide/plugins/com.st.stm32cube.ide.mcu.externaltools.gnu-tools-for-stm32.7-2018-q2-update.win32_1.5.0.202011040924/tools/bin/../lib/gcc/arm-none-eabi/7.3.1/../../../../arm-none-eabi/lib/thumb/v6-m\libc_nano.a(lib_a-mprec.o)
                0x000000000800d300                __multadd
 .text.__s2b    0x000000000800d37c       0x7c c:/st/stm32cubeide_1.5.1/stm32cubeide/plugins/com.st.stm32cube.ide.mcu.externaltools.gnu-tools-for-stm32.7-2018-q2-update.win32_1.5.0.202011040924/tools/bin/../lib/gcc/arm-none-eabi/7.3.1/../../../../arm-none-eabi/lib/thumb/v6-m\libc_nano.a(lib_a-mprec.o)
                0x000000000800d37c                __s2b
 .text.__hi0bits
                0x000000000800d3f8       0x34 c:/st/stm32cubeide_1.5.1/stm32cubeide/plugins/com.st.stm32cube.ide.mcu.externaltools.gnu-tools-for-stm32.7-2018-q2-update.win32_1.5.0.202011040924/tools/bin/../lib/gcc/arm-none-eabi/7.3.1/../../../../arm-none-eabi/lib/thumb/v6-m\libc_nano.a(lib_a-mprec.o)
                0x000000000800d3f8                __hi0bits
 .text.__lo0bits
                0x000000000800d42c       0x5e c:/st/stm32cubeide_1.5.1/stm32cubeide/plugins/com.st.stm32cube.ide.mcu.externaltools.gnu-tools-for-stm32.7-2018-q2-update.win32_1.5.0.202011040924/tools/bin/../lib/gcc/arm-none-eabi/7.3.1/../../../../arm-none-eabi/lib/thumb/v6-m\libc_nano.a(lib_a-mprec.o)
                0x000000000800d42c                __lo0bits
 .text.__i2b    0x000000000800d48a       0x12 c:/st/stm32cubeide_1.5.1/stm32cubeide/plugins/com.st.stm32cube.ide.mcu.externaltools.gnu-tools-for-stm32.7-2018-q2-update.win32_1.5.0.202011040924/tools/bin/../lib/gcc/arm-none-eabi/7.3.1/../../../../arm-none-eabi/lib/thumb/v6-m\libc_nano.a(lib_a-mprec.o)
                0x000000000800d48a                __i2b
 .text.__multiply
                0x000000000800d49c      0x11e c:/st/stm32cubeide_1.5.1/stm32cubeide/plugins/com.st.stm32cube.ide.mcu.externaltools.gnu-tools-for-stm32.7-2018-q2-update.win32_1.5.0.202011040924/tools/bin/../lib/gcc/arm-none-eabi/7.3.1/../../../../arm-none-eabi/lib/thumb/v6-m\libc_nano.a(lib_a-mprec.o)
                0x000000000800d49c                __multiply
 *fill*         0x000000000800d5ba        0x2 
 .text.__pow5mult
                0x000000000800d5bc       0xa4 c:/st/stm32cubeide_1.5.1/stm32cubeide/plugins/com.st.stm32cube.ide.mcu.externaltools.gnu-tools-for-stm32.7-2018-q2-update.win32_1.5.0.202011040924/tools/bin/../lib/gcc/arm-none-eabi/7.3.1/../../../../arm-none-eabi/lib/thumb/v6-m\libc_nano.a(lib_a-mprec.o)
                0x000000000800d5bc                __pow5mult
 .text.__lshift
                0x000000000800d660       0xa4 c:/st/stm32cubeide_1.5.1/stm32cubeide/plugins/com.st.stm32cube.ide.mcu.externaltools.gnu-tools-for-stm32.7-2018-q2-update.win32_1.5.0.202011040924/tools/bin/../lib/gcc/arm-none-eabi/7.3.1/../../../../arm-none-eabi/lib/thumb/v6-m\libc_nano.a(lib_a-mprec.o)
                0x000000000800d660                __lshift
 .text.__mcmp   0x000000000800d704       0x34 c:/st/stm32cubeide_1.5.1/stm32cubeide/plugins/com.st.stm32cube.ide.mcu.externaltools.gnu-tools-for-stm32.7-2018-q2-update.win32_1.5.0.202011040924/tools/bin/../lib/gcc/arm-none-eabi/7.3.1/../../../../arm-none-eabi/lib/thumb/v6-m\libc_nano.a(lib_a-mprec.o)
                0x000000000800d704                __mcmp
 .text.__mdiff  0x000000000800d738       0xc8 c:/st/stm32cubeide_1.5.1/stm32cubeide/plugins/com.st.stm32cube.ide.mcu.externaltools.gnu-tools-for-stm32.7-2018-q2-update.win32_1.5.0.202011040924/tools/bin/../lib/gcc/arm-none-eabi/7.3.1/../../../../arm-none-eabi/lib/thumb/v6-m\libc_nano.a(lib_a-mprec.o)
                0x000000000800d738                __mdiff
 .text.__ulp    0x000000000800d800       0x4c c:/st/stm32cubeide_1.5.1/stm32cubeide/plugins/com.st.stm32cube.ide.mcu.externaltools.gnu-tools-for-stm32.7-2018-q2-update.win32_1.5.0.202011040924/tools/bin/../lib/gcc/arm-none-eabi/7.3.1/../../../../arm-none-eabi/lib/thumb/v6-m\libc_nano.a(lib_a-mprec.o)
                0x000000000800d800                __ulp
 .text.__b2d    0x000000000800d84c       0x98 c:/st/stm32cubeide_1.5.1/stm32cubeide/plugins/com.st.stm32cube.ide.mcu.externaltools.gnu-tools-for-stm32.7-2018-q2-update.win32_1.5.0.202011040924/tools/bin/../lib/gcc/arm-none-eabi/7.3.1/../../../../arm-none-eabi/lib/thumb/v6-m\libc_nano.a(lib_a-mprec.o)
                0x000000000800d84c                __b2d
 .text.__d2b    0x000000000800d8e4       0xa8 c:/st/stm32cubeide_1.5.1/stm32cubeide/plugins/com.st.stm32cube.ide.mcu.externaltools.gnu-tools-for-stm32.7-2018-q2-update.win32_1.5.0.202011040924/tools/bin/../lib/gcc/arm-none-eabi/7.3.1/../../../../arm-none-eabi/lib/thumb/v6-m\libc_nano.a(lib_a-mprec.o)
                0x000000000800d8e4                __d2b
 .text.__ratio  0x000000000800d98c       0x4e c:/st/stm32cubeide_1.5.1/stm32cubeide/plugins/com.st.stm32cube.ide.mcu.externaltools.gnu-tools-for-stm32.7-2018-q2-update.win32_1.5.0.202011040924/tools/bin/../lib/gcc/arm-none-eabi/7.3.1/../../../../arm-none-eabi/lib/thumb/v6-m\libc_nano.a(lib_a-mprec.o)
                0x000000000800d98c                __ratio
 .text.__copybits
                0x000000000800d9da       0x2c c:/st/stm32cubeide_1.5.1/stm32cubeide/plugins/com.st.stm32cube.ide.mcu.externaltools.gnu-tools-for-stm32.7-2018-q2-update.win32_1.5.0.202011040924/tools/bin/../lib/gcc/arm-none-eabi/7.3.1/../../../../arm-none-eabi/lib/thumb/v6-m\libc_nano.a(lib_a-mprec.o)
                0x000000000800d9da                __copybits
 .text.__any_on
                0x000000000800da06       0x44 c:/st/stm32cubeide_1.5.1/stm32cubeide/plugins/com.st.stm32cube.ide.mcu.externaltools.gnu-tools-for-stm32.7-2018-q2-update.win32_1.5.0.202011040924/tools/bin/../lib/gcc/arm-none-eabi/7.3.1/../../../../arm-none-eabi/lib/thumb/v6-m\libc_nano.a(lib_a-mprec.o)
                0x000000000800da06                __any_on
 .text._calloc_r
                0x000000000800da4a       0x1c c:/st/stm32cubeide_1.5.1/stm32cubeide/plugins/com.st.stm32cube.ide.mcu.externaltools.gnu-tools-for-stm32.7-2018-q2-update.win32_1.5.0.202011040924/tools/bin/../lib/gcc/arm-none-eabi/7.3.1/../../../../arm-none-eabi/lib/thumb/v6-m\libc_nano.a(lib_a-nano-callocr.o)
                0x000000000800da4a                _calloc_r
 *fill*         0x000000000800da66        0x2 
 .text.__ssputs_r
                0x000000000800da68       0xc4 c:/st/stm32cubeide_1.5.1/stm32cubeide/plugins/com.st.stm32cube.ide.mcu.externaltools.gnu-tools-for-stm32.7-2018-q2-update.win32_1.5.0.202011040924/tools/bin/../lib/gcc/arm-none-eabi/7.3.1/../../../../arm-none-eabi/lib/thumb/v6-m\libc_nano.a(lib_a-nano-svfprintf.o)
                0x000000000800da68                __ssputs_r
 .text._svfprintf_r
                0x000000000800db2c      0x1fc c:/st/stm32cubeide_1.5.1/stm32cubeide/plugins/com.st.stm32cube.ide.mcu.externaltools.gnu-tools-for-stm32.7-2018-q2-update.win32_1.5.0.202011040924/tools/bin/../lib/gcc/arm-none-eabi/7.3.1/../../../../arm-none-eabi/lib/thumb/v6-m\libc_nano.a(lib_a-nano-svfprintf.o)
                0x000000000800db2c                _svfiprintf_r
                0x000000000800db2c                _svfprintf_r
 .text.strncmp  0x000000000800dd28       0x22 c:/st/stm32cubeide_1.5.1/stm32cubeide/plugins/com.st.stm32cube.ide.mcu.externaltools.gnu-tools-for-stm32.7-2018-q2-update.win32_1.5.0.202011040924/tools/bin/../lib/gcc/arm-none-eabi/7.3.1/../../../../arm-none-eabi/lib/thumb/v6-m\libc_nano.a(lib_a-strncmp.o)
                0x000000000800dd28                strncmp
 .text.__ascii_wctomb
                0x000000000800dd4a       0x18 c:/st/stm32cubeide_1.5.1/stm32cubeide/plugins/com.st.stm32cube.ide.mcu.externaltools.gnu-tools-for-stm32.7-2018-q2-update.win32_1.5.0.202011040924/tools/bin/../lib/gcc/arm-none-eabi/7.3.1/../../../../arm-none-eabi/lib/thumb/v6-m\libc_nano.a(lib_a-wctomb_r.o)
                0x000000000800dd4a                __ascii_wctomb
 .text.memmove  0x000000000800dd62       0x26 c:/st/stm32cubeide_1.5.1/stm32cubeide/plugins/com.st.stm32cube.ide.mcu.externaltools.gnu-tools-for-stm32.7-2018-q2-update.win32_1.5.0.202011040924/tools/bin/../lib/gcc/arm-none-eabi/7.3.1/../../../../arm-none-eabi/lib/thumb/v6-m\libc_nano.a(lib_a-memmove.o)
                0x000000000800dd62                memmove
 .text._realloc_r
                0x000000000800dd88       0x4c c:/st/stm32cubeide_1.5.1/stm32cubeide/plugins/com.st.stm32cube.ide.mcu.externaltools.gnu-tools-for-stm32.7-2018-q2-update.win32_1.5.0.202011040924/tools/bin/../lib/gcc/arm-none-eabi/7.3.1/../../../../arm-none-eabi/lib/thumb/v6-m\libc_nano.a(lib_a-nano-reallocr.o)
                0x000000000800dd88                _realloc_r
 .text._malloc_usable_size_r
                0x000000000800ddd4       0x10 c:/st/stm32cubeide_1.5.1/stm32cubeide/plugins/com.st.stm32cube.ide.mcu.externaltools.gnu-tools-for-stm32.7-2018-q2-update.win32_1.5.0.202011040924/tools/bin/../lib/gcc/arm-none-eabi/7.3.1/../../../../arm-none-eabi/lib/thumb/v6-m\libc_nano.a(lib_a-nano-msizer.o)
                0x000000000800ddd4                _malloc_usable_size_r
 *(.glue_7)
 .glue_7        0x000000000800dde4        0x0 linker stubs
 *(.glue_7t)
 .glue_7t       0x000000000800dde4        0x0 linker stubs
 *(.eh_frame)
 .eh_frame      0x000000000800dde4        0x0 c:/st/stm32cubeide_1.5.1/stm32cubeide/plugins/com.st.stm32cube.ide.mcu.externaltools.gnu-tools-for-stm32.7-2018-q2-update.win32_1.5.0.202011040924/tools/bin/../lib/gcc/arm-none-eabi/7.3.1/thumb/v6-m/crtbegin.o
 *(.init)
 .init          0x000000000800dde4        0x4 c:/st/stm32cubeide_1.5.1/stm32cubeide/plugins/com.st.stm32cube.ide.mcu.externaltools.gnu-tools-for-stm32.7-2018-q2-update.win32_1.5.0.202011040924/tools/bin/../lib/gcc/arm-none-eabi/7.3.1/thumb/v6-m/crti.o
                0x000000000800dde4                _init
 .init          0x000000000800dde8        0x8 c:/st/stm32cubeide_1.5.1/stm32cubeide/plugins/com.st.stm32cube.ide.mcu.externaltools.gnu-tools-for-stm32.7-2018-q2-update.win32_1.5.0.202011040924/tools/bin/../lib/gcc/arm-none-eabi/7.3.1/thumb/v6-m/crtn.o
 *(.fini)
 .fini          0x000000000800ddf0        0x4 c:/st/stm32cubeide_1.5.1/stm32cubeide/plugins/com.st.stm32cube.ide.mcu.externaltools.gnu-tools-for-stm32.7-2018-q2-update.win32_1.5.0.202011040924/tools/bin/../lib/gcc/arm-none-eabi/7.3.1/thumb/v6-m/crti.o
                0x000000000800ddf0                _fini
 .fini          0x000000000800ddf4        0x8 c:/st/stm32cubeide_1.5.1/stm32cubeide/plugins/com.st.stm32cube.ide.mcu.externaltools.gnu-tools-for-stm32.7-2018-q2-update.win32_1.5.0.202011040924/tools/bin/../lib/gcc/arm-none-eabi/7.3.1/thumb/v6-m/crtn.o
                0x000000000800ddfc                . = ALIGN (0x4)
                0x000000000800ddfc                _etext = .

.vfp11_veneer   0x000000000800ddfc        0x0
 .vfp11_veneer  0x000000000800ddfc        0x0 linker stubs

.v4_bx          0x000000000800ddfc        0x0
 .v4_bx         0x000000000800ddfc        0x0 linker stubs

.iplt           0x000000000800ddfc        0x0
 .iplt          0x000000000800ddfc        0x0 c:/st/stm32cubeide_1.5.1/stm32cubeide/plugins/com.st.stm32cube.ide.mcu.externaltools.gnu-tools-for-stm32.7-2018-q2-update.win32_1.5.0.202011040924/tools/bin/../lib/gcc/arm-none-eabi/7.3.1/thumb/v6-m/crtbegin.o

.rodata         0x000000000800de00     0x16a0
                0x000000000800de00                . = ALIGN (0x4)
 *(.rodata)
 .rodata        0x000000000800de00      0x476 Core/Src/main.o
 *fill*         0x000000000800e276        0x2 
 .rodata        0x000000000800e278        0x2 Watec_Apps/debug/debug.o
 *fill*         0x000000000800e27a        0x2 
 .rodata        0x000000000800e27c      0x1e7 Watec_Apps/lrwan/lrwan.o
 *fill*         0x000000000800e463        0x1 
 .rodata        0x000000000800e464      0x5a5 Watec_Apps/sim7x00/sim7x00.o
 *fill*         0x000000000800ea09        0x3 
 .rodata        0x000000000800ea0c       0x40 c:/st/stm32cubeide_1.5.1/stm32cubeide/plugins/com.st.stm32cube.ide.mcu.externaltools.gnu-tools-for-stm32.7-2018-q2-update.win32_1.5.0.202011040924/tools/bin/../lib/gcc/arm-none-eabi/7.3.1/thumb/v6-m\libgcc.a(divdf3.o)
 .rodata        0x000000000800ea4c       0x40 c:/st/stm32cubeide_1.5.1/stm32cubeide/plugins/com.st.stm32cube.ide.mcu.externaltools.gnu-tools-for-stm32.7-2018-q2-update.win32_1.5.0.202011040924/tools/bin/../lib/gcc/arm-none-eabi/7.3.1/thumb/v6-m\libgcc.a(muldf3.o)
 *(.rodata*)
 .rodata._ZL7fullBat
                0x000000000800ea8c       0x1e Core/Src/main.o
 *fill*         0x000000000800eaaa        0x2 
 .rodata._ZL6lowBat
                0x000000000800eaac       0x1e Core/Src/main.o
 *fill*         0x000000000800eaca        0x2 
 .rodata._ZL9simSignal
                0x000000000800eacc       0x1e Core/Src/main.o
 *fill*         0x000000000800eaea        0x2 
 .rodata._ZL4logo
                0x000000000800eaec      0x230 Core/Src/main.o
 .rodata._Z7OS_loopv
                0x000000000800ed1c       0x40 Core/Src/main.o
 .rodata.AHBPrescTable
                0x000000000800ed5c       0x10 Core/Src/system_stm32l0xx.o
                0x000000000800ed5c                AHBPrescTable
 .rodata.APBPrescTable
                0x000000000800ed6c        0x8 Core/Src/system_stm32l0xx.o
                0x000000000800ed6c                APBPrescTable
 .rodata.PLLMulTable
                0x000000000800ed74        0x9 Core/Src/system_stm32l0xx.o
                0x000000000800ed74                PLLMulTable
 *fill*         0x000000000800ed7d        0x3 
 .rodata.UART_SetConfig
                0x000000000800ed80       0x48 Drivers/STM32L0xx_HAL_Driver/Src/stm32l0xx_hal_uart.o
 .rodata._ZL13loraFailEvent
                0x000000000800edc8       0x18 Watec_Apps/lrwan/lrwan.o
 .rodata._ZL13loraDoneEvent
                0x000000000800ede0       0x1c Watec_Apps/lrwan/lrwan.o
 .rodata._ZN7sim7x0013identifyEventEv
                0x000000000800edfc       0x38 Watec_Apps/sim7x00/sim7x00.o
 .rodata._ZL7Font5x7
                0x000000000800ee34      0x3b6 Watec_Apps/ssd1306_oled/fonts.o
 .rodata._printf_float.str1.1
                0x000000000800f1ea       0x12 c:/st/stm32cubeide_1.5.1/stm32cubeide/plugins/com.st.stm32cube.ide.mcu.externaltools.gnu-tools-for-stm32.7-2018-q2-update.win32_1.5.0.202011040924/tools/bin/../lib/gcc/arm-none-eabi/7.3.1/../../../../arm-none-eabi/lib/thumb/v6-m\libc_nano.a(lib_a-nano-vfprintf_float.o)
 .rodata._printf_i.str1.1
                0x000000000800f1fc       0x22 c:/st/stm32cubeide_1.5.1/stm32cubeide/plugins/com.st.stm32cube.ide.mcu.externaltools.gnu-tools-for-stm32.7-2018-q2-update.win32_1.5.0.202011040924/tools/bin/../lib/gcc/arm-none-eabi/7.3.1/../../../../arm-none-eabi/lib/thumb/v6-m\libc_nano.a(lib_a-nano-vfprintf_i.o)
 .rodata._scanf_float.str1.1
                0x000000000800f21e        0x5 c:/st/stm32cubeide_1.5.1/stm32cubeide/plugins/com.st.stm32cube.ide.mcu.externaltools.gnu-tools-for-stm32.7-2018-q2-update.win32_1.5.0.202011040924/tools/bin/../lib/gcc/arm-none-eabi/7.3.1/../../../../arm-none-eabi/lib/thumb/v6-m\libc_nano.a(lib_a-nano-vfscanf_float.o)
 .rodata._strtod_l.str1.1
                0x000000000800f223        0x5 c:/st/stm32cubeide_1.5.1/stm32cubeide/plugins/com.st.stm32cube.ide.mcu.externaltools.gnu-tools-for-stm32.7-2018-q2-update.win32_1.5.0.202011040924/tools/bin/../lib/gcc/arm-none-eabi/7.3.1/../../../../arm-none-eabi/lib/thumb/v6-m\libc_nano.a(lib_a-strtod.o)
                                          0xc (size before relaxing)
 *fill*         0x000000000800f223        0x1 
 .rodata.fpi.6160
                0x000000000800f224       0x14 c:/st/stm32cubeide_1.5.1/stm32cubeide/plugins/com.st.stm32cube.ide.mcu.externaltools.gnu-tools-for-stm32.7-2018-q2-update.win32_1.5.0.202011040924/tools/bin/../lib/gcc/arm-none-eabi/7.3.1/../../../../arm-none-eabi/lib/thumb/v6-m\libc_nano.a(lib_a-strtod.o)
 .rodata.fpinan.6196
                0x000000000800f238       0x14 c:/st/stm32cubeide_1.5.1/stm32cubeide/plugins/com.st.stm32cube.ide.mcu.externaltools.gnu-tools-for-stm32.7-2018-q2-update.win32_1.5.0.202011040924/tools/bin/../lib/gcc/arm-none-eabi/7.3.1/../../../../arm-none-eabi/lib/thumb/v6-m\libc_nano.a(lib_a-strtod.o)
 *fill*         0x000000000800f24c        0x4 
 .rodata.tinytens
                0x000000000800f250       0x28 c:/st/stm32cubeide_1.5.1/stm32cubeide/plugins/com.st.stm32cube.ide.mcu.externaltools.gnu-tools-for-stm32.7-2018-q2-update.win32_1.5.0.202011040924/tools/bin/../lib/gcc/arm-none-eabi/7.3.1/../../../../arm-none-eabi/lib/thumb/v6-m\libc_nano.a(lib_a-strtod.o)
 .rodata._dtoa_r.str1.1
                0x000000000800f278        0xd c:/st/stm32cubeide_1.5.1/stm32cubeide/plugins/com.st.stm32cube.ide.mcu.externaltools.gnu-tools-for-stm32.7-2018-q2-update.win32_1.5.0.202011040924/tools/bin/../lib/gcc/arm-none-eabi/7.3.1/../../../../arm-none-eabi/lib/thumb/v6-m\libc_nano.a(lib_a-dtoa.o)
                                          0xf (size before relaxing)
 .rodata._setlocale_r.str1.1
                0x000000000800f285        0x8 c:/st/stm32cubeide_1.5.1/stm32cubeide/plugins/com.st.stm32cube.ide.mcu.externaltools.gnu-tools-for-stm32.7-2018-q2-update.win32_1.5.0.202011040924/tools/bin/../lib/gcc/arm-none-eabi/7.3.1/../../../../arm-none-eabi/lib/thumb/v6-m\libc_nano.a(lib_a-locale.o)
                                          0x9 (size before relaxing)
 .rodata.str1.1
                0x000000000800f28d        0x2 c:/st/stm32cubeide_1.5.1/stm32cubeide/plugins/com.st.stm32cube.ide.mcu.externaltools.gnu-tools-for-stm32.7-2018-q2-update.win32_1.5.0.202011040924/tools/bin/../lib/gcc/arm-none-eabi/7.3.1/../../../../arm-none-eabi/lib/thumb/v6-m\libc_nano.a(lib_a-locale.o)
 *fill*         0x000000000800f28f        0x1 
 .rodata.__mprec_bigtens
                0x000000000800f290       0x28 c:/st/stm32cubeide_1.5.1/stm32cubeide/plugins/com.st.stm32cube.ide.mcu.externaltools.gnu-tools-for-stm32.7-2018-q2-update.win32_1.5.0.202011040924/tools/bin/../lib/gcc/arm-none-eabi/7.3.1/../../../../arm-none-eabi/lib/thumb/v6-m\libc_nano.a(lib_a-mprec.o)
                0x000000000800f290                __mprec_bigtens
 .rodata.__mprec_tens
                0x000000000800f2b8       0xc8 c:/st/stm32cubeide_1.5.1/stm32cubeide/plugins/com.st.stm32cube.ide.mcu.externaltools.gnu-tools-for-stm32.7-2018-q2-update.win32_1.5.0.202011040924/tools/bin/../lib/gcc/arm-none-eabi/7.3.1/../../../../arm-none-eabi/lib/thumb/v6-m\libc_nano.a(lib_a-mprec.o)
                0x000000000800f2b8                __mprec_tens
 .rodata.p05.6084
                0x000000000800f380        0xc c:/st/stm32cubeide_1.5.1/stm32cubeide/plugins/com.st.stm32cube.ide.mcu.externaltools.gnu-tools-for-stm32.7-2018-q2-update.win32_1.5.0.202011040924/tools/bin/../lib/gcc/arm-none-eabi/7.3.1/../../../../arm-none-eabi/lib/thumb/v6-m\libc_nano.a(lib_a-mprec.o)
 .rodata._svfprintf_r.str1.1
                0x000000000800f38c       0x11 c:/st/stm32cubeide_1.5.1/stm32cubeide/plugins/com.st.stm32cube.ide.mcu.externaltools.gnu-tools-for-stm32.7-2018-q2-update.win32_1.5.0.202011040924/tools/bin/../lib/gcc/arm-none-eabi/7.3.1/../../../../arm-none-eabi/lib/thumb/v6-m\libc_nano.a(lib_a-nano-svfprintf.o)
 .rodata._ctype_
                0x000000000800f39d      0x101 c:/st/stm32cubeide_1.5.1/stm32cubeide/plugins/com.st.stm32cube.ide.mcu.externaltools.gnu-tools-for-stm32.7-2018-q2-update.win32_1.5.0.202011040924/tools/bin/../lib/gcc/arm-none-eabi/7.3.1/../../../../arm-none-eabi/lib/thumb/v6-m\libc_nano.a(lib_a-ctype_.o)
                0x000000000800f39d                _ctype_
                0x000000000800f4a0                . = ALIGN (0x4)
 *fill*         0x000000000800f49e        0x2 

.ARM.extab      0x000000000800f4a0        0x0
                0x000000000800f4a0                . = ALIGN (0x4)
 *(.ARM.extab* .gnu.linkonce.armextab.*)
                0x000000000800f4a0                . = ALIGN (0x4)

.ARM            0x000000000800f4a0        0x8
                0x000000000800f4a0                . = ALIGN (0x4)
                0x000000000800f4a0                __exidx_start = .
 *(.ARM.exidx*)
 .ARM.exidx     0x000000000800f4a0        0x8 c:/st/stm32cubeide_1.5.1/stm32cubeide/plugins/com.st.stm32cube.ide.mcu.externaltools.gnu-tools-for-stm32.7-2018-q2-update.win32_1.5.0.202011040924/tools/bin/../lib/gcc/arm-none-eabi/7.3.1/thumb/v6-m\libgcc.a(_udivmoddi4.o)
                0x000000000800f4a8                __exidx_end = .
                0x000000000800f4a8                . = ALIGN (0x4)

.rel.dyn        0x000000000800f4a8        0x0
 .rel.iplt      0x000000000800f4a8        0x0 c:/st/stm32cubeide_1.5.1/stm32cubeide/plugins/com.st.stm32cube.ide.mcu.externaltools.gnu-tools-for-stm32.7-2018-q2-update.win32_1.5.0.202011040924/tools/bin/../lib/gcc/arm-none-eabi/7.3.1/thumb/v6-m/crtbegin.o

.preinit_array  0x000000000800f4a8        0x0
                0x000000000800f4a8                . = ALIGN (0x4)
                0x000000000800f4a8                PROVIDE (__preinit_array_start = .)
 *(.preinit_array*)
                0x000000000800f4a8                PROVIDE (__preinit_array_end = .)
                0x000000000800f4a8                . = ALIGN (0x4)

.init_array     0x000000000800f4a8       0x10
                0x000000000800f4a8                . = ALIGN (0x4)
                0x000000000800f4a8                PROVIDE (__init_array_start = .)
 *(SORT_BY_NAME(.init_array.*))
 *(.init_array*)
 .init_array    0x000000000800f4a8        0x4 c:/st/stm32cubeide_1.5.1/stm32cubeide/plugins/com.st.stm32cube.ide.mcu.externaltools.gnu-tools-for-stm32.7-2018-q2-update.win32_1.5.0.202011040924/tools/bin/../lib/gcc/arm-none-eabi/7.3.1/thumb/v6-m/crtbegin.o
 .init_array    0x000000000800f4ac        0x4 Core/Src/main.o
 .init_array    0x000000000800f4b0        0x4 Watec_Apps/lrwan/lrwan.o
 .init_array    0x000000000800f4b4        0x4 Watec_Apps/sim7x00/sim7x00.o
                0x000000000800f4b8                PROVIDE (__init_array_end = .)
                0x000000000800f4b8                . = ALIGN (0x4)

.fini_array     0x000000000800f4b8        0x4
                0x000000000800f4b8                . = ALIGN (0x4)
                [!provide]                        PROVIDE (__fini_array_start = .)
 *(SORT_BY_NAME(.fini_array.*))
 *(.fini_array*)
 .fini_array    0x000000000800f4b8        0x4 c:/st/stm32cubeide_1.5.1/stm32cubeide/plugins/com.st.stm32cube.ide.mcu.externaltools.gnu-tools-for-stm32.7-2018-q2-update.win32_1.5.0.202011040924/tools/bin/../lib/gcc/arm-none-eabi/7.3.1/thumb/v6-m/crtbegin.o
                [!provide]                        PROVIDE (__fini_array_end = .)
                0x000000000800f4bc                . = ALIGN (0x4)
                0x000000000800f4bc                _sidata = LOADADDR (.data)

.data           0x0000000020000000      0x214 load address 0x000000000800f4bc
                0x0000000020000000                . = ALIGN (0x4)
                0x0000000020000000                _sdata = .
 *(.data)
 *(.data*)
 .data.SystemCoreClock
                0x0000000020000000        0x4 Core/Src/system_stm32l0xx.o
                0x0000000020000000                SystemCoreClock
 .data.uwTickPrio
                0x0000000020000004        0x4 Drivers/STM32L0xx_HAL_Driver/Src/stm32l0xx_hal.o
                0x0000000020000004                uwTickPrio
 .data.uwTickFreq
                0x0000000020000008        0x1 Drivers/STM32L0xx_HAL_Driver/Src/stm32l0xx_hal.o
                0x0000000020000008                uwTickFreq
 *fill*         0x0000000020000009        0x3 
 .data.phoneNumbersAllowed
                0x000000002000000c       0x18 Watec_Apps/sim7x00/sim7x00.o
                0x000000002000000c                phoneNumbersAllowed
 .data.warningCodesAllowed
                0x0000000020000024       0x14 Watec_Apps/sim7x00/sim7x00.o
                0x0000000020000024                warningCodesAllowed
 .data.stopWarningCodesAllowed
                0x0000000020000038        0x4 Watec_Apps/sim7x00/sim7x00.o
                0x0000000020000038                stopWarningCodesAllowed
 .data.Font_5x7
                0x000000002000003c        0x8 Watec_Apps/ssd1306_oled/fonts.o
                0x000000002000003c                Font_5x7
 .data._impure_ptr
                0x0000000020000044        0x4 c:/st/stm32cubeide_1.5.1/stm32cubeide/plugins/com.st.stm32cube.ide.mcu.externaltools.gnu-tools-for-stm32.7-2018-q2-update.win32_1.5.0.202011040924/tools/bin/../lib/gcc/arm-none-eabi/7.3.1/../../../../arm-none-eabi/lib/thumb/v6-m\libc_nano.a(lib_a-impure.o)
                0x0000000020000044                _impure_ptr
 .data.impure_data
                0x0000000020000048       0x60 c:/st/stm32cubeide_1.5.1/stm32cubeide/plugins/com.st.stm32cube.ide.mcu.externaltools.gnu-tools-for-stm32.7-2018-q2-update.win32_1.5.0.202011040924/tools/bin/../lib/gcc/arm-none-eabi/7.3.1/../../../../arm-none-eabi/lib/thumb/v6-m\libc_nano.a(lib_a-impure.o)
 .data.__global_locale
                0x00000000200000a8      0x16c c:/st/stm32cubeide_1.5.1/stm32cubeide/plugins/com.st.stm32cube.ide.mcu.externaltools.gnu-tools-for-stm32.7-2018-q2-update.win32_1.5.0.202011040924/tools/bin/../lib/gcc/arm-none-eabi/7.3.1/../../../../arm-none-eabi/lib/thumb/v6-m\libc_nano.a(lib_a-locale.o)
                0x00000000200000a8                __global_locale
 *(.RamFunc)
 *(.RamFunc*)
                0x0000000020000214                . = ALIGN (0x4)
                0x0000000020000214                _edata = .

.igot.plt       0x0000000020000214        0x0 load address 0x000000000800f6d0
 .igot.plt      0x0000000020000214        0x0 c:/st/stm32cubeide_1.5.1/stm32cubeide/plugins/com.st.stm32cube.ide.mcu.externaltools.gnu-tools-for-stm32.7-2018-q2-update.win32_1.5.0.202011040924/tools/bin/../lib/gcc/arm-none-eabi/7.3.1/thumb/v6-m/crtbegin.o
                0x0000000020000214                . = ALIGN (0x4)

.bss            0x0000000020000214     0x26c8 load address 0x000000000800f6d0
                0x0000000020000214                _sbss = .
                0x0000000020000214                __bss_start__ = _sbss
 *(.bss)
 .bss           0x0000000020000214       0x1c c:/st/stm32cubeide_1.5.1/stm32cubeide/plugins/com.st.stm32cube.ide.mcu.externaltools.gnu-tools-for-stm32.7-2018-q2-update.win32_1.5.0.202011040924/tools/bin/../lib/gcc/arm-none-eabi/7.3.1/thumb/v6-m/crtbegin.o
 *(.bss*)
 .bss.hadc      0x0000000020000230       0x5c Core/Src/adc.o
                0x0000000020000230                hadc
 .bss.hi2c2     0x000000002000028c       0x4c Core/Src/i2c.o
                0x000000002000028c                hi2c2
 .bss.SIM7600E  0x00000000200002d8      0xfcc Core/Src/main.o
                0x00000000200002d8                SIM7600E
 .bss.SYSTEM    0x00000000200012a4        0x4 Core/Src/main.o
                0x00000000200012a4                SYSTEM
 .bss.LRWAN     0x00000000200012a8      0x7fc Core/Src/main.o
                0x00000000200012a8                LRWAN
 .bss.warningProcess
                0x0000000020001aa4        0x1 Core/Src/main.o
                0x0000000020001aa4                warningProcess
 .bss.stopProcess
                0x0000000020001aa5        0x1 Core/Src/main.o
                0x0000000020001aa5                stopProcess
 .bss.updateProcess
                0x0000000020001aa6        0x1 Core/Src/main.o
                0x0000000020001aa6                updateProcess
 .bss.initFlag  0x0000000020001aa7        0x1 Core/Src/main.o
                0x0000000020001aa7                initFlag
 .bss.waitFlag  0x0000000020001aa8        0x1 Core/Src/main.o
                0x0000000020001aa8                waitFlag
 .bss.doneWarningFlag
                0x0000000020001aa9        0x1 Core/Src/main.o
                0x0000000020001aa9                doneWarningFlag
 *fill*         0x0000000020001aaa        0x2 
 .bss.sim7600Event
                0x0000000020001aac        0x8 Core/Src/main.o
                0x0000000020001aac                sim7600Event
 .bss.lrwanEvent
                0x0000000020001ab4        0x8 Core/Src/main.o
                0x0000000020001ab4                lrwanEvent
 .bss._ZZ7readPinvE3bat
                0x0000000020001abc        0x3 Core/Src/main.o
 *fill*         0x0000000020001abf        0x1 
 .bss.hrtc      0x0000000020001ac0       0x24 Core/Src/rtc.o
                0x0000000020001ac0                hrtc
 .bss.__sbrk_heap_end
                0x0000000020001ae4        0x4 Core/Src/sysmem.o
 .bss.htim2     0x0000000020001ae8       0x40 Core/Src/tim.o
                0x0000000020001ae8                htim2
 .bss.huart1    0x0000000020001b28       0x84 Core/Src/usart.o
                0x0000000020001b28                huart1
 .bss.huart4    0x0000000020001bac       0x84 Core/Src/usart.o
                0x0000000020001bac                huart4
 .bss.huart5    0x0000000020001c30       0x84 Core/Src/usart.o
                0x0000000020001c30                huart5