Archive member included to satisfy reference by file (symbol)

c:/st/stm32cubeide_1.5.1/stm32cubeide/plugins/com.st.stm32cube.ide.mcu.externaltools.gnu-tools-for-stm32.7-2018-q2-update.win32_1.5.0.202011040924/tools/bin/../lib/gcc/arm-none-eabi/7.3.1/../../../../arm-none-eabi/lib/thumb/v6-m\libstdc++_nano.a(del_ops.o)
                              Watec_Apps/power/power.o (operator delete(void*, unsigned int))
c:/st/stm32cubeide_1.5.1/stm32cubeide/plugins/com.st.stm32cube.ide.mcu.externaltools.gnu-tools-for-stm32.7-2018-q2-update.win32_1.5.0.202011040924/tools/bin/../lib/gcc/arm-none-eabi/7.3.1/../../../../arm-none-eabi/lib/thumb/v6-m\libstdc++_nano.a(del_op.o)
                              c:/st/stm32cubeide_1.5.1/stm32cubeide/plugins/com.st.stm32cube.ide.mcu.externaltools.gnu-tools-for-stm32.7-2018-q2-update.win32_1.5.0.202011040924/tools/bin/../lib/gcc/arm-none-eabi/7.3.1/../../../../arm-none-eabi/lib/thumb/v6-m\libstdc++_nano.a(del_ops.o) (operator delete(void*))
c:/st/stm32cubeide_1.5.1/stm32cubeide/plugins/com.st.stm32cube.ide.mcu.externaltools.gnu-tools-for-stm32.7-2018-q2-update.win32_1.5.0.202011040924/tools/bin/../lib/gcc/arm-none-eabi/7.3.1/../../../../arm-none-eabi/lib/thumb/v6-m\libc_nano.a(lib_a-atoi.o)
                              Core/Src/main.o (atoi)
c:/st/stm32cubeide_1.5.1/stm32cubeide/plugins/com.st.stm32cube.ide.mcu.externaltools.gnu-tools-for-stm32.7-2018-q2-update.win32_1.5.0.202011040924/tools/bin/../lib/gcc/arm-none-eabi/7.3.1/../../../../arm-none-eabi/lib/thumb/v6-m\libc_nano.a(lib_a-errno.o)
                              Core/Src/syscalls.o (__errno)
c:/st/stm32cubeide_1.5.1/stm32cubeide/plugins/com.st.stm32cube.ide.mcu.externaltools.gnu-tools-for-stm32.7-2018-q2-update.win32_1.5.0.202011040924/tools/bin/../lib/gcc/arm-none-eabi/7.3.1/../../../../arm-none-eabi/lib/thumb/v6-m\libc_nano.a(lib_a-exit.o)
                              c:/st/stm32cubeide_1.5.1/stm32cubeide/plugins/com.st.stm32cube.ide.mcu.externaltools.gnu-tools-for-stm32.7-2018-q2-update.win32_1.5.0.202011040924/tools/bin/../lib/gcc/arm-none-eabi/7.3.1/../../../../arm-none-eabi/lib/thumb/v6-m/crt0.o (exit)
c:/st/stm32cubeide_1.5.1/stm32cubeide/plugins/com.st.stm32cube.ide.mcu.externaltools.gnu-tools-for-stm32.7-2018-q2-update.win32_1.5.0.202011040924/tools/bin/../lib/gcc/arm-none-eabi/7.3.1/../../../../arm-none-eabi/lib/thumb/v6-m\libc_nano.a(lib_a-impure.o)
                              c:/st/stm32cubeide_1.5.1/stm32cubeide/plugins/com.st.stm32cube.ide.mcu.externaltools.gnu-tools-for-stm32.7-2018-q2-update.win32_1.5.0.202011040924/tools/bin/../lib/gcc/arm-none-eabi/7.3.1/../../../../arm-none-eabi/lib/thumb/v6-m\libc_nano.a(lib_a-exit.o) (_global_impure_ptr)
c:/st/stm32cubeide_1.5.1/stm32cubeide/plugins/com.st.stm32cube.ide.mcu.externaltools.gnu-tools-for-stm32.7-2018-q2-update.win32_1.5.0.202011040924/tools/bin/../lib/gcc/arm-none-eabi/7.3.1/../../../../arm-none-eabi/lib/thumb/v6-m\libc_nano.a(lib_a-init.o)
                              c:/st/stm32cubeide_1.5.1/stm32cubeide/plugins/com.st.stm32cube.ide.mcu.externaltools.gnu-tools-for-stm32.7-2018-q2-update.win32_1.5.0.202011040924/tools/bin/../lib/gcc/arm-none-eabi/7.3.1/../../../../arm-none-eabi/lib/thumb/v6-m/crt0.o (__libc_init_array)
c:/st/stm32cubeide_1.5.1/stm32cubeide/plugins/com.st.stm32cube.ide.mcu.externaltools.gnu-tools-for-stm32.7-2018-q2-update.win32_1.5.0.202011040924/tools/bin/../lib/gcc/arm-none-eabi/7.3.1/../../../../arm-none-eabi/lib/thumb/v6-m\libc_nano.a(lib_a-malloc.o)
                              c:/st/stm32cubeide_1.5.1/stm32cubeide/plugins/com.st.stm32cube.ide.mcu.externaltools.gnu-tools-for-stm32.7-2018-q2-update.win32_1.5.0.202011040924/tools/bin/../lib/gcc/arm-none-eabi/7.3.1/../../../../arm-none-eabi/lib/thumb/v6-m\libstdc++_nano.a(del_op.o) (free)
c:/st/stm32cubeide_1.5.1/stm32cubeide/plugins/com.st.stm32cube.ide.mcu.externaltools.gnu-tools-for-stm32.7-2018-q2-update.win32_1.5.0.202011040924/tools/bin/../lib/gcc/arm-none-eabi/7.3.1/../../../../arm-none-eabi/lib/thumb/v6-m\libc_nano.a(lib_a-memcpy-stub.o)
                              Core/Src/main.o (memcpy)
c:/st/stm32cubeide_1.5.1/stm32cubeide/plugins/com.st.stm32cube.ide.mcu.externaltools.gnu-tools-for-stm32.7-2018-q2-update.win32_1.5.0.202011040924/tools/bin/../lib/gcc/arm-none-eabi/7.3.1/../../../../arm-none-eabi/lib/thumb/v6-m\libc_nano.a(lib_a-memset.o)
                              c:/st/stm32cubeide_1.5.1/stm32cubeide/plugins/com.st.stm32cube.ide.mcu.externaltools.gnu-tools-for-stm32.7-2018-q2-update.win32_1.5.0.202011040924/tools/bin/../lib/gcc/arm-none-eabi/7.3.1/../../../../arm-none-eabi/lib/thumb/v6-m/crt0.o (memset)
c:/st/stm32cubeide_1.5.1/stm32cubeide/plugins/com.st.stm32cube.ide.mcu.externaltools.gnu-tools-for-stm32.7-2018-q2-update.win32_1.5.0.202011040924/tools/bin/../lib/gcc/arm-none-eabi/7.3.1/../../../../arm-none-eabi/lib/thumb/v6-m\libc_nano.a(lib_a-nano-freer.o)
[...]
Memory Configuration

Name             Origin             Length             Attributes
RAM              0x0000000020000000 0x0000000000005000 xrw
FLASH            0x0000000008000000 0x0000000000030000 xr
*default*        0x0000000000000000 0xffffffffffffffff

Linker script and memory map

LOAD c:/st/stm32cubeide_1.5.1/stm32cubeide/plugins/com.st.stm32cube.ide.mcu.externaltools.gnu-tools-for-stm32.7-2018-q2-update.win32_1.5.0.202011040924/tools/bin/../lib/gcc/arm-none-eabi/7.3.1/thumb/v6-m/crti.o
LOAD c:/st/stm32cubeide_1.5.1/stm32cubeide/plugins/com.st.stm32cube.ide.mcu.externaltools.gnu-tools-for-stm32.7-2018-q2-update.win32_1.5.0.202011040924/tools/bin/../lib/gcc/arm-none-eabi/7.3.1/thumb/v6-m/crtbegin.o
LOAD c:/st/stm32cubeide_1.5.1/stm32cubeide/plugins/com.st.stm32cube.ide.mcu.externaltools.gnu-tools-for-stm32.7-2018-q2-update.win32_1.5.0.202011040924/tools/bin/../lib/gcc/arm-none-eabi/7.3.1/../../../../arm-none-eabi/lib/thumb/v6-m/crt0.o
LOAD Core/Src/adc.o
LOAD Core/Src/gpio.o
LOAD Core/Src/i2c.o
LOAD Core/Src/main.o
LOAD Core/Src/rtc.o
LOAD Core/Src/stm32l0xx_hal_msp.o
LOAD Core/Src/stm32l0xx_it.o
LOAD Core/Src/syscalls.o
LOAD Core/Src/sysmem.o
LOAD Core/Src/system_stm32l0xx.o
LOAD Core/Src/tim.o
LOAD Core/Src/usart.o
LOAD Core/Startup/startup_stm32l073rztx.o
LOAD Drivers/STM32L0xx_HAL_Driver/Src/stm32l0xx_hal.o
LOAD Drivers/STM32L0xx_HAL_Driver/Src/stm32l0xx_hal_adc.o
LOAD Drivers/STM32L0xx_HAL_Driver/Src/stm32l0xx_hal_adc_ex.o
LOAD Drivers/STM32L0xx_HAL_Driver/Src/stm32l0xx_hal_cortex.o
LOAD Drivers/STM32L0xx_HAL_Driver/Src/stm32l0xx_hal_dma.o
LOAD Drivers/STM32L0xx_HAL_Driver/Src/stm32l0xx_hal_exti.o
LOAD Drivers/STM32L0xx_HAL_Driver/Src/stm32l0xx_hal_flash.o
LOAD Drivers/STM32L0xx_HAL_Driver/Src/stm32l0xx_hal_flash_ex.o
LOAD Drivers/STM32L0xx_HAL_Driver/Src/stm32l0xx_hal_flash_ramfunc.o
LOAD Drivers/STM32L0xx_HAL_Driver/Src/stm32l0xx_hal_gpio.o
LOAD Drivers/STM32L0xx_HAL_Driver/Src/stm32l0xx_hal_i2c.o
LOAD Drivers/STM32L0xx_HAL_Driver/Src/stm32l0xx_hal_i2c_ex.o
LOAD Drivers/STM32L0xx_HAL_Driver/Src/stm32l0xx_hal_pwr.o
LOAD Drivers/STM32L0xx_HAL_Driver/Src/stm32l0xx_hal_pwr_ex.o
LOAD Drivers/STM32L0xx_HAL_Driver/Src/stm32l0xx_hal_rcc.o
LOAD Drivers/STM32L0xx_HAL_Driver/Src/stm32l0xx_hal_rcc_ex.o
LOAD Drivers/STM32L0xx_HAL_Driver/Src/stm32l0xx_hal_rtc.o
LOAD Drivers/STM32L0xx_HAL_Driver/Src/stm32l0xx_hal_rtc_ex.o
LOAD Drivers/STM32L0xx_HAL_Driver/Src/stm32l0xx_hal_tim.o
LOAD Drivers/STM32L0xx_HAL_Driver/Src/stm32l0xx_hal_tim_ex.o
LOAD Drivers/STM32L0xx_HAL_Driver/Src/stm32l0xx_hal_uart.o
LOAD Drivers/STM32L0xx_HAL_Driver/Src/stm32l0xx_hal_uart_ex.o
LOAD Watec_Apps/debug/debug.o
LOAD Watec_Apps/lrwan/lrwan.o
LOAD Watec_Apps/power/power.o
LOAD Watec_Apps/sim7x00/sim7x00.o
LOAD Watec_Apps/ssd1306_oled/Stm32ssd1306oled.o
LOAD Watec_Apps/ssd1306_oled/fonts.o
LOAD Watec_Apps/ssd1306_oled/test.o
START GROUP
LOAD c:/st/stm32cubeide_1.5.1/stm32cubeide/plugins/com.st.stm32cube.ide.mcu.externaltools.gnu-tools-for-stm32.7-2018-q2-update.win32_1.5.0.202011040924/tools/bin/../lib/gcc/arm-none-eabi/7.3.1/../../../../arm-none-eabi/lib/thumb/v6-m\libstdc++_nano.a
LOAD c:/st/stm32cubeide_1.5.1/stm32cubeide/plugins/com.st.stm32cube.ide.mcu.externaltools.gnu-tools-for-stm32.7-2018-q2-update.win32_1.5.0.202011040924/tools/bin/../lib/gcc/arm-none-eabi/7.3.1/../../../../arm-none-eabi/lib/thumb/v6-m\libsupc++_nano.a
END GROUP
LOAD c:/st/stm32cubeide_1.5.1/stm32cubeide/plugins/com.st.stm32cube.ide.mcu.externaltools.gnu-tools-for-stm32.7-2018-q2-update.win32_1.5.0.202011040924/tools/bin/../lib/gcc/arm-none-eabi/7.3.1/../../../../arm-none-eabi/lib/thumb/v6-m\libstdc++_nano.a
LOAD c:/st/stm32cubeide_1.5.1/stm32cubeide/plugins/com.st.stm32cube.ide.mcu.externaltools.gnu-tools-for-stm32.7-2018-q2-update.win32_1.5.0.202011040924/tools/bin/../lib/gcc/arm-none-eabi/7.3.1/../../../../arm-none-eabi/lib/thumb/v6-m\libm.a
LOAD c:/st/stm32cubeide_1.5.1/stm32cubeide/plugins/com.st.stm32cube.ide.mcu.externaltools.gnu-tools-for-stm32.7-2018-q2-update.win32_1.5.0.202011040924/tools/bin/../lib/gcc/arm-none-eabi/7.3.1/../../../../arm-none-eabi/lib/thumb/v6-m\libc_nano.a
START GROUP
LOAD c:/st/stm32cubeide_1.5.1/stm32cubeide/plugins/com.st.stm32cube.ide.mcu.externaltools.gnu-tools-for-stm32.7-2018-q2-update.win32_1.5.0.202011040924/tools/bin/../lib/gcc/arm-none-eabi/7.3.1/thumb/v6-m\libgcc.a
LOAD c:/st/stm32cubeide_1.5.1/stm32cubeide/plugins/com.st.stm32cube.ide.mcu.externaltools.gnu-tools-for-stm32.7-2018-q2-update.win32_1.5.0.202011040924/tools/bin/../lib/gcc/arm-none-eabi/7.3.1/../../../../arm-none-eabi/lib/thumb/v6-m\libc_nano.a
END GROUP
START GROUP
LOAD c:/st/stm32cubeide_1.5.1/stm32cubeide/plugins/com.st.stm32cube.ide.mcu.externaltools.gnu-tools-for-stm32.7-2018-q2-update.win32_1.5.0.202011040924/tools/bin/../lib/gcc/arm-none-eabi/7.3.1/thumb/v6-m\libgcc.a
LOAD c:/st/stm32cubeide_1.5.1/stm32cubeide/plugins/com.st.stm32cube.ide.mcu.externaltools.gnu-tools-for-stm32.7-2018-q2-update.win32_1.5.0.202011040924/tools/bin/../lib/gcc/arm-none-eabi/7.3.1/../../../../arm-none-eabi/lib/thumb/v6-m\libc_nano.a
LOAD c:/st/stm32cubeide_1.5.1/stm32cubeide/plugins/com.st.stm32cube.ide.mcu.externaltools.gnu-tools-for-stm32.7-2018-q2-update.win32_1.5.0.202011040924/tools/bin/../lib/gcc/arm-none-eabi/7.3.1/../../../../arm-none-eabi/lib/thumb/v6-m\libnosys.a
END GROUP
START GROUP
LOAD c:/st/stm32cubeide_1.5.1/stm32cubeide/plugins/com.st.stm32cube.ide.mcu.externaltools.gnu-tools-for-stm32.7-2018-q2-update.win32_1.5.0.202011040924/tools/bin/../lib/gcc/arm-none-eabi/7.3.1/thumb/v6-m\libgcc.a
LOAD c:/st/stm32cubeide_1.5.1/stm32cubeide/plugins/com.st.stm32cube.ide.mcu.externaltools.gnu-tools-for-stm32.7-2018-q2-update.win32_1.5.0.202011040924/tools/bin/../lib/gcc/arm-none-eabi/7.3.1/../../../../arm-none-eabi/lib/thumb/v6-m\libc_nano.a
LOAD c:/st/stm32cubeide_1.5.1/stm32cubeide/plugins/com.st.stm32cube.ide.mcu.externaltools.gnu-tools-for-stm32.7-2018-q2-update.win32_1.5.0.202011040924/tools/bin/../lib/gcc/arm-none-eabi/7.3.1/../../../../arm-none-eabi/lib/thumb/v6-m\libnosys.a
END GROUP
LOAD c:/st/stm32cubeide_1.5.1/stm32cubeide/plugins/com.st.stm32cube.ide.mcu.externaltools.gnu-tools-for-stm32.7-2018-q2-update.win32_1.5.0.202011040924/tools/bin/../lib/gcc/arm-none-eabi/7.3.1/thumb/v6-m/crtend.o
LOAD c:/st/stm32cubeide_1.5.1/stm32cubeide/plugins/com.st.stm32cube.ide.mcu.externaltools.gnu-tools-for-stm32.7-2018-q2-update.win32_1.5.0.202011040924/tools/bin/../lib/gcc/arm-none-eabi/7.3.1/thumb/v6-m/crtn.o
                0x0000000020005000                _estack = (ORIGIN (RAM) + LENGTH (RAM))
                0x0000000000000200                _Min_Heap_Size = 0x200
                0x0000000000000400                _Min_Stack_Size = 0x400

.isr_vector     0x0000000008000000       0xc0
                0x0000000008000000                . = ALIGN (0x4)
 *(.isr_vector)
 .isr_vector    0x0000000008000000       0xc0 Core/Startup/startup_stm32l073rztx.o
                0x0000000008000000                g_pfnVectors
                0x00000000080000c0                . = ALIGN (0x4)

.text           0x00000000080000c0     0xe9cc
                0x00000000080000c0                . = ALIGN (0x4)
 *(.text)
 .text          0x00000000080000c0       0x48 c:/st/stm32cubeide_1.5.1/stm32cubeide/plugins/com.st.stm32cube.ide.mcu.externaltools.gnu-tools-for-stm32.7-2018-q2-update.win32_1.5.0.202011040924/tools/bin/../lib/gcc/arm-none-eabi/7.3.1/thumb/v6-m/crtbegin.o
 .text          0x0000000008000108        0xe c:/st/stm32cubeide_1.5.1/stm32cubeide/plugins/com.st.stm32cube.ide.mcu.externaltools.gnu-tools-for-stm32.7-2018-q2-update.win32_1.5.0.202011040924/tools/bin/../lib/gcc/arm-none-eabi/7.3.1/../../../../arm-none-eabi/lib/thumb/v6-m\libc_nano.a(lib_a-strlen.o)
                0x0000000008000108                strlen
 *fill*         0x0000000008000116        0x2 
 .text          0x0000000008000118       0x14 c:/st/stm32cubeide_1.5.1/stm32cubeide/plugins/com.st.stm32cube.ide.mcu.externaltools.gnu-tools-for-stm32.7-2018-q2-update.win32_1.5.0.202011040924/tools/bin/../lib/gcc/arm-none-eabi/7.3.1/thumb/v6-m\libgcc.a(_thumb1_case_uqi.o)
                0x0000000008000118                __gnu_thumb1_case_uqi
 .text          0x000000000800012c      0x114 c:/st/stm32cubeide_1.5.1/stm32cubeide/plugins/com.st.stm32cube.ide.mcu.externaltools.gnu-tools-for-stm32.7-2018-q2-update.win32_1.5.0.202011040924/tools/bin/../lib/gcc/arm-none-eabi/7.3.1/thumb/v6-m\libgcc.a(_udivsi3.o)
                0x000000000800012c                __aeabi_uidiv
                0x000000000800012c                __udivsi3
                0x0000000008000238                __aeabi_uidivmod
 .text          0x0000000008000240      0x1d4 c:/st/stm32cubeide_1.5.1/stm32cubeide/plugins/com.st.stm32cube.ide.mcu.externaltools.gnu-tools-for-stm32.7-2018-q2-update.win32_1.5.0.202011040924/tools/bin/../lib/gcc/arm-none-eabi/7.3.1/thumb/v6-m\libgcc.a(_divsi3.o)
                0x0000000008000240                __divsi3
                0x0000000008000240                __aeabi_idiv
                0x000000000800040c                __aeabi_idivmod
 .text          0x0000000008000414        0x4 c:/st/stm32cubeide_1.5.1/stm32cubeide/plugins/com.st.stm32cube.ide.mcu.externaltools.gnu-tools-for-stm32.7-2018-q2-update.win32_1.5.0.202011040924/tools/bin/../lib/gcc/arm-none-eabi/7.3.1/thumb/v6-m\libgcc.a(_dvmd_tls.o)
                0x0000000008000414                __aeabi_idiv0
                0x0000000008000414                __aeabi_ldiv0
 .text          0x0000000008000418       0x7c c:/st/stm32cubeide_1.5.1/stm32cubeide/plugins/com.st.stm32cube.ide.mcu.externaltools.gnu-tools-for-stm32.7-2018-q2-update.win32_1.5.0.202011040924/tools/bin/../lib/gcc/arm-none-eabi/7.3.1/thumb/v6-m\libgcc.a(_arm_cmpdf2.o)
                0x0000000008000418                __aeabi_cdrcmple
                0x0000000008000428                __aeabi_cdcmple
                0x0000000008000428                __aeabi_cdcmpeq
                0x0000000008000438                __aeabi_dcmpeq
                0x0000000008000444                __aeabi_dcmplt
                0x0000000008000458                __aeabi_dcmple
                0x000000000800046c                __aeabi_dcmpgt
                0x0000000008000480                __aeabi_dcmpge
 .text          0x0000000008000494       0x74 c:/st/stm32cubeide_1.5.1/stm32cubeide/plugins/com.st.stm32cube.ide.mcu.externaltools.gnu-tools-for-stm32.7-2018-q2-update.win32_1.5.0.202011040924/tools/bin/../lib/gcc/arm-none-eabi/7.3.1/thumb/v6-m\libgcc.a(_arm_cmpsf2.o)
                0x0000000008000494                __aeabi_cfrcmple
                0x000000000800049c                __aeabi_cfcmpeq
                0x000000000800049c                __aeabi_cfcmple
                0x00000000080004ac                __aeabi_fcmpeq
                0x00000000080004b8                __aeabi_fcmplt
                0x00000000080004cc                __aeabi_fcmple
                0x00000000080004e0                __aeabi_fcmpgt
                0x00000000080004f4                __aeabi_fcmpge
 .text          0x0000000008000508       0x40 c:/st/stm32cubeide_1.5.1/stm32cubeide/plugins/com.st.stm32cube.ide.mcu.externaltools.gnu-tools-for-stm32.7-2018-q2-update.win32_1.5.0.202011040924/tools/bin/../lib/gcc/arm-none-eabi/7.3.1/thumb/v6-m\libgcc.a(_aeabi_uldivmod.o)
                0x0000000008000508                __aeabi_uldivmod
 .text          0x0000000008000548       0x54 c:/st/stm32cubeide_1.5.1/stm32cubeide/plugins/com.st.stm32cube.ide.mcu.externaltools.gnu-tools-for-stm32.7-2018-q2-update.win32_1.5.0.202011040924/tools/bin/../lib/gcc/arm-none-eabi/7.3.1/thumb/v6-m\libgcc.a(_muldi3.o)
                0x0000000008000548                __muldi3
                0x0000000008000548                __aeabi_lmul
 .text          0x000000000800059c       0x3c c:/st/stm32cubeide_1.5.1/stm32cubeide/plugins/com.st.stm32cube.ide.mcu.externaltools.gnu-tools-for-stm32.7-2018-q2-update.win32_1.5.0.202011040924/tools/bin/../lib/gcc/arm-none-eabi/7.3.1/thumb/v6-m\libgcc.a(_fixunsdfsi.o)
                0x000000000800059c                __aeabi_d2uiz
                0x000000000800059c                __fixunsdfsi
 .text          0x00000000080005d8      0x184 c:/st/stm32cubeide_1.5.1/stm32cubeide/plugins/com.st.stm32cube.ide.mcu.externaltools.gnu-tools-for-stm32.7-2018-q2-update.win32_1.5.0.202011040924/tools/bin/../lib/gcc/arm-none-eabi/7.3.1/thumb/v6-m\libgcc.a(_udivmoddi4.o)
                0x00000000080005d8                __udivmoddi4
 .text          0x000000000800075c       0x50 c:/st/stm32cubeide_1.5.1/stm32cubeide/plugins/com.st.stm32cube.ide.mcu.externaltools.gnu-tools-for-stm32.7-2018-q2-update.win32_1.5.0.202011040924/tools/bin/../lib/gcc/arm-none-eabi/7.3.1/thumb/v6-m\libgcc.a(eqsf2.o)
                0x000000000800075c                __eqsf2
                0x000000000800075c                __nesf2
 .text          0x00000000080007ac       0x9c c:/st/stm32cubeide_1.5.1/stm32cubeide/plugins/com.st.stm32cube.ide.mcu.externaltools.gnu-tools-for-stm32.7-2018-q2-update.win32_1.5.0.202011040924/tools/bin/../lib/gcc/arm-none-eabi/7.3.1/thumb/v6-m\libgcc.a(gesf2.o)
                0x00000000080007ac                __gesf2
                0x00000000080007ac                __gtsf2
 .text          0x0000000008000848       0xa0 c:/st/stm32cubeide_1.5.1/stm32cubeide/plugins/com.st.stm32cube.ide.mcu.externaltools.gnu-tools-for-stm32.7-2018-q2-update.win32_1.5.0.202011040924/tools/bin/../lib/gcc/arm-none-eabi/7.3.1/thumb/v6-m\libgcc.a(lesf2.o)
                0x0000000008000848                __ltsf2
                0x0000000008000848                __lesf2
 .text          0x00000000080008e8       0x40 c:/st/stm32cubeide_1.5.1/stm32cubeide/plugins/com.st.stm32cube.ide.mcu.externaltools.gnu-tools-for-stm32.7-2018-q2-update.win32_1.5.0.202011040924/tools/bin/../lib/gcc/arm-none-eabi/7.3.1/thumb/v6-m\libgcc.a(fixsfsi.o)
                0x00000000080008e8                __aeabi_f2iz
 .text          0x0000000008000928      0x638 c:/st/stm32cubeide_1.5.1/stm32cubeide/plugins/com.st.stm32cube.ide.mcu.externaltools.gnu-tools-for-stm32.7-2018-q2-update.win32_1.5.0.202011040924/tools/bin/../lib/gcc/arm-none-eabi/7.3.1/thumb/v6-m\libgcc.a(adddf3.o)
                0x0000000008000928                __aeabi_dadd
 .text          0x0000000008000f60      0x604 c:/st/stm32cubeide_1.5.1/stm32cubeide/plugins/com.st.stm32cube.ide.mcu.externaltools.gnu-tools-for-stm32.7-2018-q2-update.win32_1.5.0.202011040924/tools/bin/../lib/gcc/arm-none-eabi/7.3.1/thumb/v6-m\libgcc.a(divdf3.o)
                0x0000000008000f60                __aeabi_ddiv
 .text          0x0000000008001564       0x78 c:/st/stm32cubeide_1.5.1/stm32cubeide/plugins/com.st.stm32cube.ide.mcu.externaltools.gnu-tools-for-stm32.7-2018-q2-update.win32_1.5.0.202011040924/tools/bin/../lib/gcc/arm-none-eabi/7.3.1/thumb/v6-m\libgcc.a(eqdf2.o)
                0x0000000008001564                __nedf2
                0x0000000008001564                __eqdf2
 .text          0x00000000080015dc       0xc8 c:/st/stm32cubeide_1.5.1/stm32cubeide/plugins/com.st.stm32cube.ide.mcu.externaltools.gnu-tools-for-stm32.7-2018-q2-update.win32_1.5.0.202011040924/tools/bin/../lib/gcc/arm-none-eabi/7.3.1/thumb/v6-m\libgcc.a(gedf2.o)
                0x00000000080015dc                __gedf2
                0x00000000080015dc                __gtdf2
 .text          0x00000000080016a4       0xd0 c:/st/stm32cubeide_1.5.1/stm32cubeide/plugins/com.st.stm32cube.ide.mcu.externaltools.gnu-tools-for-stm32.7-2018-q2-update.win32_1.5.0.202011040924/tools/bin/../lib/gcc/arm-none-eabi/7.3.1/thumb/v6-m\libgcc.a(ledf2.o)
                0x00000000080016a4                __ledf2
                0x00000000080016a4                __ltdf2
 .text          0x0000000008001774      0x4e4 c:/st/stm32cubeide_1.5.1/stm32cubeide/plugins/com.st.stm32cube.ide.mcu.externaltools.gnu-tools-for-stm32.7-2018-q2-update.win32_1.5.0.202011040924/tools/bin/../lib/gcc/arm-none-eabi/7.3.1/thumb/v6-m\libgcc.a(muldf3.o)
                0x0000000008001774                __aeabi_dmul
 .text          0x0000000008001c58      0x690 c:/st/stm32cubeide_1.5.1/stm32cubeide/plugins/com.st.stm32cube.ide.mcu.externaltools.gnu-tools-for-stm32.7-2018-q2-update.win32_1.5.0.202011040924/tools/bin/../lib/gcc/arm-none-eabi/7.3.1/thumb/v6-m\libgcc.a(subdf3.o)
                0x0000000008001c58                __aeabi_dsub
 .text          0x00000000080022e8       0x38 c:/st/stm32cubeide_1.5.1/stm32cubeide/plugins/com.st.stm32cube.ide.mcu.externaltools.gnu-tools-for-stm32.7-2018-q2-update.win32_1.5.0.202011040924/tools/bin/../lib/gcc/arm-none-eabi/7.3.1/thumb/v6-m\libgcc.a(unorddf2.o)
                0x00000000080022e8                __aeabi_dcmpun
 .text          0x0000000008002320       0x6c c:/st/stm32cubeide_1.5.1/stm32cubeide/plugins/com.st.stm32cube.ide.mcu.externaltools.gnu-tools-for-stm32.7-2018-q2-update.win32_1.5.0.202011040924/tools/bin/../lib/gcc/arm-none-eabi/7.3.1/thumb/v6-m\libgcc.a(fixdfsi.o)
                0x0000000008002320                __aeabi_d2iz
 .text          0x000000000800238c       0x74 c:/st/stm32cubeide_1.5.1/stm32cubeide/plugins/com.st.stm32cube.ide.mcu.externaltools.gnu-tools-for-stm32.7-2018-q2-update.win32_1.5.0.202011040924/tools/bin/../lib/gcc/arm-none-eabi/7.3.1/thumb/v6-m\libgcc.a(floatsidf.o)
                0x000000000800238c                __aeabi_i2d
 .text          0x0000000008002400       0x64 c:/st/stm32cubeide_1.5.1/stm32cubeide/plugins/com.st.stm32cube.ide.mcu.externaltools.gnu-tools-for-stm32.7-2018-q2-update.win32_1.5.0.202011040924/tools/bin/../lib/gcc/arm-none-eabi/7.3.1/thumb/v6-m\libgcc.a(floatunsidf.o)
                0x0000000008002400                __aeabi_ui2d
 .text          0x0000000008002464      0x108 c:/st/stm32cubeide_1.5.1/stm32cubeide/plugins/com.st.stm32cube.ide.mcu.externaltools.gnu-tools-for-stm32.7-2018-q2-update.win32_1.5.0.202011040924/tools/bin/../lib/gcc/arm-none-eabi/7.3.1/thumb/v6-m\libgcc.a(truncdfsf2.o)
                0x0000000008002464                __aeabi_d2f
 .text          0x000000000800256c       0x3c c:/st/stm32cubeide_1.5.1/stm32cubeide/plugins/com.st.stm32cube.ide.mcu.externaltools.gnu-tools-for-stm32.7-2018-q2-update.win32_1.5.0.202011040924/tools/bin/../lib/gcc/arm-none-eabi/7.3.1/thumb/v6-m\libgcc.a(_clzsi2.o)
                0x000000000800256c                __clzsi2
 .text          0x00000000080025a8       0x18 c:/st/stm32cubeide_1.5.1/stm32cubeide/plugins/com.st.stm32cube.ide.mcu.externaltools.gnu-tools-for-stm32.7-2018-q2-update.win32_1.5.0.202011040924/tools/bin/../lib/gcc/arm-none-eabi/7.3.1/thumb/v6-m\libgcc.a(_clzdi2.o)
                0x00000000080025a8                __clzdi2
 *(.text*)
 .text.MX_ADC_Init
                0x00000000080025c0       0xdc Core/Src/adc.o
                0x00000000080025c0                MX_ADC_Init
 .text.HAL_ADC_MspInit
                0x000000000800269c       0x7c Core/Src/adc.o
                0x000000000800269c                HAL_ADC_MspInit
 .text.MX_GPIO_Init
                0x0000000008002718      0x1c0 Core/Src/gpio.o
                0x0000000008002718                MX_GPIO_Init
 .text.MX_I2C1_Init
                0x00000000080028d8       0x98 Core/Src/i2c.o
                0x00000000080028d8                MX_I2C1_Init
 .text.MX_I2C2_Init
                0x0000000008002970       0x98 Core/Src/i2c.o
                0x0000000008002970                MX_I2C2_Init
 .text.HAL_I2C_MspInit
                0x0000000008002a08       0xf0 Core/Src/i2c.o
                0x0000000008002a08                HAL_I2C_MspInit
 .text._Z18waitForNextTriggerv
                0x0000000008002af8       0x3c Core/Src/main.o
                0x0000000008002af8                waitForNextTrigger()
 .text.HAL_UART_RxCpltCallback
                0x0000000008002b34       0x44 Core/Src/main.o
                0x0000000008002b34                HAL_UART_RxCpltCallback
 .text.HAL_GPIO_EXTI_Callback
                0x0000000008002b78      0x1d0 Core/Src/main.o
                0x0000000008002b78                HAL_GPIO_EXTI_Callback
 .text._Z7readPinv
                0x0000000008002d48       0xcc Core/Src/main.o
                0x0000000008002d48                readPin()
 .text._Z9preHeaderv
                0x0000000008002e14       0xbc Core/Src/main.o
                0x0000000008002e14                preHeader()
 .text._Z13displayHeaderv
                0x0000000008002ed0      0x1b8 Core/Src/main.o
                0x0000000008002ed0                displayHeader()
 .text._Z18simCheckingRespondPKc
                0x0000000008003088       0x5c Core/Src/main.o
                0x0000000008003088                simCheckingRespond(char const*)
 .text._Z27lrwanSendAndCheckingRespondPKcS0_
                0x00000000080030e4       0x88 Core/Src/main.o
                0x00000000080030e4                lrwanSendAndCheckingRespond(char const*, char const*)
 .text._Z17prepareForProcessv
                0x000000000800316c       0x60 Core/Src/main.o
                0x000000000800316c                prepareForProcess()
 .text._Z4initv
                0x00000000080031cc       0xc8 Core/Src/main.o
                0x00000000080031cc                init()
 .text._Z15lrwanUpdateDatav
                0x0000000008003294      0x158 Core/Src/main.o
                0x0000000008003294                lrwanUpdateData()
 .text._Z15MQTTPublishDatav
                0x00000000080033ec      0x13c Core/Src/main.o
                0x00000000080033ec                MQTTPublishData()
 .text._Z7OS_loopv
                0x0000000008003528      0x558 Core/Src/main.o
                0x0000000008003528                OS_loop()
 .text.main     0x0000000008003a80       0x58 Core/Src/main.o
                0x0000000008003a80                main
 .text._Z18SystemClock_Configv
                0x0000000008003ad8      0x10c Core/Src/main.o
                0x0000000008003ad8                SystemClock_Config()
 .text.Error_Handler
                0x0000000008003be4        0x8 Core/Src/main.o
                0x0000000008003be4                Error_Handler
 .text._Z41__static_initialization_and_destruction_0ii
                0x0000000008003bec       0x60 Core/Src/main.o
 .text._GLOBAL__sub_I_SIM7600E
                0x0000000008003c4c       0x18 Core/Src/main.o
 .text.MX_RTC_Init
                0x0000000008003c64       0x5c Core/Src/rtc.o
                0x0000000008003c64                MX_RTC_Init
 .text.HAL_RTC_MspInit
                0x0000000008003cc0       0x40 Core/Src/rtc.o
                0x0000000008003cc0                HAL_RTC_MspInit
 .text.HAL_MspInit
                0x0000000008003d00       0x28 Core/Src/stm32l0xx_hal_msp.o
                0x0000000008003d00                HAL_MspInit
 .text.NMI_Handler
                0x0000000008003d28        0x6 Core/Src/stm32l0xx_it.o
                0x0000000008003d28                NMI_Handler
 .text.HardFault_Handler
                0x0000000008003d2e        0x6 Core/Src/stm32l0xx_it.o
                0x0000000008003d2e                HardFault_Handler
 .text.SVC_Handler
                0x0000000008003d34        0xa Core/Src/stm32l0xx_it.o
                0x0000000008003d34                SVC_Handler
 .text.PendSV_Handler
                0x0000000008003d3e        0xa Core/Src/stm32l0xx_it.o
                0x0000000008003d3e                PendSV_Handler
 .text.SysTick_Handler
                0x0000000008003d48        0xe Core/Src/stm32l0xx_it.o
                0x0000000008003d48                SysTick_Handler
 *fill*         0x0000000008003d56        0x2 
 .text.RTC_IRQHandler
                0x0000000008003d58       0x18 Core/Src/stm32l0xx_it.o
                0x0000000008003d58                RTC_IRQHandler
 .text.EXTI0_1_IRQHandler
                0x0000000008003d70       0x16 Core/Src/stm32l0xx_it.o
                0x0000000008003d70                EXTI0_1_IRQHandler
 .text.EXTI4_15_IRQHandler
                0x0000000008003d86       0x14 Core/Src/stm32l0xx_it.o
                0x0000000008003d86                EXTI4_15_IRQHandler
 *fill*         0x0000000008003d9a        0x2 
 .text.USART4_5_IRQHandler
                0x0000000008003d9c       0x24 Core/Src/stm32l0xx_it.o
                0x0000000008003d9c                USART4_5_IRQHandler
 .text.TIM2_IRQHandler
                0x0000000008003dc0       0x18 Core/Src/stm32l0xx_it.o
                0x0000000008003dc0                TIM2_IRQHandler
 .text.USART1_IRQHandler
                0x0000000008003dd8       0x18 Core/Src/stm32l0xx_it.o
                0x0000000008003dd8                USART1_IRQHandler
 .text._sbrk    0x0000000008003df0       0x6c Core/Src/sysmem.o
                0x0000000008003df0                _sbrk
 .text.SystemInit
                0x0000000008003e5c        0xa Core/Src/system_stm32l0xx.o
                0x0000000008003e5c                SystemInit
 *fill*         0x0000000008003e66        0x2 
 .text.MX_TIM2_Init
                0x0000000008003e68       0xd4 Core/Src/tim.o
                0x0000000008003e68                MX_TIM2_Init
 .text.HAL_TIM_OC_MspInit
                0x0000000008003f3c       0x3c Core/Src/tim.o
                0x0000000008003f3c                HAL_TIM_OC_MspInit
 .text.MX_USART1_UART_Init
                0x0000000008003f78       0x68 Core/Src/usart.o
                0x0000000008003f78                MX_USART1_UART_Init
 .text.MX_USART4_UART_Init
                0x0000000008003fe0       0x68 Core/Src/usart.o
                0x0000000008003fe0                MX_USART4_UART_Init
 .text.MX_USART5_UART_Init
                0x0000000008004048       0x68 Core/Src/usart.o
                0x0000000008004048                MX_USART5_UART_Init
 .text.HAL_UART_MspInit
                0x00000000080040b0      0x1d0 Core/Src/usart.o
                0x00000000080040b0                HAL_UART_MspInit
 .text.Reset_Handler
                0x0000000008004280       0x50 Core/Startup/startup_stm32l073rztx.o
                0x0000000008004280                Reset_Handler
 .text.Default_Handler
                0x00000000080042d0        0x2 Core/Startup/startup_stm32l073rztx.o
                0x00000000080042d0                TSC_IRQHandler
                0x00000000080042d0                ADC1_COMP_IRQHandler
                0x00000000080042d0                PVD_IRQHandler
                0x00000000080042d0                I2C1_IRQHandler
                0x00000000080042d0                RCC_CRS_IRQHandler
                0x00000000080042d0                SPI1_IRQHandler
                0x00000000080042d0                TIM6_DAC_IRQHandler
                0x00000000080042d0                EXTI2_3_IRQHandler
                0x00000000080042d0                I2C2_IRQHandler
                0x00000000080042d0                LCD_IRQHandler
                0x00000000080042d0                DMA1_Channel4_5_6_7_IRQHandler
                0x00000000080042d0                TIM3_IRQHandler
                0x00000000080042d0                DMA1_Channel1_IRQHandler
                0x00000000080042d0                Default_Handler
                0x00000000080042d0                TIM22_IRQHandler
                0x00000000080042d0                TIM7_IRQHandler
                0x00000000080042d0                USB_IRQHandler
                0x00000000080042d0                I2C3_IRQHandler
                0x00000000080042d0                SPI2_IRQHandler
                0x00000000080042d0                TIM21_IRQHandler
                0x00000000080042d0                WWDG_IRQHandler
                0x00000000080042d0                DMA1_Channel2_3_IRQHandler
                0x00000000080042d0                USART2_IRQHandler
                0x00000000080042d0                FLASH_IRQHandler
                0x00000000080042d0                RNG_LPUART1_IRQHandler
                0x00000000080042d0                LPTIM1_IRQHandler
 *fill*         0x00000000080042d2        0x2 
 .text.HAL_Init
                0x00000000080042d4       0x40 Drivers/STM32L0xx_HAL_Driver/Src/stm32l0xx_hal.o
                0x00000000080042d4                HAL_Init
 .text.HAL_InitTick
                0x0000000008004314       0x68 Drivers/STM32L0xx_HAL_Driver/Src/stm32l0xx_hal.o
                0x0000000008004314                HAL_InitTick
 .text.HAL_IncTick
                0x000000000800437c       0x24 Drivers/STM32L0xx_HAL_Driver/Src/stm32l0xx_hal.o
                0x000000000800437c                HAL_IncTick
 .text.HAL_GetTick
                0x00000000080043a0       0x14 Drivers/STM32L0xx_HAL_Driver/Src/stm32l0xx_hal.o
                0x00000000080043a0                HAL_GetTick
 .text.HAL_Delay
                0x00000000080043b4       0x44 Drivers/STM32L0xx_HAL_Driver/Src/stm32l0xx_hal.o
                0x00000000080043b4                HAL_Delay
 .text.HAL_ResumeTick
                0x00000000080043f8       0x1c Drivers/STM32L0xx_HAL_Driver/Src/stm32l0xx_hal.o
                0x00000000080043f8                HAL_ResumeTick
 .text.HAL_ADC_Init
                0x0000000008004414      0x2e8 Drivers/STM32L0xx_HAL_Driver/Src/stm32l0xx_hal_adc.o
                0x0000000008004414                HAL_ADC_Init
 .text.HAL_ADC_Start
                0x00000000080046fc       0xa8 Drivers/STM32L0xx_HAL_Driver/Src/stm32l0xx_hal_adc.o
                0x00000000080046fc                HAL_ADC_Start
 .text.HAL_ADC_GetValue
                0x00000000080047a4       0x16 Drivers/STM32L0xx_HAL_Driver/Src/stm32l0xx_hal_adc.o
                0x00000000080047a4                HAL_ADC_GetValue
 *fill*         0x00000000080047ba        0x2 
 .text.HAL_ADC_ConfigChannel
                0x00000000080047bc      0x140 Drivers/STM32L0xx_HAL_Driver/Src/stm32l0xx_hal_adc.o
                0x00000000080047bc                HAL_ADC_ConfigChannel
 .text.ADC_Enable
                0x00000000080048fc       0xc0 Drivers/STM32L0xx_HAL_Driver/Src/stm32l0xx_hal_adc.o
 .text.ADC_DelayMicroSecond
                0x00000000080049bc       0x3c Drivers/STM32L0xx_HAL_Driver/Src/stm32l0xx_hal_adc.o
 .text.HAL_ADCEx_Calibration_Start
                0x00000000080049f8      0x12c Drivers/STM32L0xx_HAL_Driver/Src/stm32l0xx_hal_adc_ex.o
                0x00000000080049f8                HAL_ADCEx_Calibration_Start
 .text.__NVIC_EnableIRQ
                0x0000000008004b24       0x34 Drivers/STM32L0xx_HAL_Driver/Src/stm32l0xx_hal_cortex.o
 .text.__NVIC_SetPriority
                0x0000000008004b58       0xdc Drivers/STM32L0xx_HAL_Driver/Src/stm32l0xx_hal_cortex.o
 .text.SysTick_Config
                0x0000000008004c34       0x48 Drivers/STM32L0xx_HAL_Driver/Src/stm32l0xx_hal_cortex.o
 .text.HAL_NVIC_SetPriority
                0x0000000008004c7c       0x2a Drivers/STM32L0xx_HAL_Driver/Src/stm32l0xx_hal_cortex.o
                0x0000000008004c7c                HAL_NVIC_SetPriority
 .text.HAL_NVIC_EnableIRQ
                0x0000000008004ca6       0x20 Drivers/STM32L0xx_HAL_Driver/Src/stm32l0xx_hal_cortex.o
                0x0000000008004ca6                HAL_NVIC_EnableIRQ
 .text.HAL_SYSTICK_Config
                0x0000000008004cc6       0x1a Drivers/STM32L0xx_HAL_Driver/Src/stm32l0xx_hal_cortex.o
                0x0000000008004cc6                HAL_SYSTICK_Config
 .text.HAL_DMA_Abort
                0x0000000008004ce0       0x80 Drivers/STM32L0xx_HAL_Driver/Src/stm32l0xx_hal_dma.o
                0x0000000008004ce0                HAL_DMA_Abort
 .text.HAL_DMA_Abort_IT
                0x0000000008004d60       0x90 Drivers/STM32L0xx_HAL_Driver/Src/stm32l0xx_hal_dma.o
                0x0000000008004d60                HAL_DMA_Abort_IT
 .text.HAL_GPIO_Init
                0x0000000008004df0      0x2fc Drivers/STM32L0xx_HAL_Driver/Src/stm32l0xx_hal_gpio.o
                0x0000000008004df0                HAL_GPIO_Init
 .text.HAL_GPIO_ReadPin
                0x00000000080050ec       0x3a Drivers/STM32L0xx_HAL_Driver/Src/stm32l0xx_hal_gpio.o
                0x00000000080050ec                HAL_GPIO_ReadPin
 .text.HAL_GPIO_WritePin
                0x0000000008005126       0x3a Drivers/STM32L0xx_HAL_Driver/Src/stm32l0xx_hal_gpio.o
                0x0000000008005126                HAL_GPIO_WritePin
 .text.HAL_GPIO_TogglePin
                0x0000000008005160       0x36 Drivers/STM32L0xx_HAL_Driver/Src/stm32l0xx_hal_gpio.o
                0x0000000008005160                HAL_GPIO_TogglePin
 *fill*         0x0000000008005196        0x2 
 .text.HAL_GPIO_EXTI_IRQHandler
                0x0000000008005198       0x38 Drivers/STM32L0xx_HAL_Driver/Src/stm32l0xx_hal_gpio.o
                0x0000000008005198                HAL_GPIO_EXTI_IRQHandler
 .text.HAL_I2C_Init
                0x00000000080051d0      0x12c Drivers/STM32L0xx_HAL_Driver/Src/stm32l0xx_hal_i2c.o
                0x00000000080051d0                HAL_I2C_Init
 .text.HAL_I2C_Master_Transmit
                0x00000000080052fc      0x210 Drivers/STM32L0xx_HAL_Driver/Src/stm32l0xx_hal_i2c.o
                0x00000000080052fc                HAL_I2C_Master_Transmit
 .text.HAL_I2C_IsDeviceReady
                0x000000000800550c      0x234 Drivers/STM32L0xx_HAL_Driver/Src/stm32l0xx_hal_i2c.o
                0x000000000800550c                HAL_I2C_IsDeviceReady
 .text.I2C_Flush_TXDR
                0x0000000008005740       0x44 Drivers/STM32L0xx_HAL_Driver/Src/stm32l0xx_hal_i2c.o
 .text.I2C_WaitOnFlagUntilTimeout
                0x0000000008005784       0x7e Drivers/STM32L0xx_HAL_Driver/Src/stm32l0xx_hal_i2c.o
 .text.I2C_WaitOnTXISFlagUntilTimeout
                0x0000000008005802       0x7e Drivers/STM32L0xx_HAL_Driver/Src/stm32l0xx_hal_i2c.o
 .text.I2C_WaitOnSTOPFlagUntilTimeout
                0x0000000008005880       0x78 Drivers/STM32L0xx_HAL_Driver/Src/stm32l0xx_hal_i2c.o
 .text.I2C_IsAcknowledgeFailed
                0x00000000080058f8       0xcc Drivers/STM32L0xx_HAL_Driver/Src/stm32l0xx_hal_i2c.o
 .text.I2C_TransferConfig
                0x00000000080059c4       0x6c Drivers/STM32L0xx_HAL_Driver/Src/stm32l0xx_hal_i2c.o
 .text.HAL_I2CEx_ConfigAnalogFilter
                0x0000000008005a30       0x98 Drivers/STM32L0xx_HAL_Driver/Src/stm32l0xx_hal_i2c_ex.o
                0x0000000008005a30                HAL_I2CEx_ConfigAnalogFilter
 .text.HAL_I2CEx_ConfigDigitalFilter
                0x0000000008005ac8       0x98 Drivers/STM32L0xx_HAL_Driver/Src/stm32l0xx_hal_i2c_ex.o
                0x0000000008005ac8                HAL_I2CEx_ConfigDigitalFilter
 .text.HAL_RCC_OscConfig
                0x0000000008005b60      0x7ac Drivers/STM32L0xx_HAL_Driver/Src/stm32l0xx_hal_rcc.o
                0x0000000008005b60                HAL_RCC_OscConfig
 .text.HAL_RCC_ClockConfig
                0x000000000800630c      0x290 Drivers/STM32L0xx_HAL_Driver/Src/stm32l0xx_hal_rcc.o
                0x000000000800630c                HAL_RCC_ClockConfig
 .text.HAL_RCC_GetSysClockFreq
                0x000000000800659c      0x144 Drivers/STM32L0xx_HAL_Driver/Src/stm32l0xx_hal_rcc.o
                0x000000000800659c                HAL_RCC_GetSysClockFreq
 .text.HAL_RCC_GetHCLKFreq
                0x00000000080066e0       0x14 Drivers/STM32L0xx_HAL_Driver/Src/stm32l0xx_hal_rcc.o
                0x00000000080066e0                HAL_RCC_GetHCLKFreq
 .text.HAL_RCC_GetPCLK1Freq
                0x00000000080066f4       0x2c Drivers/STM32L0xx_HAL_Driver/Src/stm32l0xx_hal_rcc.o
                0x00000000080066f4                HAL_RCC_GetPCLK1Freq
 .text.HAL_RCC_GetPCLK2Freq
                0x0000000008006720       0x2c Drivers/STM32L0xx_HAL_Driver/Src/stm32l0xx_hal_rcc.o
                0x0000000008006720                HAL_RCC_GetPCLK2Freq
 .text.HAL_RCCEx_PeriphCLKConfig
                0x000000000800674c      0x2e8 Drivers/STM32L0xx_HAL_Driver/Src/stm32l0xx_hal_rcc_ex.o
                0x000000000800674c                HAL_RCCEx_PeriphCLKConfig
 .text.HAL_RTC_Init
                0x0000000008006a34      0x13c Drivers/STM32L0xx_HAL_Driver/Src/stm32l0xx_hal_rtc.o
                0x0000000008006a34                HAL_RTC_Init
 .text.HAL_RTC_WaitForSynchro
                0x0000000008006b70       0x4e Drivers/STM32L0xx_HAL_Driver/Src/stm32l0xx_hal_rtc.o
                0x0000000008006b70                HAL_RTC_WaitForSynchro
 .text.RTC_EnterInitMode
                0x0000000008006bbe       0x54 Drivers/STM32L0xx_HAL_Driver/Src/stm32l0xx_hal_rtc.o
                0x0000000008006bbe                RTC_EnterInitMode
 *fill*         0x0000000008006c12        0x2 
 .text.HAL_RTCEx_WakeUpTimerIRQHandler
                0x0000000008006c14       0x54 Drivers/STM32L0xx_HAL_Driver/Src/stm32l0xx_hal_rtc_ex.o
                0x0000000008006c14                HAL_RTCEx_WakeUpTimerIRQHandler
 .text.HAL_RTCEx_WakeUpTimerEventCallback
                0x0000000008006c68       0x10 Drivers/STM32L0xx_HAL_Driver/Src/stm32l0xx_hal_rtc_ex.o
                0x0000000008006c68                HAL_RTCEx_WakeUpTimerEventCallback
 .text.HAL_TIM_OC_Init
                0x0000000008006c78       0x80 Drivers/STM32L0xx_HAL_Driver/Src/stm32l0xx_hal_tim.o
                0x0000000008006c78                HAL_TIM_OC_Init
 .text.HAL_TIM_IRQHandler
                0x0000000008006cf8      0x1d0 Drivers/STM32L0xx_HAL_Driver/Src/stm32l0xx_hal_tim.o
                0x0000000008006cf8                HAL_TIM_IRQHandler
 .text.HAL_TIM_OC_ConfigChannel
                0x0000000008006ec8       0x8c Drivers/STM32L0xx_HAL_Driver/Src/stm32l0xx_hal_tim.o
                0x0000000008006ec8                HAL_TIM_OC_ConfigChannel
 .text.HAL_TIM_PeriodElapsedCallback
                0x0000000008006f54       0x10 Drivers/STM32L0xx_HAL_Driver/Src/stm32l0xx_hal_tim.o
                0x0000000008006f54                HAL_TIM_PeriodElapsedCallback
 .text.HAL_TIM_OC_DelayElapsedCallback
                0x0000000008006f64       0x10 Drivers/STM32L0xx_HAL_Driver/Src/stm32l0xx_hal_tim.o
                0x0000000008006f64                HAL_TIM_OC_DelayElapsedCallback
 .text.HAL_TIM_IC_CaptureCallback
                0x0000000008006f74       0x10 Drivers/STM32L0xx_HAL_Driver/Src/stm32l0xx_hal_tim.o
                0x0000000008006f74                HAL_TIM_IC_CaptureCallback
 .text.HAL_TIM_PWM_PulseFinishedCallback
                0x0000000008006f84       0x10 Drivers/STM32L0xx_HAL_Driver/Src/stm32l0xx_hal_tim.o
                0x0000000008006f84                HAL_TIM_PWM_PulseFinishedCallback
 .text.HAL_TIM_TriggerCallback
                0x0000000008006f94       0x10 Drivers/STM32L0xx_HAL_Driver/Src/stm32l0xx_hal_tim.o
                0x0000000008006f94                HAL_TIM_TriggerCallback
 .text.TIM_Base_SetConfig
                0x0000000008006fa4       0xbc Drivers/STM32L0xx_HAL_Driver/Src/stm32l0xx_hal_tim.o
 .text.TIM_OC1_SetConfig
                0x0000000008007060       0x78 Drivers/STM32L0xx_HAL_Driver/Src/stm32l0xx_hal_tim.o
 .text.TIM_OC2_SetConfig
                0x00000000080070d8       0x84 Drivers/STM32L0xx_HAL_Driver/Src/stm32l0xx_hal_tim.o
 .text.TIM_OC3_SetConfig
                0x000000000800715c       0x80 Drivers/STM32L0xx_HAL_Driver/Src/stm32l0xx_hal_tim.o
 .text.TIM_OC4_SetConfig
                0x00000000080071dc       0x8c Drivers/STM32L0xx_HAL_Driver/Src/stm32l0xx_hal_tim.o
 .text.HAL_TIMEx_MasterConfigSynchronization
                0x0000000008007268       0xbc Drivers/STM32L0xx_HAL_Driver/Src/stm32l0xx_hal_tim_ex.o
                0x0000000008007268                HAL_TIMEx_MasterConfigSynchronization
 .text.HAL_UART_Init
                0x0000000008007324       0xa8 Drivers/STM32L0xx_HAL_Driver/Src/stm32l0xx_hal_uart.o
                0x0000000008007324                HAL_UART_Init
 .text.HAL_UART_Transmit
                0x00000000080073cc      0x150 Drivers/STM32L0xx_HAL_Driver/Src/stm32l0xx_hal_uart.o
                0x00000000080073cc                HAL_UART_Transmit
 .text.HAL_UART_Receive_IT
                0x000000000800751c       0xb0 Drivers/STM32L0xx_HAL_Driver/Src/stm32l0xx_hal_uart.o
                0x000000000800751c                HAL_UART_Receive_IT
 .text.HAL_UART_IRQHandler
                0x00000000080075cc      0x414 Drivers/STM32L0xx_HAL_Driver/Src/stm32l0xx_hal_uart.o
                0x00000000080075cc                HAL_UART_IRQHandler
 .text.HAL_UART_TxCpltCallback
                0x00000000080079e0       0x10 Drivers/STM32L0xx_HAL_Driver/Src/stm32l0xx_hal_uart.o
                0x00000000080079e0                HAL_UART_TxCpltCallback
 .text.HAL_UART_ErrorCallback
                0x00000000080079f0       0x10 Drivers/STM32L0xx_HAL_Driver/Src/stm32l0xx_hal_uart.o
                0x00000000080079f0                HAL_UART_ErrorCallback
 .text.HAL_UARTEx_RxEventCallback
                0x0000000008007a00       0x16 Drivers/STM32L0xx_HAL_Driver/Src/stm32l0xx_hal_uart.o
                0x0000000008007a00                HAL_UARTEx_RxEventCallback
 *fill*         0x0000000008007a16        0x2 
 .text.UART_SetConfig
                0x0000000008007a18      0x578 Drivers/STM32L0xx_HAL_Driver/Src/stm32l0xx_hal_uart.o
                0x0000000008007a18                UART_SetConfig
 .text.UART_AdvFeatureConfig
                0x0000000008007f90      0x168 Drivers/STM32L0xx_HAL_Driver/Src/stm32l0xx_hal_uart.o
                0x0000000008007f90                UART_AdvFeatureConfig
 .text.UART_CheckIdleState
                0x00000000080080f8       0x94 Drivers/STM32L0xx_HAL_Driver/Src/stm32l0xx_hal_uart.o
                0x00000000080080f8                UART_CheckIdleState
 .text.UART_WaitOnFlagUntilTimeout
                0x000000000800818c       0xfc Drivers/STM32L0xx_HAL_Driver/Src/stm32l0xx_hal_uart.o
                0x000000000800818c                UART_WaitOnFlagUntilTimeout
 .text.UART_Start_Receive_IT
                0x0000000008008288      0x11c Drivers/STM32L0xx_HAL_Driver/Src/stm32l0xx_hal_uart.o
                0x0000000008008288                UART_Start_Receive_IT
 .text.UART_EndRxTransfer
                0x00000000080083a4       0x60 Drivers/STM32L0xx_HAL_Driver/Src/stm32l0xx_hal_uart.o
 .text.UART_DMAAbortOnError
                0x0000000008008404       0x2e Drivers/STM32L0xx_HAL_Driver/Src/stm32l0xx_hal_uart.o
 .text.UART_EndTransmit_IT
                0x0000000008008432       0x34 Drivers/STM32L0xx_HAL_Driver/Src/stm32l0xx_hal_uart.o
 *fill*         0x0000000008008466        0x2 
 .text.UART_RxISR_8BIT
                0x0000000008008468       0xec Drivers/STM32L0xx_HAL_Driver/Src/stm32l0xx_hal_uart.o
 .text.UART_RxISR_16BIT
                0x0000000008008554       0xec Drivers/STM32L0xx_HAL_Driver/Src/stm32l0xx_hal_uart.o
 .text.HAL_UARTEx_WakeupCallback
                0x0000000008008640       0x10 Drivers/STM32L0xx_HAL_Driver/Src/stm32l0xx_hal_uart_ex.o
                0x0000000008008640                HAL_UARTEx_WakeupCallback
 .text._ZN5debugC2EP20__UART_HandleTypeDef
                0x0000000008008650       0x1a Watec_Apps/debug/debug.o
                0x0000000008008650                debug::debug(__UART_HandleTypeDef*)
                0x0000000008008650                debug::debug(__UART_HandleTypeDef*)
 .text._ZN5debug5printEPKc
                0x000000000800866a       0x2e Watec_Apps/debug/debug.o
                0x000000000800866a                debug::print(char const*)
 .text._ZN5debug7printlnEPKc
                0x0000000008008698       0x44 Watec_Apps/debug/debug.o
                0x0000000008008698                debug::println(char const*)
 .text._ZN7unDebugC2Ev
                0x00000000080086dc       0x12 Watec_Apps/debug/debug.o
                0x00000000080086dc                unDebug::unDebug()
                0x00000000080086dc                unDebug::unDebug()
 *fill*         0x00000000080086ee        0x2 
 .text._ZN5lrwanC2EP20__UART_HandleTypeDef
                0x00000000080086f0       0x30 Watec_Apps/lrwan/lrwan.o
                0x00000000080086f0                lrwan::lrwan(__UART_HandleTypeDef*)
                0x00000000080086f0                lrwan::lrwan(__UART_HandleTypeDef*)
 .text._ZN5lrwan10IRQhandlerEv
                0x0000000008008720      0x108 Watec_Apps/lrwan/lrwan.o
                0x0000000008008720                lrwan::IRQhandler()
 .text._ZN5lrwan8memresetEv
                0x0000000008008828       0x34 Watec_Apps/lrwan/lrwan.o
                0x0000000008008828                lrwan::memreset()
 .text._ZN5lrwan11sendCommandEPKcS1_i
                0x000000000800885c      0x148 Watec_Apps/lrwan/lrwan.o
                0x000000000800885c                lrwan::sendCommand(char const*, char const*, int)
 .text._ZN5lrwan8responseEPKci
                0x00000000080089a4       0x32 Watec_Apps/lrwan/lrwan.o
                0x00000000080089a4                lrwan::response(char const*, int)
 *fill*         0x00000000080089d6        0x2 
 .text._ZN5lrwan13identifyEventEv
                0x00000000080089d8      0x1d8 Watec_Apps/lrwan/lrwan.o
                0x00000000080089d8                lrwan::identifyEvent()
 .text._ZN5lrwan4initEv
                0x0000000008008bb0       0x28 Watec_Apps/lrwan/lrwan.o
                0x0000000008008bb0                lrwan::init()
 .text._ZN5lrwan8sendDataEPKcS1_ii
                0x0000000008008bd8       0xbc Watec_Apps/lrwan/lrwan.o
                0x0000000008008bd8                lrwan::sendData(char const*, char const*, int, int)
 .text._Z41__static_initialization_and_destruction_0ii
                0x0000000008008c94       0x44 Watec_Apps/lrwan/lrwan.o
 .text._GLOBAL__sub_I_lrDebug
                0x0000000008008cd8       0x18 Watec_Apps/lrwan/lrwan.o
 .text._ZN7sim7x00C2EP20__UART_HandleTypeDef
                0x0000000008008cf0       0x34 Watec_Apps/sim7x00/sim7x00.o
                0x0000000008008cf0                sim7x00::sim7x00(__UART_HandleTypeDef*)
                0x0000000008008cf0                sim7x00::sim7x00(__UART_HandleTypeDef*)
 .text._ZN7sim7x0010IRQhandlerEv
                0x0000000008008d24       0x78 Watec_Apps/sim7x00/sim7x00.o
                0x0000000008008d24                sim7x00::IRQhandler()
 .text._ZN7sim7x0013sendATcommandEPKcS1_i
                0x0000000008008d9c      0x14c Watec_Apps/sim7x00/sim7x00.o
                0x0000000008008d9c                sim7x00::sendATcommand(char const*, char const*, int)
 .text._ZN7sim7x004initEi
                0x0000000008008ee8      0x2ec Watec_Apps/sim7x00/sim7x00.o
                0x0000000008008ee8                sim7x00::init(int)
 .text._ZN7sim7x008memresetEv
                0x00000000080091d4       0x34 Watec_Apps/sim7x00/sim7x00.o
                0x00000000080091d4                sim7x00::memreset()
 .text._ZN7sim7x0013identifyEventEv
                0x0000000008009208      0x1b8 Watec_Apps/sim7x00/sim7x00.o
                0x0000000008009208                sim7x00::identifyEvent()
 .text._ZN7sim7x0015checkingRespondEPKcm
                0x00000000080093c0       0x6e Watec_Apps/sim7x00/sim7x00.o
                0x00000000080093c0                sim7x00::checkingRespond(char const*, unsigned long)
 *fill*         0x000000000800942e        0x2 
 .text._ZN7sim7x0019checkIncommingEventEv
                0x0000000008009430       0x7c Watec_Apps/sim7x00/sim7x00.o
                0x0000000008009430                sim7x00::checkIncommingEvent()
 .text._ZN7sim7x007readSMSEv
                0x00000000080094ac       0x90 Watec_Apps/sim7x00/sim7x00.o
                0x00000000080094ac                sim7x00::readSMS()
 .text._ZN7sim7x0022isAuthorizePhoneNumberEPKc
                0x000000000800953c       0x94 Watec_Apps/sim7x00/sim7x00.o
                0x000000000800953c                sim7x00::isAuthorizePhoneNumber(char const*)
 .text._ZN7sim7x0018identifySMSRequestEPKc
                0x00000000080095d0      0x104 Watec_Apps/sim7x00/sim7x00.o
                0x00000000080095d0                sim7x00::identifySMSRequest(char const*)
 .text._ZN7sim7x008MQTTstopEv
                0x00000000080096d4       0x50 Watec_Apps/sim7x00/sim7x00.o
                0x00000000080096d4                sim7x00::MQTTstop()
 .text._ZN7sim7x0011MQTTpublishEPKcS1_ii
                0x0000000008009724      0x180 Watec_Apps/sim7x00/sim7x00.o
                0x0000000008009724                sim7x00::MQTTpublish(char const*, char const*, int, int)
 .text._ZN7sim7x009MQTTloginEPKcS1_S1_S1_S1_
                0x00000000080098a4      0x1f8 Watec_Apps/sim7x00/sim7x00.o
                0x00000000080098a4                sim7x00::MQTTlogin(char const*, char const*, char const*, char const*, char const*)
 .text._ZN7sim7x006getCSQEv
                0x0000000008009a9c      0x1b8 Watec_Apps/sim7x00/sim7x00.o
                0x0000000008009a9c                sim7x00::getCSQ()
 .text._ZN7sim7x009getIntCSQEv
                0x0000000008009c54       0xf0 Watec_Apps/sim7x00/sim7x00.o
                0x0000000008009c54                sim7x00::getIntCSQ()
 .text._ZN7sim7x007sendSMSEPKcS1_
                0x0000000008009d44      0x1f4 Watec_Apps/sim7x00/sim7x00.o
                0x0000000008009d44                sim7x00::sendSMS(char const*, char const*)
 .text._ZN7sim7x0014mqttUpdateDataEPKc
                0x0000000008009f38       0x80 Watec_Apps/sim7x00/sim7x00.o
                0x0000000008009f38                sim7x00::mqttUpdateData(char const*)
 .text._Z41__static_initialization_and_destruction_0ii
                0x0000000008009fb8       0x58 Watec_Apps/sim7x00/sim7x00.o
 .text._GLOBAL__sub_I_simDebug
                0x000000000800a010       0x18 Watec_Apps/sim7x00/sim7x00.o
 .text.SSD1306_DrawBitmap
                0x000000000800a028      0x13a Watec_Apps/ssd1306_oled/Stm32ssd1306oled.o
                0x000000000800a028                SSD1306_DrawBitmap
 *fill*         0x000000000800a162        0x2 
 .text.SSD1306_Init
                0x000000000800a164      0x19c Watec_Apps/ssd1306_oled/Stm32ssd1306oled.o
                0x000000000800a164                SSD1306_Init
 .text.SSD1306_UpdateScreen
                0x000000000800a300       0x68 Watec_Apps/ssd1306_oled/Stm32ssd1306oled.o
                0x000000000800a300                SSD1306_UpdateScreen
 .text.SSD1306_Fill
                0x000000000800a368       0x34 Watec_Apps/ssd1306_oled/Stm32ssd1306oled.o
                0x000000000800a368                SSD1306_Fill
 .text.SSD1306_DrawPixel
                0x000000000800a39c       0xdc Watec_Apps/ssd1306_oled/Stm32ssd1306oled.o
                0x000000000800a39c                SSD1306_DrawPixel
 .text.SSD1306_GotoXY
                0x000000000800a478       0x34 Watec_Apps/ssd1306_oled/Stm32ssd1306oled.o
                0x000000000800a478                SSD1306_GotoXY
 .text.SSD1306_Putc
                0x000000000800a4ac      0x224 Watec_Apps/ssd1306_oled/Stm32ssd1306oled.o
                0x000000000800a4ac                SSD1306_Putc
 .text.SSD1306_Puts
                0x000000000800a6d0       0x54 Watec_Apps/ssd1306_oled/Stm32ssd1306oled.o
                0x000000000800a6d0                SSD1306_Puts
 .text.SSD1306_Putstring
                0x000000000800a724       0x8e Watec_Apps/ssd1306_oled/Stm32ssd1306oled.o
                0x000000000800a724                SSD1306_Putstring
 .text.SSD1306_DrawLine
                0x000000000800a7b2      0x32e Watec_Apps/ssd1306_oled/Stm32ssd1306oled.o
                0x000000000800a7b2                SSD1306_DrawLine
 .text.SSD1306_DrawFilledRectangle
                0x000000000800aae0       0xd6 Watec_Apps/ssd1306_oled/Stm32ssd1306oled.o
                0x000000000800aae0                SSD1306_DrawFilledRectangle
 .text.SSD1306_Clear
                0x000000000800abb6       0x14 Watec_Apps/ssd1306_oled/Stm32ssd1306oled.o
                0x000000000800abb6                SSD1306_Clear
 .text.SSD1306_Clear_Data
                0x000000000800abca       0x20 Watec_Apps/ssd1306_oled/Stm32ssd1306oled.o
                0x000000000800abca                SSD1306_Clear_Data
 .text.SSD1306_Clear_Header
                0x000000000800abea       0x30 Watec_Apps/ssd1306_oled/Stm32ssd1306oled.o
                0x000000000800abea                SSD1306_Clear_Header
 .text.SSD1306_Clear_Bottom
                0x000000000800ac1a       0x20 Watec_Apps/ssd1306_oled/Stm32ssd1306oled.o
                0x000000000800ac1a                SSD1306_Clear_Bottom
 .text.SSD1306_Clear_Activity
                0x000000000800ac3a       0x20 Watec_Apps/ssd1306_oled/Stm32ssd1306oled.o
                0x000000000800ac3a                SSD1306_Clear_Activity
 .text.SSD1306_Clear_Status1
                0x000000000800ac5a       0x20 Watec_Apps/ssd1306_oled/Stm32ssd1306oled.o
                0x000000000800ac5a                SSD1306_Clear_Status1
 .text.SSD1306_Clear_Status2
                0x000000000800ac7a       0x20 Watec_Apps/ssd1306_oled/Stm32ssd1306oled.o
                0x000000000800ac7a                SSD1306_Clear_Status2
 *fill*         0x000000000800ac9a        0x2 
 .text.SSD1306_I2C_Init
                0x000000000800ac9c       0x24 Watec_Apps/ssd1306_oled/Stm32ssd1306oled.o
                0x000000000800ac9c                SSD1306_I2C_Init
 .text.SSD1306_I2C_WriteMulti
                0x000000000800acc0       0xfc Watec_Apps/ssd1306_oled/Stm32ssd1306oled.o
                0x000000000800acc0                SSD1306_I2C_WriteMulti
 .text.SSD1306_I2C_Write
                0x000000000800adbc       0x50 Watec_Apps/ssd1306_oled/Stm32ssd1306oled.o
                0x000000000800adbc                SSD1306_I2C_Write
 .text.atoi     0x000000000800ae0c        0xc c:/st/stm32cubeide_1.5.1/stm32cubeide/plugins/com.st.stm32cube.ide.mcu.externaltools.gnu-tools-for-stm32.7-2018-q2-update.win32_1.5.0.202011040924/tools/bin/../lib/gcc/arm-none-eabi/7.3.1/../../../../arm-none-eabi/lib/thumb/v6-m\libc_nano.a(lib_a-atoi.o)
                0x000000000800ae0c                atoi
 .text.__errno  0x000000000800ae18        0xc c:/st/stm32cubeide_1.5.1/stm32cubeide/plugins/com.st.stm32cube.ide.mcu.externaltools.gnu-tools-for-stm32.7-2018-q2-update.win32_1.5.0.202011040924/tools/bin/../lib/gcc/arm-none-eabi/7.3.1/../../../../arm-none-eabi/lib/thumb/v6-m\libc_nano.a(lib_a-errno.o)
                0x000000000800ae18                __errno
 .text.__libc_init_array
                0x000000000800ae24       0x48 c:/st/stm32cubeide_1.5.1/stm32cubeide/plugins/com.st.stm32cube.ide.mcu.externaltools.gnu-tools-for-stm32.7-2018-q2-update.win32_1.5.0.202011040924/tools/bin/../lib/gcc/arm-none-eabi/7.3.1/../../../../arm-none-eabi/lib/thumb/v6-m\libc_nano.a(lib_a-init.o)
                0x000000000800ae24                __libc_init_array
 .text.malloc   0x000000000800ae6c       0x14 c:/st/stm32cubeide_1.5.1/stm32cubeide/plugins/com.st.stm32cube.ide.mcu.externaltools.gnu-tools-for-stm32.7-2018-q2-update.win32_1.5.0.202011040924/tools/bin/../lib/gcc/arm-none-eabi/7.3.1/../../../../arm-none-eabi/lib/thumb/v6-m\libc_nano.a(lib_a-malloc.o)
                0x000000000800ae6c                malloc
 .text.memcpy   0x000000000800ae80       0x12 c:/st/stm32cubeide_1.5.1/stm32cubeide/plugins/com.st.stm32cube.ide.mcu.externaltools.gnu-tools-for-stm32.7-2018-q2-update.win32_1.5.0.202011040924/tools/bin/../lib/gcc/arm-none-eabi/7.3.1/../../../../arm-none-eabi/lib/thumb/v6-m\libc_nano.a(lib_a-memcpy-stub.o)
                0x000000000800ae80                memcpy
 .text.memset   0x000000000800ae92       0x10 c:/st/stm32cubeide_1.5.1/stm32cubeide/plugins/com.st.stm32cube.ide.mcu.externaltools.gnu-tools-for-stm32.7-2018-q2-update.win32_1.5.0.202011040924/tools/bin/../lib/gcc/arm-none-eabi/7.3.1/../../../../arm-none-eabi/lib/thumb/v6-m\libc_nano.a(lib_a-memset.o)
                0x000000000800ae92                memset
 *fill*         0x000000000800aea2        0x2 
 .text._free_r  0x000000000800aea4       0x94 c:/st/stm32cubeide_1.5.1/stm32cubeide/plugins/com.st.stm32cube.ide.mcu.externaltools.gnu-tools-for-stm32.7-2018-q2-update.win32_1.5.0.202011040924/tools/bin/../lib/gcc/arm-none-eabi/7.3.1/../../../../arm-none-eabi/lib/thumb/v6-m\libc_nano.a(lib_a-nano-freer.o)
                0x000000000800aea4                _free_r
 .text._malloc_r
                0x000000000800af38       0xbc c:/st/stm32cubeide_1.5.1/stm32cubeide/plugins/com.st.stm32cube.ide.mcu.externaltools.gnu-tools-for-stm32.7-2018-q2-update.win32_1.5.0.202011040924/tools/bin/../lib/gcc/arm-none-eabi/7.3.1/../../../../arm-none-eabi/lib/thumb/v6-m\libc_nano.a(lib_a-nano-mallocr.o)
                0x000000000800af38                _malloc_r
 .text.__cvt    0x000000000800aff4       0xc8 c:/st/stm32cubeide_1.5.1/stm32cubeide/plugins/com.st.stm32cube.ide.mcu.externaltools.gnu-tools-for-stm32.7-2018-q2-update.win32_1.5.0.202011040924/tools/bin/../lib/gcc/arm-none-eabi/7.3.1/../../../../arm-none-eabi/lib/thumb/v6-m\libc_nano.a(lib_a-nano-vfprintf_float.o)
                0x000000000800aff4                __cvt
 .text.__exponent
                0x000000000800b0bc       0x70 c:/st/stm32cubeide_1.5.1/stm32cubeide/plugins/com.st.stm32cube.ide.mcu.externaltools.gnu-tools-for-stm32.7-2018-q2-update.win32_1.5.0.202011040924/tools/bin/../lib/gcc/arm-none-eabi/7.3.1/../../../../arm-none-eabi/lib/thumb/v6-m\libc_nano.a(lib_a-nano-vfprintf_float.o)
                0x000000000800b0bc                __exponent
 .text._printf_float
                0x000000000800b12c      0x498 c:/st/stm32cubeide_1.5.1/stm32cubeide/plugins/com.st.stm32cube.ide.mcu.externaltools.gnu-tools-for-stm32.7-2018-q2-update.win32_1.5.0.202011040924/tools/bin/../lib/gcc/arm-none-eabi/7.3.1/../../../../arm-none-eabi/lib/thumb/v6-m\libc_nano.a(lib_a-nano-vfprintf_float.o)
                0x000000000800b12c                _printf_float
 .text._printf_common
                0x000000000800b5c4       0xda c:/st/stm32cubeide_1.5.1/stm32cubeide/plugins/com.st.stm32cube.ide.mcu.externaltools.gnu-tools-for-stm32.7-2018-q2-update.win32_1.5.0.202011040924/tools/bin/../lib/gcc/arm-none-eabi/7.3.1/../../../../arm-none-eabi/lib/thumb/v6-m\libc_nano.a(lib_a-nano-vfprintf_i.o)
                0x000000000800b5c4                _printf_common
 *fill*         0x000000000800b69e        0x2 
 .text._printf_i
                0x000000000800b6a0      0x210 c:/st/stm32cubeide_1.5.1/stm32cubeide/plugins/com.st.stm32cube.ide.mcu.externaltools.gnu-tools-for-stm32.7-2018-q2-update.win32_1.5.0.202011040924/tools/bin/../lib/gcc/arm-none-eabi/7.3.1/../../../../arm-none-eabi/lib/thumb/v6-m\libc_nano.a(lib_a-nano-vfprintf_i.o)
                0x000000000800b6a0                _printf_i
 .text._scanf_float
                0x000000000800b8b0      0x3fc c:/st/stm32cubeide_1.5.1/stm32cubeide/plugins/com.st.stm32cube.ide.mcu.externaltools.gnu-tools-for-stm32.7-2018-q2-update.win32_1.5.0.202011040924/tools/bin/../lib/gcc/arm-none-eabi/7.3.1/../../../../arm-none-eabi/lib/thumb/v6-m\libc_nano.a(lib_a-nano-vfscanf_float.o)
                0x000000000800b8b0                _scanf_float
 .text._sbrk_r  0x000000000800bcac       0x24 c:/st/stm32cubeide_1.5.1/stm32cubeide/plugins/com.st.stm32cube.ide.mcu.externaltools.gnu-tools-for-stm32.7-2018-q2-update.win32_1.5.0.202011040924/tools/bin/../lib/gcc/arm-none-eabi/7.3.1/../../../../arm-none-eabi/lib/thumb/v6-m\libc_nano.a(lib_a-sbrkr.o)
                0x000000000800bcac                _sbrk_r
 .text.nanf     0x000000000800bcd0        0x8 c:/st/stm32cubeide_1.5.1/stm32cubeide/plugins/com.st.stm32cube.ide.mcu.externaltools.gnu-tools-for-stm32.7-2018-q2-update.win32_1.5.0.202011040924/tools/bin/../lib/gcc/arm-none-eabi/7.3.1/../../../../arm-none-eabi/lib/thumb/v6-m\libc_nano.a(lib_a-sf_nan.o)
                0x000000000800bcd0                nanf
 .text.sprintf  0x000000000800bcd8       0x40 c:/st/stm32cubeide_1.5.1/stm32cubeide/plugins/com.st.stm32cube.ide.mcu.externaltools.gnu-tools-for-stm32.7-2018-q2-update.win32_1.5.0.202011040924/tools/bin/../lib/gcc/arm-none-eabi/7.3.1/../../../../arm-none-eabi/lib/thumb/v6-m\libc_nano.a(lib_a-sprintf.o)
                0x000000000800bcd8                siprintf
                0x000000000800bcd8                sprintf
 .text.strcat   0x000000000800bd18       0x1c c:/st/stm32cubeide_1.5.1/stm32cubeide/plugins/com.st.stm32cube.ide.mcu.externaltools.gnu-tools-for-stm32.7-2018-q2-update.win32_1.5.0.202011040924/tools/bin/../lib/gcc/arm-none-eabi/7.3.1/../../../../arm-none-eabi/lib/thumb/v6-m\libc_nano.a(lib_a-strcat.o)
                0x000000000800bd18                strcat
 .text.strcpy   0x000000000800bd34       0x10 c:/st/stm32cubeide_1.5.1/stm32cubeide/plugins/com.st.stm32cube.ide.mcu.externaltools.gnu-tools-for-stm32.7-2018-q2-update.win32_1.5.0.202011040924/tools/bin/../lib/gcc/arm-none-eabi/7.3.1/../../../../arm-none-eabi/lib/thumb/v6-m\libc_nano.a(lib_a-strcpy.o)
                0x000000000800bd34                strcpy
 .text.strstr   0x000000000800bd44       0x32 c:/st/stm32cubeide_1.5.1/stm32cubeide/plugins/com.st.stm32cube.ide.mcu.externaltools.gnu-tools-for-stm32.7-2018-q2-update.win32_1.5.0.202011040924/tools/bin/../lib/gcc/arm-none-eabi/7.3.1/../../../../arm-none-eabi/lib/thumb/v6-m\libc_nano.a(lib_a-strstr.o)
                0x000000000800bd44                strstr
 *fill*         0x000000000800bd76        0x2 
 .text.unlikely.sulp
                0x000000000800bd78       0x30 c:/st/stm32cubeide_1.5.1/stm32cubeide/plugins/com.st.stm32cube.ide.mcu.externaltools.gnu-tools-for-stm32.7-2018-q2-update.win32_1.5.0.202011040924/tools/bin/../lib/gcc/arm-none-eabi/7.3.1/../../../../arm-none-eabi/lib/thumb/v6-m\libc_nano.a(lib_a-strtod.o)
 .text._strtod_l
                0x000000000800bda8      0xc50 c:/st/stm32cubeide_1.5.1/stm32cubeide/plugins/com.st.stm32cube.ide.mcu.externaltools.gnu-tools-for-stm32.7-2018-q2-update.win32_1.5.0.202011040924/tools/bin/../lib/gcc/arm-none-eabi/7.3.1/../../../../arm-none-eabi/lib/thumb/v6-m\libc_nano.a(lib_a-strtod.o)
                0x000000000800bda8                _strtod_l
 .text._strtod_r
                0x000000000800c9f8       0x1c c:/st/stm32cubeide_1.5.1/stm32cubeide/plugins/com.st.stm32cube.ide.mcu.externaltools.gnu-tools-for-stm32.7-2018-q2-update.win32_1.5.0.202011040924/tools/bin/../lib/gcc/arm-none-eabi/7.3.1/../../../../arm-none-eabi/lib/thumb/v6-m\libc_nano.a(lib_a-strtod.o)
                0x000000000800c9f8                _strtod_r
 .text._strtol_l.isra.0
                0x000000000800ca14      0x104 c:/st/stm32cubeide_1.5.1/stm32cubeide/plugins/com.st.stm32cube.ide.mcu.externaltools.gnu-tools-for-stm32.7-2018-q2-update.win32_1.5.0.202011040924/tools/bin/../lib/gcc/arm-none-eabi/7.3.1/../../../../arm-none-eabi/lib/thumb/v6-m\libc_nano.a(lib_a-strtol.o)
 .text._strtol_r
                0x000000000800cb18       0x20 c:/st/stm32cubeide_1.5.1/stm32cubeide/plugins/com.st.stm32cube.ide.mcu.externaltools.gnu-tools-for-stm32.7-2018-q2-update.win32_1.5.0.202011040924/tools/bin/../lib/gcc/arm-none-eabi/7.3.1/../../../../arm-none-eabi/lib/thumb/v6-m\libc_nano.a(lib_a-strtol.o)
                0x000000000800cb18                _strtol_r
 .text.strtol   0x000000000800cb38       0x28 c:/st/stm32cubeide_1.5.1/stm32cubeide/plugins/com.st.stm32cube.ide.mcu.externaltools.gnu-tools-for-stm32.7-2018-q2-update.win32_1.5.0.202011040924/tools/bin/../lib/gcc/arm-none-eabi/7.3.1/../../../../arm-none-eabi/lib/thumb/v6-m\libc_nano.a(lib_a-strtol.o)
                0x000000000800cb38                strtol
 .text.quorem   0x000000000800cb60      0x10c c:/st/stm32cubeide_1.5.1/stm32cubeide/plugins/com.st.stm32cube.ide.mcu.externaltools.gnu-tools-for-stm32.7-2018-q2-update.win32_1.5.0.202011040924/tools/bin/../lib/gcc/arm-none-eabi/7.3.1/../../../../arm-none-eabi/lib/thumb/v6-m\libc_nano.a(lib_a-dtoa.o)
 .text._dtoa_r  0x000000000800cc6c      0xbc0 c:/st/stm32cubeide_1.5.1/stm32cubeide/plugins/com.st.stm32cube.ide.mcu.externaltools.gnu-tools-for-stm32.7-2018-q2-update.win32_1.5.0.202011040924/tools/bin/../lib/gcc/arm-none-eabi/7.3.1/../../../../arm-none-eabi/lib/thumb/v6-m\libc_nano.a(lib_a-dtoa.o)
                0x000000000800cc6c                _dtoa_r
 .text.rshift   0x000000000800d82c       0x68 c:/st/stm32cubeide_1.5.1/stm32cubeide/plugins/com.st.stm32cube.ide.mcu.externaltools.gnu-tools-for-stm32.7-2018-q2-update.win32_1.5.0.202011040924/tools/bin/../lib/gcc/arm-none-eabi/7.3.1/../../../../arm-none-eabi/lib/thumb/v6-m\libc_nano.a(lib_a-gdtoa-gethex.o)
 .text.__hexdig_fun
                0x000000000800d894       0x2a c:/st/stm32cubeide_1.5.1/stm32cubeide/plugins/com.st.stm32cube.ide.mcu.externaltools.gnu-tools-for-stm32.7-2018-q2-update.win32_1.5.0.202011040924/tools/bin/../lib/gcc/arm-none-eabi/7.3.1/../../../../arm-none-eabi/lib/thumb/v6-m\libc_nano.a(lib_a-gdtoa-gethex.o)
                0x000000000800d894                __hexdig_fun
 .text.__gethex
                0x000000000800d8be      0x456 c:/st/stm32cubeide_1.5.1/stm32cubeide/plugins/com.st.stm32cube.ide.mcu.externaltools.gnu-tools-for-stm32.7-2018-q2-update.win32_1.5.0.202011040924/tools/bin/../lib/gcc/arm-none-eabi/7.3.1/../../../../arm-none-eabi/lib/thumb/v6-m\libc_nano.a(lib_a-gdtoa-gethex.o)
                0x000000000800d8be                __gethex
 .text.L_shift  0x000000000800dd14       0x24 c:/st/stm32cubeide_1.5.1/stm32cubeide/plugins/com.st.stm32cube.ide.mcu.externaltools.gnu-tools-for-stm32.7-2018-q2-update.win32_1.5.0.202011040924/tools/bin/../lib/gcc/arm-none-eabi/7.3.1/../../../../arm-none-eabi/lib/thumb/v6-m\libc_nano.a(lib_a-gdtoa-hexnan.o)
 .text.__match  0x000000000800dd38       0x28 c:/st/stm32cubeide_1.5.1/stm32cubeide/plugins/com.st.stm32cube.ide.mcu.externaltools.gnu-tools-for-stm32.7-2018-q2-update.win32_1.5.0.202011040924/tools/bin/../lib/gcc/arm-none-eabi/7.3.1/../../../../arm-none-eabi/lib/thumb/v6-m\libc_nano.a(lib_a-gdtoa-hexnan.o)
                0x000000000800dd38                __match
 .text.__hexnan
                0x000000000800dd60      0x12e c:/st/stm32cubeide_1.5.1/stm32cubeide/plugins/com.st.stm32cube.ide.mcu.externaltools.gnu-tools-for-stm32.7-2018-q2-update.win32_1.5.0.202011040924/tools/bin/../lib/gcc/arm-none-eabi/7.3.1/../../../../arm-none-eabi/lib/thumb/v6-m\libc_nano.a(lib_a-gdtoa-hexnan.o)
                0x000000000800dd60                __hexnan
 .text.__locale_ctype_ptr_l
                0x000000000800de8e        0x6 c:/st/stm32cubeide_1.5.1/stm32cubeide/plugins/com.st.stm32cube.ide.mcu.externaltools.gnu-tools-for-stm32.7-2018-q2-update.win32_1.5.0.202011040924/tools/bin/../lib/gcc/arm-none-eabi/7.3.1/../../../../arm-none-eabi/lib/thumb/v6-m\libc_nano.a(lib_a-locale.o)
                0x000000000800de8e                __locale_ctype_ptr_l
 .text.__localeconv_l
                0x000000000800de94        0x4 c:/st/stm32cubeide_1.5.1/stm32cubeide/plugins/com.st.stm32cube.ide.mcu.externaltools.gnu-tools-for-stm32.7-2018-q2-update.win32_1.5.0.202011040924/tools/bin/../lib/gcc/arm-none-eabi/7.3.1/../../../../arm-none-eabi/lib/thumb/v6-m\libc_nano.a(lib_a-localeconv.o)
                0x000000000800de94                __localeconv_l
 .text._localeconv_r
                0x000000000800de98       0x18 c:/st/stm32cubeide_1.5.1/stm32cubeide/plugins/com.st.stm32cube.ide.mcu.externaltools.gnu-tools-for-stm32.7-2018-q2-update.win32_1.5.0.202011040924/tools/bin/../lib/gcc/arm-none-eabi/7.3.1/../../../../arm-none-eabi/lib/thumb/v6-m\libc_nano.a(lib_a-localeconv.o)
                0x000000000800de98                _localeconv_r
 .text.__ascii_mbtowc
                0x000000000800deb0       0x24 c:/st/stm32cubeide_1.5.1/stm32cubeide/plugins/com.st.stm32cube.ide.mcu.externaltools.gnu-tools-for-stm32.7-2018-q2-update.win32_1.5.0.202011040924/tools/bin/../lib/gcc/arm-none-eabi/7.3.1/../../../../arm-none-eabi/lib/thumb/v6-m\libc_nano.a(lib_a-mbtowc_r.o)
                0x000000000800deb0                __ascii_mbtowc
 .text.memchr   0x000000000800ded4       0x16 c:/st/stm32cubeide_1.5.1/stm32cubeide/plugins/com.st.stm32cube.ide.mcu.externaltools.gnu-tools-for-stm32.7-2018-q2-update.win32_1.5.0.202011040924/tools/bin/../lib/gcc/arm-none-eabi/7.3.1/../../../../arm-none-eabi/lib/thumb/v6-m\libc_nano.a(lib_a-memchr-stub.o)
                0x000000000800ded4                memchr
 .text.__malloc_lock
                0x000000000800deea        0x2 c:/st/stm32cubeide_1.5.1/stm32cubeide/plugins/com.st.stm32cube.ide.mcu.externaltools.gnu-tools-for-stm32.7-2018-q2-update.win32_1.5.0.202011040924/tools/bin/../lib/gcc/arm-none-eabi/7.3.1/../../../../arm-none-eabi/lib/thumb/v6-m\libc_nano.a(lib_a-mlock.o)
                0x000000000800deea                __malloc_lock
 .text.__malloc_unlock
                0x000000000800deec        0x2 c:/st/stm32cubeide_1.5.1/stm32cubeide/plugins/com.st.stm32cube.ide.mcu.externaltools.gnu-tools-for-stm32.7-2018-q2-update.win32_1.5.0.202011040924/tools/bin/../lib/gcc/arm-none-eabi/7.3.1/../../../../arm-none-eabi/lib/thumb/v6-m\libc_nano.a(lib_a-mlock.o)
                0x000000000800deec                __malloc_unlock
 .text._Balloc  0x000000000800deee       0x70 c:/st/stm32cubeide_1.5.1/stm32cubeide/plugins/com.st.stm32cube.ide.mcu.externaltools.gnu-tools-for-stm32.7-2018-q2-update.win32_1.5.0.202011040924/tools/bin/../lib/gcc/arm-none-eabi/7.3.1/../../../../arm-none-eabi/lib/thumb/v6-m\libc_nano.a(lib_a-mprec.o)
                0x000000000800deee                _Balloc
 .text._Bfree   0x000000000800df5e       0x32 c:/st/stm32cubeide_1.5.1/stm32cubeide/plugins/com.st.stm32cube.ide.mcu.externaltools.gnu-tools-for-stm32.7-2018-q2-update.win32_1.5.0.202011040924/tools/bin/../lib/gcc/arm-none-eabi/7.3.1/../../../../arm-none-eabi/lib/thumb/v6-m\libc_nano.a(lib_a-mprec.o)
                0x000000000800df5e                _Bfree
 .text.__multadd
                0x000000000800df90       0x7c c:/st/stm32cubeide_1.5.1/stm32cubeide/plugins/com.st.stm32cube.ide.mcu.externaltools.gnu-tools-for-stm32.7-2018-q2-update.win32_1.5.0.202011040924/tools/bin/../lib/gcc/arm-none-eabi/7.3.1/../../../../arm-none-eabi/lib/thumb/v6-m\libc_nano.a(lib_a-mprec.o)
                0x000000000800df90                __multadd
 .text.__s2b    0x000000000800e00c       0x7c c:/st/stm32cubeide_1.5.1/stm32cubeide/plugins/com.st.stm32cube.ide.mcu.externaltools.gnu-tools-for-stm32.7-2018-q2-update.win32_1.5.0.202011040924/tools/bin/../lib/gcc/arm-none-eabi/7.3.1/../../../../arm-none-eabi/lib/thumb/v6-m\libc_nano.a(lib_a-mprec.o)
                0x000000000800e00c                __s2b
 .text.__hi0bits
                0x000000000800e088       0x34 c:/st/stm32cubeide_1.5.1/stm32cubeide/plugins/com.st.stm32cube.ide.mcu.externaltools.gnu-tools-for-stm32.7-2018-q2-update.win32_1.5.0.202011040924/tools/bin/../lib/gcc/arm-none-eabi/7.3.1/../../../../arm-none-eabi/lib/thumb/v6-m\libc_nano.a(lib_a-mprec.o)
                0x000000000800e088                __hi0bits
 .text.__lo0bits
                0x000000000800e0bc       0x5e c:/st/stm32cubeide_1.5.1/stm32cubeide/plugins/com.st.stm32cube.ide.mcu.externaltools.gnu-tools-for-stm32.7-2018-q2-update.win32_1.5.0.202011040924/tools/bin/../lib/gcc/arm-none-eabi/7.3.1/../../../../arm-none-eabi/lib/thumb/v6-m\libc_nano.a(lib_a-mprec.o)
                0x000000000800e0bc                __lo0bits
 .text.__i2b    0x000000000800e11a       0x12 c:/st/stm32cubeide_1.5.1/stm32cubeide/plugins/com.st.stm32cube.ide.mcu.externaltools.gnu-tools-for-stm32.7-2018-q2-update.win32_1.5.0.202011040924/tools/bin/../lib/gcc/arm-none-eabi/7.3.1/../../../../arm-none-eabi/lib/thumb/v6-m\libc_nano.a(lib_a-mprec.o)
                0x000000000800e11a                __i2b
 .text.__multiply
                0x000000000800e12c      0x11e c:/st/stm32cubeide_1.5.1/stm32cubeide/plugins/com.st.stm32cube.ide.mcu.externaltools.gnu-tools-for-stm32.7-2018-q2-update.win32_1.5.0.202011040924/tools/bin/../lib/gcc/arm-none-eabi/7.3.1/../../../../arm-none-eabi/lib/thumb/v6-m\libc_nano.a(lib_a-mprec.o)
                0x000000000800e12c                __multiply
 *fill*         0x000000000800e24a        0x2 
 .text.__pow5mult
                0x000000000800e24c       0xa4 c:/st/stm32cubeide_1.5.1/stm32cubeide/plugins/com.st.stm32cube.ide.mcu.externaltools.gnu-tools-for-stm32.7-2018-q2-update.win32_1.5.0.202011040924/tools/bin/../lib/gcc/arm-none-eabi/7.3.1/../../../../arm-none-eabi/lib/thumb/v6-m\libc_nano.a(lib_a-mprec.o)
                0x000000000800e24c                __pow5mult
 .text.__lshift
                0x000000000800e2f0       0xa4 c:/st/stm32cubeide_1.5.1/stm32cubeide/plugins/com.st.stm32cube.ide.mcu.externaltools.gnu-tools-for-stm32.7-2018-q2-update.win32_1.5.0.202011040924/tools/bin/../lib/gcc/arm-none-eabi/7.3.1/../../../../arm-none-eabi/lib/thumb/v6-m\libc_nano.a(lib_a-mprec.o)
                0x000000000800e2f0                __lshift
 .text.__mcmp   0x000000000800e394       0x34 c:/st/stm32cubeide_1.5.1/stm32cubeide/plugins/com.st.stm32cube.ide.mcu.externaltools.gnu-tools-for-stm32.7-2018-q2-update.win32_1.5.0.202011040924/tools/bin/../lib/gcc/arm-none-eabi/7.3.1/../../../../arm-none-eabi/lib/thumb/v6-m\libc_nano.a(lib_a-mprec.o)
                0x000000000800e394                __mcmp
 .text.__mdiff  0x000000000800e3c8       0xc8 c:/st/stm32cubeide_1.5.1/stm32cubeide/plugins/com.st.stm32cube.ide.mcu.externaltools.gnu-tools-for-stm32.7-2018-q2-update.win32_1.5.0.202011040924/tools/bin/../lib/gcc/arm-none-eabi/7.3.1/../../../../arm-none-eabi/lib/thumb/v6-m\libc_nano.a(lib_a-mprec.o)
                0x000000000800e3c8                __mdiff
 .text.__ulp    0x000000000800e490       0x4c c:/st/stm32cubeide_1.5.1/stm32cubeide/plugins/com.st.stm32cube.ide.mcu.externaltools.gnu-tools-for-stm32.7-2018-q2-update.win32_1.5.0.202011040924/tools/bin/../lib/gcc/arm-none-eabi/7.3.1/../../../../arm-none-eabi/lib/thumb/v6-m\libc_nano.a(lib_a-mprec.o)
                0x000000000800e490                __ulp
 .text.__b2d    0x000000000800e4dc       0x98 c:/st/stm32cubeide_1.5.1/stm32cubeide/plugins/com.st.stm32cube.ide.mcu.externaltools.gnu-tools-for-stm32.7-2018-q2-update.win32_1.5.0.202011040924/tools/bin/../lib/gcc/arm-none-eabi/7.3.1/../../../../arm-none-eabi/lib/thumb/v6-m\libc_nano.a(lib_a-mprec.o)
                0x000000000800e4dc                __b2d
 .text.__d2b    0x000000000800e574       0xa8 c:/st/stm32cubeide_1.5.1/stm32cubeide/plugins/com.st.stm32cube.ide.mcu.externaltools.gnu-tools-for-stm32.7-2018-q2-update.win32_1.5.0.202011040924/tools/bin/../lib/gcc/arm-none-eabi/7.3.1/../../../../arm-none-eabi/lib/thumb/v6-m\libc_nano.a(lib_a-mprec.o)
                0x000000000800e574                __d2b
 .text.__ratio  0x000000000800e61c       0x4e c:/st/stm32cubeide_1.5.1/stm32cubeide/plugins/com.st.stm32cube.ide.mcu.externaltools.gnu-tools-for-stm32.7-2018-q2-update.win32_1.5.0.202011040924/tools/bin/../lib/gcc/arm-none-eabi/7.3.1/../../../../arm-none-eabi/lib/thumb/v6-m\libc_nano.a(lib_a-mprec.o)
                0x000000000800e61c                __ratio
 .text.__copybits
                0x000000000800e66a       0x2c c:/st/stm32cubeide_1.5.1/stm32cubeide/plugins/com.st.stm32cube.ide.mcu.externaltools.gnu-tools-for-stm32.7-2018-q2-update.win32_1.5.0.202011040924/tools/bin/../lib/gcc/arm-none-eabi/7.3.1/../../../../arm-none-eabi/lib/thumb/v6-m\libc_nano.a(lib_a-mprec.o)
                0x000000000800e66a                __copybits
 .text.__any_on
                0x000000000800e696       0x44 c:/st/stm32cubeide_1.5.1/stm32cubeide/plugins/com.st.stm32cube.ide.mcu.externaltools.gnu-tools-for-stm32.7-2018-q2-update.win32_1.5.0.202011040924/tools/bin/../lib/gcc/arm-none-eabi/7.3.1/../../../../arm-none-eabi/lib/thumb/v6-m\libc_nano.a(lib_a-mprec.o)
                0x000000000800e696                __any_on
 .text._calloc_r
                0x000000000800e6da       0x1c c:/st/stm32cubeide_1.5.1/stm32cubeide/plugins/com.st.stm32cube.ide.mcu.externaltools.gnu-tools-for-stm32.7-2018-q2-update.win32_1.5.0.202011040924/tools/bin/../lib/gcc/arm-none-eabi/7.3.1/../../../../arm-none-eabi/lib/thumb/v6-m\libc_nano.a(lib_a-nano-callocr.o)
                0x000000000800e6da                _calloc_r
 *fill*         0x000000000800e6f6        0x2 
 .text.__ssputs_r
                0x000000000800e6f8       0xc4 c:/st/stm32cubeide_1.5.1/stm32cubeide/plugins/com.st.stm32cube.ide.mcu.externaltools.gnu-tools-for-stm32.7-2018-q2-update.win32_1.5.0.202011040924/tools/bin/../lib/gcc/arm-none-eabi/7.3.1/../../../../arm-none-eabi/lib/thumb/v6-m\libc_nano.a(lib_a-nano-svfprintf.o)
                0x000000000800e6f8                __ssputs_r
 .text._svfprintf_r
                0x000000000800e7bc      0x1fc c:/st/stm32cubeide_1.5.1/stm32cubeide/plugins/com.st.stm32cube.ide.mcu.externaltools.gnu-tools-for-stm32.7-2018-q2-update.win32_1.5.0.202011040924/tools/bin/../lib/gcc/arm-none-eabi/7.3.1/../../../../arm-none-eabi/lib/thumb/v6-m\libc_nano.a(lib_a-nano-svfprintf.o)
                0x000000000800e7bc                _svfiprintf_r
                0x000000000800e7bc                _svfprintf_r
 .text.strncmp  0x000000000800e9b8       0x22 c:/st/stm32cubeide_1.5.1/stm32cubeide/plugins/com.st.stm32cube.ide.mcu.externaltools.gnu-tools-for-stm32.7-2018-q2-update.win32_1.5.0.202011040924/tools/bin/../lib/gcc/arm-none-eabi/7.3.1/../../../../arm-none-eabi/lib/thumb/v6-m\libc_nano.a(lib_a-strncmp.o)
                0x000000000800e9b8                strncmp
 .text.__ascii_wctomb
                0x000000000800e9da       0x18 c:/st/stm32cubeide_1.5.1/stm32cubeide/plugins/com.st.stm32cube.ide.mcu.externaltools.gnu-tools-for-stm32.7-2018-q2-update.win32_1.5.0.202011040924/tools/bin/../lib/gcc/arm-none-eabi/7.3.1/../../../../arm-none-eabi/lib/thumb/v6-m\libc_nano.a(lib_a-wctomb_r.o)
                0x000000000800e9da                __ascii_wctomb
 .text.memmove  0x000000000800e9f2       0x26 c:/st/stm32cubeide_1.5.1/stm32cubeide/plugins/com.st.stm32cube.ide.mcu.externaltools.gnu-tools-for-stm32.7-2018-q2-update.win32_1.5.0.202011040924/tools/bin/../lib/gcc/arm-none-eabi/7.3.1/../../../../arm-none-eabi/lib/thumb/v6-m\libc_nano.a(lib_a-memmove.o)
                0x000000000800e9f2                memmove
 .text._realloc_r
                0x000000000800ea18       0x4c c:/st/stm32cubeide_1.5.1/stm32cubeide/plugins/com.st.stm32cube.ide.mcu.externaltools.gnu-tools-for-stm32.7-2018-q2-update.win32_1.5.0.202011040924/tools/bin/../lib/gcc/arm-none-eabi/7.3.1/../../../../arm-none-eabi/lib/thumb/v6-m\libc_nano.a(lib_a-nano-reallocr.o)
                0x000000000800ea18                _realloc_r
 .text._malloc_usable_size_r
                0x000000000800ea64       0x10 c:/st/stm32cubeide_1.5.1/stm32cubeide/plugins/com.st.stm32cube.ide.mcu.externaltools.gnu-tools-for-stm32.7-2018-q2-update.win32_1.5.0.202011040924/tools/bin/../lib/gcc/arm-none-eabi/7.3.1/../../../../arm-none-eabi/lib/thumb/v6-m\libc_nano.a(lib_a-nano-msizer.o)
                0x000000000800ea64                _malloc_usable_size_r
 *(.glue_7)
 .glue_7        0x000000000800ea74        0x0 linker stubs
 *(.glue_7t)
 .glue_7t       0x000000000800ea74        0x0 linker stubs
 *(.eh_frame)
 .eh_frame      0x000000000800ea74        0x0 c:/st/stm32cubeide_1.5.1/stm32cubeide/plugins/com.st.stm32cube.ide.mcu.externaltools.gnu-tools-for-stm32.7-2018-q2-update.win32_1.5.0.202011040924/tools/bin/../lib/gcc/arm-none-eabi/7.3.1/thumb/v6-m/crtbegin.o
 *(.init)
 .init          0x000000000800ea74        0x4 c:/st/stm32cubeide_1.5.1/stm32cubeide/plugins/com.st.stm32cube.ide.mcu.externaltools.gnu-tools-for-stm32.7-2018-q2-update.win32_1.5.0.202011040924/tools/bin/../lib/gcc/arm-none-eabi/7.3.1/thumb/v6-m/crti.o
                0x000000000800ea74                _init
 .init          0x000000000800ea78        0x8 c:/st/stm32cubeide_1.5.1/stm32cubeide/plugins/com.st.stm32cube.ide.mcu.externaltools.gnu-tools-for-stm32.7-2018-q2-update.win32_1.5.0.202011040924/tools/bin/../lib/gcc/arm-none-eabi/7.3.1/thumb/v6-m/crtn.o
 *(.fini)
 .fini          0x000000000800ea80        0x4 c:/st/stm32cubeide_1.5.1/stm32cubeide/plugins/com.st.stm32cube.ide.mcu.externaltools.gnu-tools-for-stm32.7-2018-q2-update.win32_1.5.0.202011040924/tools/bin/../lib/gcc/arm-none-eabi/7.3.1/thumb/v6-m/crti.o
                0x000000000800ea80                _fini
 .fini          0x000000000800ea84        0x8 c:/st/stm32cubeide_1.5.1/stm32cubeide/plugins/com.st.stm32cube.ide.mcu.externaltools.gnu-tools-for-stm32.7-2018-q2-update.win32_1.5.0.202011040924/tools/bin/../lib/gcc/arm-none-eabi/7.3.1/thumb/v6-m/crtn.o
                0x000000000800ea8c                . = ALIGN (0x4)
                0x000000000800ea8c                _etext = .

.vfp11_veneer   0x000000000800ea8c        0x0
 .vfp11_veneer  0x000000000800ea8c        0x0 linker stubs

.v4_bx          0x000000000800ea8c        0x0
 .v4_bx         0x000000000800ea8c        0x0 linker stubs

.iplt           0x000000000800ea8c        0x0
 .iplt          0x000000000800ea8c        0x0 c:/st/stm32cubeide_1.5.1/stm32cubeide/plugins/com.st.stm32cube.ide.mcu.externaltools.gnu-tools-for-stm32.7-2018-q2-update.win32_1.5.0.202011040924/tools/bin/../lib/gcc/arm-none-eabi/7.3.1/thumb/v6-m/crtbegin.o

.rodata         0x000000000800ea90     0x1790
                0x000000000800ea90                . = ALIGN (0x4)
 *(.rodata)
 .rodata        0x000000000800ea90      0x4fc Core/Src/main.o
 .rodata        0x000000000800ef8c        0x2 Watec_Apps/debug/debug.o
 *fill*         0x000000000800ef8e        0x2 
 .rodata        0x000000000800ef90      0x1eb Watec_Apps/lrwan/lrwan.o
 *fill*         0x000000000800f17b        0x1 
 .rodata        0x000000000800f17c      0x5b9 Watec_Apps/sim7x00/sim7x00.o
 *fill*         0x000000000800f735        0x3 
 .rodata        0x000000000800f738       0x40 c:/st/stm32cubeide_1.5.1/stm32cubeide/plugins/com.st.stm32cube.ide.mcu.externaltools.gnu-tools-for-stm32.7-2018-q2-update.win32_1.5.0.202011040924/tools/bin/../lib/gcc/arm-none-eabi/7.3.1/thumb/v6-m\libgcc.a(divdf3.o)
 .rodata        0x000000000800f778       0x40 c:/st/stm32cubeide_1.5.1/stm32cubeide/plugins/com.st.stm32cube.ide.mcu.externaltools.gnu-tools-for-stm32.7-2018-q2-update.win32_1.5.0.202011040924/tools/bin/../lib/gcc/arm-none-eabi/7.3.1/thumb/v6-m\libgcc.a(muldf3.o)
 *(.rodata*)
 .rodata._ZL7fullBat
                0x000000000800f7b8       0x1e Core/Src/main.o
 *fill*         0x000000000800f7d6        0x2 
 .rodata._ZL6lowBat
                0x000000000800f7d8       0x1e Core/Src/main.o
 *fill*         0x000000000800f7f6        0x2 
 .rodata._ZL6signal
                0x000000000800f7f8       0x2d Core/Src/main.o
 *fill*         0x000000000800f825        0x3 
 .rodata._ZL9simSignal
                0x000000000800f828       0x1e Core/Src/main.o
 *fill*         0x000000000800f846        0x2 
 .rodata._ZL4logo
                0x000000000800f848      0x230 Core/Src/main.o
 .rodata._Z7OS_loopv
                0x000000000800fa78       0x40 Core/Src/main.o
 .rodata.AHBPrescTable
                0x000000000800fab8       0x10 Core/Src/system_stm32l0xx.o
                0x000000000800fab8                AHBPrescTable
 .rodata.APBPrescTable
                0x000000000800fac8        0x8 Core/Src/system_stm32l0xx.o
                0x000000000800fac8                APBPrescTable
 .rodata.PLLMulTable
                0x000000000800fad0        0x9 Core/Src/system_stm32l0xx.o
                0x000000000800fad0                PLLMulTable
 *fill*         0x000000000800fad9        0x3 
 .rodata.UART_SetConfig
                0x000000000800fadc       0x48 Drivers/STM32L0xx_HAL_Driver/Src/stm32l0xx_hal_uart.o
 .rodata._ZL13loraFailEvent
                0x000000000800fb24       0x18 Watec_Apps/lrwan/lrwan.o
 .rodata._ZL13loraDoneEvent
                0x000000000800fb3c       0x1c Watec_Apps/lrwan/lrwan.o
 .rodata._ZN7sim7x004initEi
                0x000000000800fb58       0x24 Watec_Apps/sim7x00/sim7x00.o
 .rodata._ZN7sim7x0013identifyEventEv
                0x000000000800fb7c       0x38 Watec_Apps/sim7x00/sim7x00.o
 .rodata._ZL7Font5x7
                0x000000000800fbb4      0x3b6 Watec_Apps/ssd1306_oled/fonts.o
 .rodata._printf_float.str1.1
                0x000000000800ff6a       0x12 c:/st/stm32cubeide_1.5.1/stm32cubeide/plugins/com.st.stm32cube.ide.mcu.externaltools.gnu-tools-for-stm32.7-2018-q2-update.win32_1.5.0.202011040924/tools/bin/../lib/gcc/arm-none-eabi/7.3.1/../../../../arm-none-eabi/lib/thumb/v6-m\libc_nano.a(lib_a-nano-vfprintf_float.o)
 .rodata._printf_i.str1.1
                0x000000000800ff7c       0x22 c:/st/stm32cubeide_1.5.1/stm32cubeide/plugins/com.st.stm32cube.ide.mcu.externaltools.gnu-tools-for-stm32.7-2018-q2-update.win32_1.5.0.202011040924/tools/bin/../lib/gcc/arm-none-eabi/7.3.1/../../../../arm-none-eabi/lib/thumb/v6-m\libc_nano.a(lib_a-nano-vfprintf_i.o)
 .rodata._scanf_float.str1.1
                0x000000000800ff9e        0x5 c:/st/stm32cubeide_1.5.1/stm32cubeide/plugins/com.st.stm32cube.ide.mcu.externaltools.gnu-tools-for-stm32.7-2018-q2-update.win32_1.5.0.202011040924/tools/bin/../lib/gcc/arm-none-eabi/7.3.1/../../../../arm-none-eabi/lib/thumb/v6-m\libc_nano.a(lib_a-nano-vfscanf_float.o)
 .rodata._strtod_l.str1.1
                0x000000000800ffa3        0x5 c:/st/stm32cubeide_1.5.1/stm32cubeide/plugins/com.st.stm32cube.ide.mcu.externaltools.gnu-tools-for-stm32.7-2018-q2-update.win32_1.5.0.202011040924/tools/bin/../lib/gcc/arm-none-eabi/7.3.1/../../../../arm-none-eabi/lib/thumb/v6-m\libc_nano.a(lib_a-strtod.o)
                                          0xc (size before relaxing)
 *fill*         0x000000000800ffa3        0x1 
 .rodata.fpi.6160
                0x000000000800ffa4       0x14 c:/st/stm32cubeide_1.5.1/stm32cubeide/plugins/com.st.stm32cube.ide.mcu.externaltools.gnu-tools-for-stm32.7-2018-q2-update.win32_1.5.0.202011040924/tools/bin/../lib/gcc/arm-none-eabi/7.3.1/../../../../arm-none-eabi/lib/thumb/v6-m\libc_nano.a(lib_a-strtod.o)
 .rodata.fpinan.6196
                0x000000000800ffb8       0x14 c:/st/stm32cubeide_1.5.1/stm32cubeide/plugins/com.st.stm32cube.ide.mcu.externaltools.gnu-tools-for-stm32.7-2018-q2-update.win32_1.5.0.202011040924/tools/bin/../lib/gcc/arm-none-eabi/7.3.1/../../../../arm-none-eabi/lib/thumb/v6-m\libc_nano.a(lib_a-strtod.o)
 *fill*         0x000000000800ffcc        0x4 
 .rodata.tinytens
                0x000000000800ffd0       0x28 c:/st/stm32cubeide_1.5.1/stm32cubeide/plugins/com.st.stm32cube.ide.mcu.externaltools.gnu-tools-for-stm32.7-2018-q2-update.win32_1.5.0.202011040924/tools/bin/../lib/gcc/arm-none-eabi/7.3.1/../../../../arm-none-eabi/lib/thumb/v6-m\libc_nano.a(lib_a-strtod.o)
 .rodata._dtoa_r.str1.1
                0x000000000800fff8        0xd c:/st/stm32cubeide_1.5.1/stm32cubeide/plugins/com.st.stm32cube.ide.mcu.externaltools.gnu-tools-for-stm32.7-2018-q2-update.win32_1.5.0.202011040924/tools/bin/../lib/gcc/arm-none-eabi/7.3.1/../../../../arm-none-eabi/lib/thumb/v6-m\libc_nano.a(lib_a-dtoa.o)
                                          0xf (size before relaxing)
 .rodata._setlocale_r.str1.1
                0x0000000008010005        0x8 c:/st/stm32cubeide_1.5.1/stm32cubeide/plugins/com.st.stm32cube.ide.mcu.externaltools.gnu-tools-for-stm32.7-2018-q2-update.win32_1.5.0.202011040924/tools/bin/../lib/gcc/arm-none-eabi/7.3.1/../../../../arm-none-eabi/lib/thumb/v6-m\libc_nano.a(lib_a-locale.o)
                                          0x9 (size before relaxing)
 .rodata.str1.1
                0x000000000801000d        0x2 c:/st/stm32cubeide_1.5.1/stm32cubeide/plugins/com.st.stm32cube.ide.mcu.externaltools.gnu-tools-for-stm32.7-2018-q2-update.win32_1.5.0.202011040924/tools/bin/../lib/gcc/arm-none-eabi/7.3.1/../../../../arm-none-eabi/lib/thumb/v6-m\libc_nano.a(lib_a-locale.o)
 *fill*         0x000000000801000f        0x1 
 .rodata.__mprec_bigtens
                0x0000000008010010       0x28 c:/st/stm32cubeide_1.5.1/stm32cubeide/plugins/com.st.stm32cube.ide.mcu.externaltools.gnu-tools-for-stm32.7-2018-q2-update.win32_1.5.0.202011040924/tools/bin/../lib/gcc/arm-none-eabi/7.3.1/../../../../arm-none-eabi/lib/thumb/v6-m\libc_nano.a(lib_a-mprec.o)
                0x0000000008010010                __mprec_bigtens
 .rodata.__mprec_tens
                0x0000000008010038       0xc8 c:/st/stm32cubeide_1.5.1/stm32cubeide/plugins/com.st.stm32cube.ide.mcu.externaltools.gnu-tools-for-stm32.7-2018-q2-update.win32_1.5.0.202011040924/tools/bin/../lib/gcc/arm-none-eabi/7.3.1/../../../../arm-none-eabi/lib/thumb/v6-m\libc_nano.a(lib_a-mprec.o)
                0x0000000008010038                __mprec_tens
 .rodata.p05.6084
                0x0000000008010100        0xc c:/st/stm32cubeide_1.5.1/stm32cubeide/plugins/com.st.stm32cube.ide.mcu.externaltools.gnu-tools-for-stm32.7-2018-q2-update.win32_1.5.0.202011040924/tools/bin/../lib/gcc/arm-none-eabi/7.3.1/../../../../arm-none-eabi/lib/thumb/v6-m\libc_nano.a(lib_a-mprec.o)
 .rodata._svfprintf_r.str1.1
                0x000000000801010c       0x11 c:/st/stm32cubeide_1.5.1/stm32cubeide/plugins/com.st.stm32cube.ide.mcu.externaltools.gnu-tools-for-stm32.7-2018-q2-update.win32_1.5.0.202011040924/tools/bin/../lib/gcc/arm-none-eabi/7.3.1/../../../../arm-none-eabi/lib/thumb/v6-m\libc_nano.a(lib_a-nano-svfprintf.o)
 .rodata._ctype_
                0x000000000801011d      0x101 c:/st/stm32cubeide_1.5.1/stm32cubeide/plugins/com.st.stm32cube.ide.mcu.externaltools.gnu-tools-for-stm32.7-2018-q2-update.win32_1.5.0.202011040924/tools/bin/../lib/gcc/arm-none-eabi/7.3.1/../../../../arm-none-eabi/lib/thumb/v6-m\libc_nano.a(lib_a-ctype_.o)
                0x000000000801011d                _ctype_
                0x0000000008010220                . = ALIGN (0x4)
 *fill*         0x000000000801021e        0x2 

.ARM.extab      0x0000000008010220        0x0
                0x0000000008010220                . = ALIGN (0x4)
 *(.ARM.extab* .gnu.linkonce.armextab.*)
                0x0000000008010220                . = ALIGN (0x4)

.ARM            0x0000000008010220        0x8
                0x0000000008010220                . = ALIGN (0x4)
                0x0000000008010220                __exidx_start = .
 *(.ARM.exidx*)
 .ARM.exidx     0x0000000008010220        0x8 c:/st/stm32cubeide_1.5.1/stm32cubeide/plugins/com.st.stm32cube.ide.mcu.externaltools.gnu-tools-for-stm32.7-2018-q2-update.win32_1.5.0.202011040924/tools/bin/../lib/gcc/arm-none-eabi/7.3.1/thumb/v6-m\libgcc.a(_udivmoddi4.o)
                0x0000000008010228                __exidx_end = .
                0x0000000008010228                . = ALIGN (0x4)

.rel.dyn        0x0000000008010228        0x0
 .rel.iplt      0x0000000008010228        0x0 c:/st/stm32cubeide_1.5.1/stm32cubeide/plugins/com.st.stm32cube.ide.mcu.externaltools.gnu-tools-for-stm32.7-2018-q2-update.win32_1.5.0.202011040924/tools/bin/../lib/gcc/arm-none-eabi/7.3.1/thumb/v6-m/crtbegin.o

.preinit_array  0x0000000008010228        0x0
                0x0000000008010228                . = ALIGN (0x4)
                0x0000000008010228                PROVIDE (__preinit_array_start = .)
 *(.preinit_array*)
                0x0000000008010228                PROVIDE (__preinit_array_end = .)
                0x0000000008010228                . = ALIGN (0x4)

.init_array     0x0000000008010228       0x10
                0x0000000008010228                . = ALIGN (0x4)
                0x0000000008010228                PROVIDE (__init_array_start = .)
 *(SORT_BY_NAME(.init_array.*))
 *(.init_array*)
 .init_array    0x0000000008010228        0x4 c:/st/stm32cubeide_1.5.1/stm32cubeide/plugins/com.st.stm32cube.ide.mcu.externaltools.gnu-tools-for-stm32.7-2018-q2-update.win32_1.5.0.202011040924/tools/bin/../lib/gcc/arm-none-eabi/7.3.1/thumb/v6-m/crtbegin.o
 .init_array    0x000000000801022c        0x4 Core/Src/main.o
 .init_array    0x0000000008010230        0x4 Watec_Apps/lrwan/lrwan.o
 .init_array    0x0000000008010234        0x4 Watec_Apps/sim7x00/sim7x00.o
                0x0000000008010238                PROVIDE (__init_array_end = .)
                0x0000000008010238                . = ALIGN (0x4)

.fini_array     0x0000000008010238        0x4
                0x0000000008010238                . = ALIGN (0x4)
                [!provide]                        PROVIDE (__fini_array_start = .)
 *(SORT_BY_NAME(.fini_array.*))
 *(.fini_array*)
 .fini_array    0x0000000008010238        0x4 c:/st/stm32cubeide_1.5.1/stm32cubeide/plugins/com.st.stm32cube.ide.mcu.externaltools.gnu-tools-for-stm32.7-2018-q2-update.win32_1.5.0.202011040924/tools/bin/../lib/gcc/arm-none-eabi/7.3.1/thumb/v6-m/crtbegin.o
                [!provide]                        PROVIDE (__fini_array_end = .)
                0x000000000801023c                . = ALIGN (0x4)
                0x000000000801023c                _sidata = LOADADDR (.data)

.data           0x0000000020000000      0x214 load address 0x000000000801023c
                0x0000000020000000                . = ALIGN (0x4)
                0x0000000020000000                _sdata = .
 *(.data)
 *(.data*)
 .data.SystemCoreClock
                0x0000000020000000        0x4 Core/Src/system_stm32l0xx.o
                0x0000000020000000                SystemCoreClock
 .data.uwTickPrio
                0x0000000020000004        0x4 Drivers/STM32L0xx_HAL_Driver/Src/stm32l0xx_hal.o
                0x0000000020000004                uwTickPrio
 .data.uwTickFreq
                0x0000000020000008        0x1 Drivers/STM32L0xx_HAL_Driver/Src/stm32l0xx_hal.o
                0x0000000020000008                uwTickFreq
 *fill*         0x0000000020000009        0x3 
 .data.phoneNumbersAllowed
                0x000000002000000c       0x18 Watec_Apps/sim7x00/sim7x00.o
                0x000000002000000c                phoneNumbersAllowed
 .data.warningCodesAllowed
                0x0000000020000024       0x14 Watec_Apps/sim7x00/sim7x00.o
                0x0000000020000024                warningCodesAllowed
 .data.stopWarningCodesAllowed
                0x0000000020000038        0x4 Watec_Apps/sim7x00/sim7x00.o
                0x0000000020000038                stopWarningCodesAllowed
 .data.Font_5x7
                0x000000002000003c        0x8 Watec_Apps/ssd1306_oled/fonts.o
                0x000000002000003c                Font_5x7
 .data._impure_ptr
                0x0000000020000044        0x4 c:/st/stm32cubeide_1.5.1/stm32cubeide/plugins/com.st.stm32cube.ide.mcu.externaltools.gnu-tools-for-stm32.7-2018-q2-update.win32_1.5.0.202011040924/tools/bin/../lib/gcc/arm-none-eabi/7.3.1/../../../../arm-none-eabi/lib/thumb/v6-m\libc_nano.a(lib_a-impure.o)
                0x0000000020000044                _impure_ptr
 .data.impure_data
                0x0000000020000048       0x60 c:/st/stm32cubeide_1.5.1/stm32cubeide/plugins/com.st.stm32cube.ide.mcu.externaltools.gnu-tools-for-stm32.7-2018-q2-update.win32_1.5.0.202011040924/tools/bin/../lib/gcc/arm-none-eabi/7.3.1/../../../../arm-none-eabi/lib/thumb/v6-m\libc_nano.a(lib_a-impure.o)
 .data.__global_locale
                0x00000000200000a8      0x16c c:/st/stm32cubeide_1.5.1/stm32cubeide/plugins/com.st.stm32cube.ide.mcu.externaltools.gnu-tools-for-stm32.7-2018-q2-update.win32_1.5.0.202011040924/tools/bin/../lib/gcc/arm-none-eabi/7.3.1/../../../../arm-none-eabi/lib/thumb/v6-m\libc_nano.a(lib_a-locale.o)
                0x00000000200000a8                __global_locale
 *(.RamFunc)
 *(.RamFunc*)